parseExpressionAsType {Statement} "x = [1..10]" {
  parseExpressionAsPattern ["print" {printable}] "x = [1..10]" {
  } -> There do not exist any possible matches of "x = [1..10]" on pattern ["print" {printable}]!
  parseExpressionAsPattern [{varName} "=" {Object}] "x = [1..10]" {
    parseExpressionAsType {varName} "x" {
      parseExpressionAsPattern [[aAbBcCdDeEfFgGhHiIjJkKlLmMnNoOpPqQrRsStTuUvVwWxXyYzZ_]+] "x" {
        parseExpressionAsMetatype [aAbBcCdDeEfFgGhHiIjJkKlLmMnNoOpPqQrRsStTuUvVwWxXyYzZ_]+ "x" {
          parseExpressionAsPattern [[aAbBcCdDeEfFgGhHiIjJkKlLmMnNoOpPqQrRsStTuUvVwWxXyYzZ_][aAbBcCdDeEfFgGhHiIjJkKlLmMnNoOpPqQrRsStTuUvVwWxXyYzZ_]*] "x" {
            parseExpressionAsMetatype [aAbBcCdDeEfFgGhHiIjJkKlLmMnNoOpPqQrRsStTuUvVwWxXyYzZ_] "x" {
            } -> Parsed
            parseExpressionAsMetatype [aAbBcCdDeEfFgGhHiIjJkKlLmMnNoOpPqQrRsStTuUvVwWxXyYzZ_]* "" {
            } -> Parsed
          } -> Parsed
        } -> Parsed
      } -> Parsed
    } -> Parsed
    parseExpressionAsMetatype   " " {
      parseExpressionAsPattern [{space} ] " " {
        parseExpressionAsType {space} " " {
          parseExpressionAsPattern [" "] " " {
          } -> Parsed
        } -> Parsed
        parseExpressionAsMetatype   "" {
        } -> Parsed
      } -> Parsed
    } -> Parsed
    parseExpressionAsMetatype   " " {
      parseExpressionAsPattern [{space} ] " " {
        parseExpressionAsType {space} " " {
          parseExpressionAsPattern [" "] " " {
          } -> Parsed
        } -> Parsed
        parseExpressionAsMetatype   "" {
        } -> Parsed
      } -> Parsed
    } -> Parsed
    parseExpressionAsType {Object} "[1..10]" {
      parseExpressionAsPattern [({Integer} | {Number} | {String} | {Boolean} | {Tuple} | {DiscreteRange} | {List} | {Iterable} | {Dictionary})] "[1..10]" {
        parseExpressionAsMetatype ({Integer} | {Number} | {String} | {Boolean} | {Tuple} | {DiscreteRange} | {List} | {Iterable} | {Dictionary}) "[1..10]" {
          parseExpressionAsPattern [{Integer}] "[1..10]" {
            parseExpressionAsType {Integer} "[1..10]" {
              parseExpressionAsPattern ["round" {Number}] "[1..10]" {
              } -> There do not exist any possible matches of "[1..10]" on pattern ["round" {Number}]!
              parseExpressionAsPattern [{Iterable} "." "length"] "[1..10]" {
              } -> There do not exist any possible matches of "[1..10]" on pattern [{Iterable} "." "length"]!
              parseExpressionAsPattern [{Integer} "+" {Integer}] "[1..10]" {
              } -> There do not exist any possible matches of "[1..10]" on pattern [{Integer} "+" {Integer}]!
              parseExpressionAsPattern [{Integer} "-" {Integer}] "[1..10]" {
              } -> There do not exist any possible matches of "[1..10]" on pattern [{Integer} "-" {Integer}]!
              parseExpressionAsPattern [{Integer} "*" {Integer}] "[1..10]" {
              } -> There do not exist any possible matches of "[1..10]" on pattern [{Integer} "*" {Integer}]!
              parseExpressionAsPattern [{Integer} "/" {Integer}] "[1..10]" {
              } -> There do not exist any possible matches of "[1..10]" on pattern [{Integer} "/" {Integer}]!
              parseExpressionAsPattern [{Integer} "^" {Integer}] "[1..10]" {
              } -> There do not exist any possible matches of "[1..10]" on pattern [{Integer} "^" {Integer}]!
              parseExpressionAsPattern ["-" {Integer}] "[1..10]" {
              } -> There do not exist any possible matches of "[1..10]" on pattern ["-" {Integer}]!
              parseExpressionAsPattern [{digit}+] "[1..10]" {
              } -> There do not exist any possible matches of "[1..10]" on pattern [{digit}+]!
              parseExpressionAsPattern ["(" {Integer} ")"] "[1..10]" {
              } -> There do not exist any possible matches of "[1..10]" on pattern ["(" {Integer} ")"]!
              parseExpressionAsPattern [{Dictionary<Integer>} "." {varName}] "[1..10]" {
              } -> There do not exist any possible matches of "[1..10]" on pattern [{Dictionary<Integer>} "." {varName}]!
              parseExpressionAsPattern [{Dictionary<Integer>} "[" ({String} | {Number}) "]"] "[1..10]" {
              } -> There do not exist any possible matches of "[1..10]" on pattern [{Dictionary<Integer>} "[" ({String} | {Number}) "]"]!
              parseExpressionAsPattern [{Iterable<Integer>} "[" {Integer} "]"] "[1..10]" {
              } -> There do not exist any possible matches of "[1..10]" on pattern [{Iterable<Integer>} "[" {Integer} "]"]!
            } -> "[1..10]" did not match any pattern of type: Integer!
          } -> All possible matches of "[1..10]" on pattern [{Integer}] failed.
          parseExpressionAsPattern [{Number}] "[1..10]" {
            parseExpressionAsType {Number} "[1..10]" {
              parseExpressionAsPattern [{Integer}] "[1..10]" {
                parseExpressionAsType {Integer} "[1..10]" {
                  parseExpressionAsPattern ["round" {Number}] "[1..10]" {
                  } -> There do not exist any possible matches of "[1..10]" on pattern ["round" {Number}]!
                  parseExpressionAsPattern [{Iterable} "." "length"] "[1..10]" {
                  } -> There do not exist any possible matches of "[1..10]" on pattern [{Iterable} "." "length"]!
                  parseExpressionAsPattern [{Integer} "+" {Integer}] "[1..10]" {
                  } -> There do not exist any possible matches of "[1..10]" on pattern [{Integer} "+" {Integer}]!
                  parseExpressionAsPattern [{Integer} "-" {Integer}] "[1..10]" {
                  } -> There do not exist any possible matches of "[1..10]" on pattern [{Integer} "-" {Integer}]!
                  parseExpressionAsPattern [{Integer} "*" {Integer}] "[1..10]" {
                  } -> There do not exist any possible matches of "[1..10]" on pattern [{Integer} "*" {Integer}]!
                  parseExpressionAsPattern [{Integer} "/" {Integer}] "[1..10]" {
                  } -> There do not exist any possible matches of "[1..10]" on pattern [{Integer} "/" {Integer}]!
                  parseExpressionAsPattern [{Integer} "^" {Integer}] "[1..10]" {
                  } -> There do not exist any possible matches of "[1..10]" on pattern [{Integer} "^" {Integer}]!
                  parseExpressionAsPattern ["-" {Integer}] "[1..10]" {
                  } -> There do not exist any possible matches of "[1..10]" on pattern ["-" {Integer}]!
                  parseExpressionAsPattern [{digit}+] "[1..10]" {
                  } -> There do not exist any possible matches of "[1..10]" on pattern [{digit}+]!
                  parseExpressionAsPattern ["(" {Integer} ")"] "[1..10]" {
                  } -> There do not exist any possible matches of "[1..10]" on pattern ["(" {Integer} ")"]!
                  parseExpressionAsPattern [{Dictionary<Integer>} "." {varName}] "[1..10]" {
                  } -> There do not exist any possible matches of "[1..10]" on pattern [{Dictionary<Integer>} "." {varName}]!
                  parseExpressionAsPattern [{Dictionary<Integer>} "[" ({String} | {Number}) "]"] "[1..10]" {
                  } -> There do not exist any possible matches of "[1..10]" on pattern [{Dictionary<Integer>} "[" ({String} | {Number}) "]"]!
                  parseExpressionAsPattern [{Iterable<Integer>} "[" {Integer} "]"] "[1..10]" {
                  } -> There do not exist any possible matches of "[1..10]" on pattern [{Iterable<Integer>} "[" {Integer} "]"]!
                } -> "[1..10]" did not match any pattern of type: Integer!
              } -> All possible matches of "[1..10]" on pattern [{Integer}] failed.
              parseExpressionAsPattern [{Number} "+" {Number}] "[1..10]" {
              } -> There do not exist any possible matches of "[1..10]" on pattern [{Number} "+" {Number}]!
              parseExpressionAsPattern [{Number} "-" {Number}] "[1..10]" {
              } -> There do not exist any possible matches of "[1..10]" on pattern [{Number} "-" {Number}]!
              parseExpressionAsPattern [{Number} "*" {Number}] "[1..10]" {
              } -> There do not exist any possible matches of "[1..10]" on pattern [{Number} "*" {Number}]!
              parseExpressionAsPattern [{Number} "/" {Number}] "[1..10]" {
              } -> There do not exist any possible matches of "[1..10]" on pattern [{Number} "/" {Number}]!
              parseExpressionAsPattern [{Number} "^" {Number}] "[1..10]" {
              } -> There do not exist any possible matches of "[1..10]" on pattern [{Number} "^" {Number}]!
              parseExpressionAsPattern ["-" {Number}] "[1..10]" {
              } -> There do not exist any possible matches of "[1..10]" on pattern ["-" {Number}]!
              parseExpressionAsPattern [{numlit}] "[1..10]" {
              } -> There do not exist any possible matches of "[1..10]" on pattern [{numlit}]!
              parseExpressionAsPattern ["rand" {Tuple}] "[1..10]" {
              } -> There do not exist any possible matches of "[1..10]" on pattern ["rand" {Tuple}]!
              parseExpressionAsPattern ["(" {Number} ")"] "[1..10]" {
              } -> There do not exist any possible matches of "[1..10]" on pattern ["(" {Number} ")"]!
              parseExpressionAsPattern [{Dictionary<Number>} "." {varName}] "[1..10]" {
              } -> There do not exist any possible matches of "[1..10]" on pattern [{Dictionary<Number>} "." {varName}]!
              parseExpressionAsPattern [{Dictionary<Number>} "[" ({String} | {Number}) "]"] "[1..10]" {
              } -> There do not exist any possible matches of "[1..10]" on pattern [{Dictionary<Number>} "[" ({String} | {Number}) "]"]!
              parseExpressionAsPattern [{Iterable<Number>} "[" {Integer} "]"] "[1..10]" {
              } -> There do not exist any possible matches of "[1..10]" on pattern [{Iterable<Number>} "[" {Integer} "]"]!
            } -> "[1..10]" did not match any pattern of type: Number!
          } -> All possible matches of "[1..10]" on pattern [{Number}] failed.
          parseExpressionAsPattern [{String}] "[1..10]" {
            parseExpressionAsType {String} "[1..10]" {
              parseExpressionAsPattern ["""[NOT "]*"""] "[1..10]" {
              } -> There do not exist any possible matches of "[1..10]" on pattern ["""[NOT "]*"""]!
              parseExpressionAsPattern ["'"[NOT ']*"'"] "[1..10]" {
              } -> There do not exist any possible matches of "[1..10]" on pattern ["'"[NOT ']*"'"]!
              parseExpressionAsPattern [{stringlike} "++" {stringlike}] "[1..10]" {
              } -> There do not exist any possible matches of "[1..10]" on pattern [{stringlike} "++" {stringlike}]!
              parseExpressionAsPattern [{stringlike} "**" {Integer}] "[1..10]" {
              } -> There do not exist any possible matches of "[1..10]" on pattern [{stringlike} "**" {Integer}]!
              parseExpressionAsPattern ["(" {String} ")"] "[1..10]" {
              } -> There do not exist any possible matches of "[1..10]" on pattern ["(" {String} ")"]!
              parseExpressionAsPattern [{Dictionary<String>} "." {varName}] "[1..10]" {
              } -> There do not exist any possible matches of "[1..10]" on pattern [{Dictionary<String>} "." {varName}]!
              parseExpressionAsPattern [{Dictionary<String>} "[" ({String} | {Number}) "]"] "[1..10]" {
              } -> There do not exist any possible matches of "[1..10]" on pattern [{Dictionary<String>} "[" ({String} | {Number}) "]"]!
              parseExpressionAsPattern [{Iterable<String>} "[" {Integer} "]"] "[1..10]" {
              } -> There do not exist any possible matches of "[1..10]" on pattern [{Iterable<String>} "[" {Integer} "]"]!
            } -> "[1..10]" did not match any pattern of type: String!
          } -> All possible matches of "[1..10]" on pattern [{String}] failed.
          parseExpressionAsPattern [{Boolean}] "[1..10]" {
            parseExpressionAsType {Boolean} "[1..10]" {
              parseExpressionAsPattern [{Boolean} "or" {Boolean}] "[1..10]" {
              } -> There do not exist any possible matches of "[1..10]" on pattern [{Boolean} "or" {Boolean}]!
              parseExpressionAsPattern [{Boolean} "and" {Boolean}] "[1..10]" {
              } -> There do not exist any possible matches of "[1..10]" on pattern [{Boolean} "and" {Boolean}]!
              parseExpressionAsPattern [{Boolean} "xor" {Boolean}] "[1..10]" {
              } -> There do not exist any possible matches of "[1..10]" on pattern [{Boolean} "xor" {Boolean}]!
              parseExpressionAsPattern ["not" {Boolean}] "[1..10]" {
              } -> There do not exist any possible matches of "[1..10]" on pattern ["not" {Boolean}]!
              parseExpressionAsPattern [{Number} "<" {Number}] "[1..10]" {
              } -> There do not exist any possible matches of "[1..10]" on pattern [{Number} "<" {Number}]!
              parseExpressionAsPattern [{Number} "<=" {Number}] "[1..10]" {
              } -> There do not exist any possible matches of "[1..10]" on pattern [{Number} "<=" {Number}]!
              parseExpressionAsPattern [{Number} ">" {Number}] "[1..10]" {
              } -> There do not exist any possible matches of "[1..10]" on pattern [{Number} ">" {Number}]!
              parseExpressionAsPattern [{Number} ">=" {Number}] "[1..10]" {
              } -> There do not exist any possible matches of "[1..10]" on pattern [{Number} ">=" {Number}]!
              parseExpressionAsPattern [{Object} "==" {Object}] "[1..10]" {
              } -> There do not exist any possible matches of "[1..10]" on pattern [{Object} "==" {Object}]!
              parseExpressionAsPattern [{Object} "in" {Iterable}] "[1..10]" {
              } -> There do not exist any possible matches of "[1..10]" on pattern [{Object} "in" {Iterable}]!
              parseExpressionAsPattern [{boollit}] "[1..10]" {
              } -> There do not exist any possible matches of "[1..10]" on pattern [{boollit}]!
              parseExpressionAsPattern ["(" {Boolean} ")"] "[1..10]" {
              } -> There do not exist any possible matches of "[1..10]" on pattern ["(" {Boolean} ")"]!
              parseExpressionAsPattern [{Dictionary<Boolean>} "." {varName}] "[1..10]" {
              } -> There do not exist any possible matches of "[1..10]" on pattern [{Dictionary<Boolean>} "." {varName}]!
              parseExpressionAsPattern [{Dictionary<Boolean>} "[" ({String} | {Number}) "]"] "[1..10]" {
              } -> There do not exist any possible matches of "[1..10]" on pattern [{Dictionary<Boolean>} "[" ({String} | {Number}) "]"]!
              parseExpressionAsPattern [{Iterable<Boolean>} "[" {Integer} "]"] "[1..10]" {
              } -> There do not exist any possible matches of "[1..10]" on pattern [{Iterable<Boolean>} "[" {Integer} "]"]!
            } -> "[1..10]" did not match any pattern of type: Boolean!
          } -> All possible matches of "[1..10]" on pattern [{Boolean}] failed.
          parseExpressionAsPattern [{Tuple}] "[1..10]" {
            parseExpressionAsType {Tuple} "[1..10]" {
              parseExpressionAsPattern ["(" ")"] "[1..10]" {
              } -> There do not exist any possible matches of "[1..10]" on pattern ["(" ")"]!
              parseExpressionAsPattern ["(" {Tuple} ")"] "[1..10]" {
              } -> There do not exist any possible matches of "[1..10]" on pattern ["(" {Tuple} ")"]!
              parseExpressionAsPattern [{Dictionary<Tuple>} "." {varName}] "[1..10]" {
              } -> There do not exist any possible matches of "[1..10]" on pattern [{Dictionary<Tuple>} "." {varName}]!
              parseExpressionAsPattern [{Dictionary<Tuple>} "[" ({String} | {Number}) "]"] "[1..10]" {
              } -> There do not exist any possible matches of "[1..10]" on pattern [{Dictionary<Tuple>} "[" ({String} | {Number}) "]"]!
              parseExpressionAsPattern [{Iterable<Tuple>} "[" {Integer} "]"] "[1..10]" {
              } -> There do not exist any possible matches of "[1..10]" on pattern [{Iterable<Tuple>} "[" {Integer} "]"]!
            } -> "[1..10]" did not match any pattern of type: Tuple!
          } -> All possible matches of "[1..10]" on pattern [{Tuple}] failed.
          parseExpressionAsPattern [{DiscreteRange}] "[1..10]" {
            parseExpressionAsType {DiscreteRange} "[1..10]" {
              parseExpressionAsPattern ["[" {Number} ".." "]"] "[1..10]" {
              } -> There do not exist any possible matches of "[1..10]" on pattern ["[" {Number} ".." "]"]!
              parseExpressionAsPattern ["[" {Number} ".." {Number} "]"] "[1..10]" {
                parseExpressionAsMetatype   "" {
                } -> Parsed
                parseExpressionAsType {Number} "1" {
                  parseExpressionAsPattern [{Integer}] "1" {
                    parseExpressionAsType {Integer} "1" {
                      parseExpressionAsPattern ["round" {Number}] "1" {
                      } -> There do not exist any possible matches of "1" on pattern ["round" {Number}]!
                      parseExpressionAsPattern [{Iterable} "." "length"] "1" {
                      } -> There do not exist any possible matches of "1" on pattern [{Iterable} "." "length"]!
                      parseExpressionAsPattern [{Integer} "+" {Integer}] "1" {
                      } -> There do not exist any possible matches of "1" on pattern [{Integer} "+" {Integer}]!
                      parseExpressionAsPattern [{Integer} "-" {Integer}] "1" {
                      } -> There do not exist any possible matches of "1" on pattern [{Integer} "-" {Integer}]!
                      parseExpressionAsPattern [{Integer} "*" {Integer}] "1" {
                      } -> There do not exist any possible matches of "1" on pattern [{Integer} "*" {Integer}]!
                      parseExpressionAsPattern [{Integer} "/" {Integer}] "1" {
                      } -> There do not exist any possible matches of "1" on pattern [{Integer} "/" {Integer}]!
                      parseExpressionAsPattern [{Integer} "^" {Integer}] "1" {
                      } -> There do not exist any possible matches of "1" on pattern [{Integer} "^" {Integer}]!
                      parseExpressionAsPattern ["-" {Integer}] "1" {
                      } -> There do not exist any possible matches of "1" on pattern ["-" {Integer}]!
                      parseExpressionAsPattern [{digit}+] "1" {
                        parseExpressionAsMetatype {digit}+ "1" {
                          parseExpressionAsPattern [{digit}{digit}*] "1" {
                            parseExpressionAsType {digit} "1" {
                              parseExpressionAsPattern [[0123456789]] "1" {
                                parseExpressionAsMetatype [0123456789] "1" {
                                } -> Parsed
                              } -> Parsed
                            } -> Parsed
                            parseExpressionAsMetatype {digit}* "" {
                            } -> Parsed
                          } -> Parsed
                        } -> Parsed
                      } -> Parsed
                    } -> Parsed
                  } -> Parsed
                } -> Parsed
                parseExpressionAsMetatype   "" {
                } -> Parsed
                parseExpressionAsMetatype   "" {
                } -> Parsed
                parseExpressionAsType {Number} "10" {
                  parseExpressionAsPattern [{Integer}] "10" {
                    parseExpressionAsType {Integer} "10" {
                      parseExpressionAsPattern ["round" {Number}] "10" {
                      } -> There do not exist any possible matches of "10" on pattern ["round" {Number}]!
                      parseExpressionAsPattern [{Iterable} "." "length"] "10" {
                      } -> There do not exist any possible matches of "10" on pattern [{Iterable} "." "length"]!
                      parseExpressionAsPattern [{Integer} "+" {Integer}] "10" {
                      } -> There do not exist any possible matches of "10" on pattern [{Integer} "+" {Integer}]!
                      parseExpressionAsPattern [{Integer} "-" {Integer}] "10" {
                      } -> There do not exist any possible matches of "10" on pattern [{Integer} "-" {Integer}]!
                      parseExpressionAsPattern [{Integer} "*" {Integer}] "10" {
                      } -> There do not exist any possible matches of "10" on pattern [{Integer} "*" {Integer}]!
                      parseExpressionAsPattern [{Integer} "/" {Integer}] "10" {
                      } -> There do not exist any possible matches of "10" on pattern [{Integer} "/" {Integer}]!
                      parseExpressionAsPattern [{Integer} "^" {Integer}] "10" {
                      } -> There do not exist any possible matches of "10" on pattern [{Integer} "^" {Integer}]!
                      parseExpressionAsPattern ["-" {Integer}] "10" {
                      } -> There do not exist any possible matches of "10" on pattern ["-" {Integer}]!
                      parseExpressionAsPattern [{digit}+] "10" {
                        parseExpressionAsMetatype {digit}+ "10" {
                          parseExpressionAsPattern [{digit}{digit}*] "10" {
                            parseExpressionAsType {digit} "1" {
                              parseExpressionAsPattern [[0123456789]] "1" {
                                parseExpressionAsMetatype [0123456789] "1" {
                                } -> Parsed
                              } -> Parsed
                            } -> Parsed
                            parseExpressionAsMetatype {digit}* "0" {
                              parseExpressionAsPattern [{digit}{digit}*] "0" {
                                parseExpressionAsType {digit} "0" {
                                  parseExpressionAsPattern [[0123456789]] "0" {
                                    parseExpressionAsMetatype [0123456789] "0" {
                                    } -> Parsed
                                  } -> Parsed
                                } -> Parsed
                                parseExpressionAsMetatype {digit}* "" {
                                } -> Parsed
                              } -> Parsed
                            } -> Parsed
                          } -> Parsed
                        } -> Parsed
                      } -> Parsed
                    } -> Parsed
                  } -> Parsed
                } -> Parsed
                parseExpressionAsMetatype   "" {
                } -> Parsed
              } -> Parsed
            } -> Parsed
          } -> Parsed
        } -> Parsed
      } -> Parsed
    } -> Parsed
  } -> Parsed
} -> Parsed
parseExpressionAsType {Statement} "print x" {
  parseExpressionAsPattern ["print" {printable}] "print x" {
    parseExpressionAsMetatype   " " {
      parseExpressionAsPattern [{space} ] " " {
        parseExpressionAsType {space} " " {
          parseExpressionAsPattern [" "] " " {
          } -> Parsed
        } -> Parsed
        parseExpressionAsMetatype   "" {
        } -> Parsed
      } -> Parsed
    } -> Parsed
    parseExpressionAsType {printable} "x" {
      parseExpressionAsPattern [({Iterable<printable>} | {stringlike})] "x" {
        parseExpressionAsMetatype ({Iterable<printable>} | {stringlike}) "x" {
          parseExpressionAsPattern [{Iterable<printable>}] "x" {
            parseExpressionAsType {Iterable<printable>} "x" {
              parseExpressionAsPattern [{DiscreteRange}] "x" {
                parseExpressionAsType {DiscreteRange} "x" {
                  parseExpressionAsPattern ["[" {Number} ".." "]"] "x" {
                  } -> There do not exist any possible matches of "x" on pattern ["[" {Number} ".." "]"]!
                  parseExpressionAsPattern ["[" {Number} ".." {Number} "]"] "x" {
                  } -> There do not exist any possible matches of "x" on pattern ["[" {Number} ".." {Number} "]"]!
                  parseExpressionAsPattern ["[" {Number} ".." {Number} ".." "]"] "x" {
                  } -> There do not exist any possible matches of "x" on pattern ["[" {Number} ".." {Number} ".." "]"]!
                  parseExpressionAsPattern ["[" {Number} ".." {Number} ".." {Number} "]"] "x" {
                  } -> There do not exist any possible matches of "x" on pattern ["[" {Number} ".." {Number} ".." {Number} "]"]!
                  parseExpressionAsPattern ["x"] "x" {
                  } -> Parsed
                } -> Parsed
              } -> Parsed
            } -> Parsed
          } -> Parsed
        } -> Parsed
      } -> Parsed
    } -> Parsed
  } -> Parsed
} -> Parsed
Evaluating discrete range { start: 1, step: 1, end: 10 }
Creating iterator from discrete range { start: 1, step: 1, end: 10 }
[ 1, 2, 3, 4, 5, 6, 7, 8, 9 ]
parseExpressionAsType {Statement} "x = [0..5] ++ [0..10]" {
  parseExpressionAsPattern ["print" {printable}] "x = [0..5] ++ [0..10]" {
  } -> There do not exist any possible matches of "x = [0..5] ++ [0..10]" on pattern ["print" {printable}]!
  parseExpressionAsPattern [{varName} "=" {Object}] "x = [0..5] ++ [0..10]" {
    parseExpressionAsType {varName} "x" {
      parseExpressionAsPattern [[aAbBcCdDeEfFgGhHiIjJkKlLmMnNoOpPqQrRsStTuUvVwWxXyYzZ_]+] "x" {
        parseExpressionAsMetatype [aAbBcCdDeEfFgGhHiIjJkKlLmMnNoOpPqQrRsStTuUvVwWxXyYzZ_]+ "x" {
          parseExpressionAsPattern [[aAbBcCdDeEfFgGhHiIjJkKlLmMnNoOpPqQrRsStTuUvVwWxXyYzZ_][aAbBcCdDeEfFgGhHiIjJkKlLmMnNoOpPqQrRsStTuUvVwWxXyYzZ_]*] "x" {
            parseExpressionAsMetatype [aAbBcCdDeEfFgGhHiIjJkKlLmMnNoOpPqQrRsStTuUvVwWxXyYzZ_] "x" {
            } -> Parsed
            parseExpressionAsMetatype [aAbBcCdDeEfFgGhHiIjJkKlLmMnNoOpPqQrRsStTuUvVwWxXyYzZ_]* "" {
            } -> Parsed
          } -> Parsed
        } -> Parsed
      } -> Parsed
    } -> Parsed
    parseExpressionAsMetatype   " " {
      parseExpressionAsPattern [{space} ] " " {
        parseExpressionAsType {space} " " {
          parseExpressionAsPattern [" "] " " {
          } -> Parsed
        } -> Parsed
        parseExpressionAsMetatype   "" {
        } -> Parsed
      } -> Parsed
    } -> Parsed
    parseExpressionAsMetatype   " " {
      parseExpressionAsPattern [{space} ] " " {
        parseExpressionAsType {space} " " {
          parseExpressionAsPattern [" "] " " {
          } -> Parsed
        } -> Parsed
        parseExpressionAsMetatype   "" {
        } -> Parsed
      } -> Parsed
    } -> Parsed
    parseExpressionAsType {Object} "[0..5] ++ [0..10]" {
      parseExpressionAsPattern [({Integer} | {Number} | {String} | {Boolean} | {Tuple} | {DiscreteRange} | {List} | {Iterable} | {Dictionary})] "[0..5] ++ [0..10]" {
        parseExpressionAsMetatype ({Integer} | {Number} | {String} | {Boolean} | {Tuple} | {DiscreteRange} | {List} | {Iterable} | {Dictionary}) "[0..5] ++ [0..10]" {
          parseExpressionAsPattern [{Integer}] "[0..5] ++ [0..10]" {
            parseExpressionAsType {Integer} "[0..5] ++ [0..10]" {
              parseExpressionAsPattern ["round" {Number}] "[0..5] ++ [0..10]" {
              } -> There do not exist any possible matches of "[0..5] ++ [0..10]" on pattern ["round" {Number}]!
              parseExpressionAsPattern [{Iterable} "." "length"] "[0..5] ++ [0..10]" {
              } -> There do not exist any possible matches of "[0..5] ++ [0..10]" on pattern [{Iterable} "." "length"]!
              parseExpressionAsPattern [{Integer} "+" {Integer}] "[0..5] ++ [0..10]" {
              } -> There do not exist any possible matches of "[0..5] ++ [0..10]" on pattern [{Integer} "+" {Integer}]!
              parseExpressionAsPattern [{Integer} "-" {Integer}] "[0..5] ++ [0..10]" {
              } -> There do not exist any possible matches of "[0..5] ++ [0..10]" on pattern [{Integer} "-" {Integer}]!
              parseExpressionAsPattern [{Integer} "*" {Integer}] "[0..5] ++ [0..10]" {
              } -> There do not exist any possible matches of "[0..5] ++ [0..10]" on pattern [{Integer} "*" {Integer}]!
              parseExpressionAsPattern [{Integer} "/" {Integer}] "[0..5] ++ [0..10]" {
              } -> There do not exist any possible matches of "[0..5] ++ [0..10]" on pattern [{Integer} "/" {Integer}]!
              parseExpressionAsPattern [{Integer} "^" {Integer}] "[0..5] ++ [0..10]" {
              } -> There do not exist any possible matches of "[0..5] ++ [0..10]" on pattern [{Integer} "^" {Integer}]!
              parseExpressionAsPattern ["-" {Integer}] "[0..5] ++ [0..10]" {
              } -> There do not exist any possible matches of "[0..5] ++ [0..10]" on pattern ["-" {Integer}]!
              parseExpressionAsPattern [{digit}+] "[0..5] ++ [0..10]" {
              } -> There do not exist any possible matches of "[0..5] ++ [0..10]" on pattern [{digit}+]!
              parseExpressionAsPattern ["(" {Integer} ")"] "[0..5] ++ [0..10]" {
              } -> There do not exist any possible matches of "[0..5] ++ [0..10]" on pattern ["(" {Integer} ")"]!
              parseExpressionAsPattern [{Dictionary<Integer>} "." {varName}] "[0..5] ++ [0..10]" {
              } -> There do not exist any possible matches of "[0..5] ++ [0..10]" on pattern [{Dictionary<Integer>} "." {varName}]!
              parseExpressionAsPattern [{Dictionary<Integer>} "[" ({String} | {Number}) "]"] "[0..5] ++ [0..10]" {
              } -> There do not exist any possible matches of "[0..5] ++ [0..10]" on pattern [{Dictionary<Integer>} "[" ({String} | {Number}) "]"]!
              parseExpressionAsPattern [{Iterable<Integer>} "[" {Integer} "]"] "[0..5] ++ [0..10]" {
              } -> There do not exist any possible matches of "[0..5] ++ [0..10]" on pattern [{Iterable<Integer>} "[" {Integer} "]"]!
            } -> "[0..5] ++ [0..10]" did not match any pattern of type: Integer!
          } -> All possible matches of "[0..5] ++ [0..10]" on pattern [{Integer}] failed.
          parseExpressionAsPattern [{Number}] "[0..5] ++ [0..10]" {
            parseExpressionAsType {Number} "[0..5] ++ [0..10]" {
              parseExpressionAsPattern [{Integer}] "[0..5] ++ [0..10]" {
                parseExpressionAsType {Integer} "[0..5] ++ [0..10]" {
                  parseExpressionAsPattern ["round" {Number}] "[0..5] ++ [0..10]" {
                  } -> There do not exist any possible matches of "[0..5] ++ [0..10]" on pattern ["round" {Number}]!
                  parseExpressionAsPattern [{Iterable} "." "length"] "[0..5] ++ [0..10]" {
                  } -> There do not exist any possible matches of "[0..5] ++ [0..10]" on pattern [{Iterable} "." "length"]!
                  parseExpressionAsPattern [{Integer} "+" {Integer}] "[0..5] ++ [0..10]" {
                  } -> There do not exist any possible matches of "[0..5] ++ [0..10]" on pattern [{Integer} "+" {Integer}]!
                  parseExpressionAsPattern [{Integer} "-" {Integer}] "[0..5] ++ [0..10]" {
                  } -> There do not exist any possible matches of "[0..5] ++ [0..10]" on pattern [{Integer} "-" {Integer}]!
                  parseExpressionAsPattern [{Integer} "*" {Integer}] "[0..5] ++ [0..10]" {
                  } -> There do not exist any possible matches of "[0..5] ++ [0..10]" on pattern [{Integer} "*" {Integer}]!
                  parseExpressionAsPattern [{Integer} "/" {Integer}] "[0..5] ++ [0..10]" {
                  } -> There do not exist any possible matches of "[0..5] ++ [0..10]" on pattern [{Integer} "/" {Integer}]!
                  parseExpressionAsPattern [{Integer} "^" {Integer}] "[0..5] ++ [0..10]" {
                  } -> There do not exist any possible matches of "[0..5] ++ [0..10]" on pattern [{Integer} "^" {Integer}]!
                  parseExpressionAsPattern ["-" {Integer}] "[0..5] ++ [0..10]" {
                  } -> There do not exist any possible matches of "[0..5] ++ [0..10]" on pattern ["-" {Integer}]!
                  parseExpressionAsPattern [{digit}+] "[0..5] ++ [0..10]" {
                  } -> There do not exist any possible matches of "[0..5] ++ [0..10]" on pattern [{digit}+]!
                  parseExpressionAsPattern ["(" {Integer} ")"] "[0..5] ++ [0..10]" {
                  } -> There do not exist any possible matches of "[0..5] ++ [0..10]" on pattern ["(" {Integer} ")"]!
                  parseExpressionAsPattern [{Dictionary<Integer>} "." {varName}] "[0..5] ++ [0..10]" {
                  } -> There do not exist any possible matches of "[0..5] ++ [0..10]" on pattern [{Dictionary<Integer>} "." {varName}]!
                  parseExpressionAsPattern [{Dictionary<Integer>} "[" ({String} | {Number}) "]"] "[0..5] ++ [0..10]" {
                  } -> There do not exist any possible matches of "[0..5] ++ [0..10]" on pattern [{Dictionary<Integer>} "[" ({String} | {Number}) "]"]!
                  parseExpressionAsPattern [{Iterable<Integer>} "[" {Integer} "]"] "[0..5] ++ [0..10]" {
                  } -> There do not exist any possible matches of "[0..5] ++ [0..10]" on pattern [{Iterable<Integer>} "[" {Integer} "]"]!
                } -> "[0..5] ++ [0..10]" did not match any pattern of type: Integer!
              } -> All possible matches of "[0..5] ++ [0..10]" on pattern [{Integer}] failed.
              parseExpressionAsPattern [{Number} "+" {Number}] "[0..5] ++ [0..10]" {
              } -> There do not exist any possible matches of "[0..5] ++ [0..10]" on pattern [{Number} "+" {Number}]!
              parseExpressionAsPattern [{Number} "-" {Number}] "[0..5] ++ [0..10]" {
              } -> There do not exist any possible matches of "[0..5] ++ [0..10]" on pattern [{Number} "-" {Number}]!
              parseExpressionAsPattern [{Number} "*" {Number}] "[0..5] ++ [0..10]" {
              } -> There do not exist any possible matches of "[0..5] ++ [0..10]" on pattern [{Number} "*" {Number}]!
              parseExpressionAsPattern [{Number} "/" {Number}] "[0..5] ++ [0..10]" {
              } -> There do not exist any possible matches of "[0..5] ++ [0..10]" on pattern [{Number} "/" {Number}]!
              parseExpressionAsPattern [{Number} "^" {Number}] "[0..5] ++ [0..10]" {
              } -> There do not exist any possible matches of "[0..5] ++ [0..10]" on pattern [{Number} "^" {Number}]!
              parseExpressionAsPattern ["-" {Number}] "[0..5] ++ [0..10]" {
              } -> There do not exist any possible matches of "[0..5] ++ [0..10]" on pattern ["-" {Number}]!
              parseExpressionAsPattern [{numlit}] "[0..5] ++ [0..10]" {
              } -> There do not exist any possible matches of "[0..5] ++ [0..10]" on pattern [{numlit}]!
              parseExpressionAsPattern ["rand" {Tuple}] "[0..5] ++ [0..10]" {
              } -> There do not exist any possible matches of "[0..5] ++ [0..10]" on pattern ["rand" {Tuple}]!
              parseExpressionAsPattern ["(" {Number} ")"] "[0..5] ++ [0..10]" {
              } -> There do not exist any possible matches of "[0..5] ++ [0..10]" on pattern ["(" {Number} ")"]!
              parseExpressionAsPattern [{Dictionary<Number>} "." {varName}] "[0..5] ++ [0..10]" {
              } -> There do not exist any possible matches of "[0..5] ++ [0..10]" on pattern [{Dictionary<Number>} "." {varName}]!
              parseExpressionAsPattern [{Dictionary<Number>} "[" ({String} | {Number}) "]"] "[0..5] ++ [0..10]" {
              } -> There do not exist any possible matches of "[0..5] ++ [0..10]" on pattern [{Dictionary<Number>} "[" ({String} | {Number}) "]"]!
              parseExpressionAsPattern [{Iterable<Number>} "[" {Integer} "]"] "[0..5] ++ [0..10]" {
              } -> There do not exist any possible matches of "[0..5] ++ [0..10]" on pattern [{Iterable<Number>} "[" {Integer} "]"]!
            } -> "[0..5] ++ [0..10]" did not match any pattern of type: Number!
          } -> All possible matches of "[0..5] ++ [0..10]" on pattern [{Number}] failed.
          parseExpressionAsPattern [{String}] "[0..5] ++ [0..10]" {
            parseExpressionAsType {String} "[0..5] ++ [0..10]" {
              parseExpressionAsPattern ["""[NOT "]*"""] "[0..5] ++ [0..10]" {
              } -> There do not exist any possible matches of "[0..5] ++ [0..10]" on pattern ["""[NOT "]*"""]!
              parseExpressionAsPattern ["'"[NOT ']*"'"] "[0..5] ++ [0..10]" {
              } -> There do not exist any possible matches of "[0..5] ++ [0..10]" on pattern ["'"[NOT ']*"'"]!
              parseExpressionAsPattern [{stringlike} "++" {stringlike}] "[0..5] ++ [0..10]" {
                parseExpressionAsType {stringlike} "[0..5]" {
                  parseExpressionAsPattern [({Number} | {String} | {Boolean})] "[0..5]" {
                    parseExpressionAsMetatype ({Number} | {String} | {Boolean}) "[0..5]" {
                      parseExpressionAsPattern [{Number}] "[0..5]" {
                        parseExpressionAsType {Number} "[0..5]" {
                          parseExpressionAsPattern [{Integer}] "[0..5]" {
                            parseExpressionAsType {Integer} "[0..5]" {
                              parseExpressionAsPattern ["round" {Number}] "[0..5]" {
                              } -> There do not exist any possible matches of "[0..5]" on pattern ["round" {Number}]!
                              parseExpressionAsPattern [{Iterable} "." "length"] "[0..5]" {
                              } -> There do not exist any possible matches of "[0..5]" on pattern [{Iterable} "." "length"]!
                              parseExpressionAsPattern [{Integer} "+" {Integer}] "[0..5]" {
                              } -> There do not exist any possible matches of "[0..5]" on pattern [{Integer} "+" {Integer}]!
                              parseExpressionAsPattern [{Integer} "-" {Integer}] "[0..5]" {
                              } -> There do not exist any possible matches of "[0..5]" on pattern [{Integer} "-" {Integer}]!
                              parseExpressionAsPattern [{Integer} "*" {Integer}] "[0..5]" {
                              } -> There do not exist any possible matches of "[0..5]" on pattern [{Integer} "*" {Integer}]!
                              parseExpressionAsPattern [{Integer} "/" {Integer}] "[0..5]" {
                              } -> There do not exist any possible matches of "[0..5]" on pattern [{Integer} "/" {Integer}]!
                              parseExpressionAsPattern [{Integer} "^" {Integer}] "[0..5]" {
                              } -> There do not exist any possible matches of "[0..5]" on pattern [{Integer} "^" {Integer}]!
                              parseExpressionAsPattern ["-" {Integer}] "[0..5]" {
                              } -> There do not exist any possible matches of "[0..5]" on pattern ["-" {Integer}]!
                              parseExpressionAsPattern [{digit}+] "[0..5]" {
                              } -> There do not exist any possible matches of "[0..5]" on pattern [{digit}+]!
                              parseExpressionAsPattern ["(" {Integer} ")"] "[0..5]" {
                              } -> There do not exist any possible matches of "[0..5]" on pattern ["(" {Integer} ")"]!
                              parseExpressionAsPattern [{Dictionary<Integer>} "." {varName}] "[0..5]" {
                              } -> There do not exist any possible matches of "[0..5]" on pattern [{Dictionary<Integer>} "." {varName}]!
                              parseExpressionAsPattern [{Dictionary<Integer>} "[" ({String} | {Number}) "]"] "[0..5]" {
                              } -> There do not exist any possible matches of "[0..5]" on pattern [{Dictionary<Integer>} "[" ({String} | {Number}) "]"]!
                              parseExpressionAsPattern [{Iterable<Integer>} "[" {Integer} "]"] "[0..5]" {
                              } -> There do not exist any possible matches of "[0..5]" on pattern [{Iterable<Integer>} "[" {Integer} "]"]!
                            } -> "[0..5]" did not match any pattern of type: Integer!
                          } -> All possible matches of "[0..5]" on pattern [{Integer}] failed.
                          parseExpressionAsPattern [{Number} "+" {Number}] "[0..5]" {
                          } -> There do not exist any possible matches of "[0..5]" on pattern [{Number} "+" {Number}]!
                          parseExpressionAsPattern [{Number} "-" {Number}] "[0..5]" {
                          } -> There do not exist any possible matches of "[0..5]" on pattern [{Number} "-" {Number}]!
                          parseExpressionAsPattern [{Number} "*" {Number}] "[0..5]" {
                          } -> There do not exist any possible matches of "[0..5]" on pattern [{Number} "*" {Number}]!
                          parseExpressionAsPattern [{Number} "/" {Number}] "[0..5]" {
                          } -> There do not exist any possible matches of "[0..5]" on pattern [{Number} "/" {Number}]!
                          parseExpressionAsPattern [{Number} "^" {Number}] "[0..5]" {
                          } -> There do not exist any possible matches of "[0..5]" on pattern [{Number} "^" {Number}]!
                          parseExpressionAsPattern ["-" {Number}] "[0..5]" {
                          } -> There do not exist any possible matches of "[0..5]" on pattern ["-" {Number}]!
                          parseExpressionAsPattern [{numlit}] "[0..5]" {
                          } -> There do not exist any possible matches of "[0..5]" on pattern [{numlit}]!
                          parseExpressionAsPattern ["rand" {Tuple}] "[0..5]" {
                          } -> There do not exist any possible matches of "[0..5]" on pattern ["rand" {Tuple}]!
                          parseExpressionAsPattern ["(" {Number} ")"] "[0..5]" {
                          } -> There do not exist any possible matches of "[0..5]" on pattern ["(" {Number} ")"]!
                          parseExpressionAsPattern [{Dictionary<Number>} "." {varName}] "[0..5]" {
                          } -> There do not exist any possible matches of "[0..5]" on pattern [{Dictionary<Number>} "." {varName}]!
                          parseExpressionAsPattern [{Dictionary<Number>} "[" ({String} | {Number}) "]"] "[0..5]" {
                          } -> There do not exist any possible matches of "[0..5]" on pattern [{Dictionary<Number>} "[" ({String} | {Number}) "]"]!
                          parseExpressionAsPattern [{Iterable<Number>} "[" {Integer} "]"] "[0..5]" {
                          } -> There do not exist any possible matches of "[0..5]" on pattern [{Iterable<Number>} "[" {Integer} "]"]!
                        } -> "[0..5]" did not match any pattern of type: Number!
                      } -> All possible matches of "[0..5]" on pattern [{Number}] failed.
                      parseExpressionAsPattern [{String}] "[0..5]" {
                        parseExpressionAsType {String} "[0..5]" {
                          parseExpressionAsPattern ["""[NOT "]*"""] "[0..5]" {
                          } -> There do not exist any possible matches of "[0..5]" on pattern ["""[NOT "]*"""]!
                          parseExpressionAsPattern ["'"[NOT ']*"'"] "[0..5]" {
                          } -> There do not exist any possible matches of "[0..5]" on pattern ["'"[NOT ']*"'"]!
                          parseExpressionAsPattern [{stringlike} "++" {stringlike}] "[0..5]" {
                          } -> There do not exist any possible matches of "[0..5]" on pattern [{stringlike} "++" {stringlike}]!
                          parseExpressionAsPattern [{stringlike} "**" {Integer}] "[0..5]" {
                          } -> There do not exist any possible matches of "[0..5]" on pattern [{stringlike} "**" {Integer}]!
                          parseExpressionAsPattern ["(" {String} ")"] "[0..5]" {
                          } -> There do not exist any possible matches of "[0..5]" on pattern ["(" {String} ")"]!
                          parseExpressionAsPattern [{Dictionary<String>} "." {varName}] "[0..5]" {
                          } -> There do not exist any possible matches of "[0..5]" on pattern [{Dictionary<String>} "." {varName}]!
                          parseExpressionAsPattern [{Dictionary<String>} "[" ({String} | {Number}) "]"] "[0..5]" {
                          } -> There do not exist any possible matches of "[0..5]" on pattern [{Dictionary<String>} "[" ({String} | {Number}) "]"]!
                          parseExpressionAsPattern [{Iterable<String>} "[" {Integer} "]"] "[0..5]" {
                          } -> There do not exist any possible matches of "[0..5]" on pattern [{Iterable<String>} "[" {Integer} "]"]!
                        } -> "[0..5]" did not match any pattern of type: String!
                      } -> All possible matches of "[0..5]" on pattern [{String}] failed.
                      parseExpressionAsPattern [{Boolean}] "[0..5]" {
                        parseExpressionAsType {Boolean} "[0..5]" {
                          parseExpressionAsPattern [{Boolean} "or" {Boolean}] "[0..5]" {
                          } -> There do not exist any possible matches of "[0..5]" on pattern [{Boolean} "or" {Boolean}]!
                          parseExpressionAsPattern [{Boolean} "and" {Boolean}] "[0..5]" {
                          } -> There do not exist any possible matches of "[0..5]" on pattern [{Boolean} "and" {Boolean}]!
                          parseExpressionAsPattern [{Boolean} "xor" {Boolean}] "[0..5]" {
                          } -> There do not exist any possible matches of "[0..5]" on pattern [{Boolean} "xor" {Boolean}]!
                          parseExpressionAsPattern ["not" {Boolean}] "[0..5]" {
                          } -> There do not exist any possible matches of "[0..5]" on pattern ["not" {Boolean}]!
                          parseExpressionAsPattern [{Number} "<" {Number}] "[0..5]" {
                          } -> There do not exist any possible matches of "[0..5]" on pattern [{Number} "<" {Number}]!
                          parseExpressionAsPattern [{Number} "<=" {Number}] "[0..5]" {
                          } -> There do not exist any possible matches of "[0..5]" on pattern [{Number} "<=" {Number}]!
                          parseExpressionAsPattern [{Number} ">" {Number}] "[0..5]" {
                          } -> There do not exist any possible matches of "[0..5]" on pattern [{Number} ">" {Number}]!
                          parseExpressionAsPattern [{Number} ">=" {Number}] "[0..5]" {
                          } -> There do not exist any possible matches of "[0..5]" on pattern [{Number} ">=" {Number}]!
                          parseExpressionAsPattern [{Object} "==" {Object}] "[0..5]" {
                          } -> There do not exist any possible matches of "[0..5]" on pattern [{Object} "==" {Object}]!
                          parseExpressionAsPattern [{Object} "in" {Iterable}] "[0..5]" {
                          } -> There do not exist any possible matches of "[0..5]" on pattern [{Object} "in" {Iterable}]!
                          parseExpressionAsPattern [{boollit}] "[0..5]" {
                          } -> There do not exist any possible matches of "[0..5]" on pattern [{boollit}]!
                          parseExpressionAsPattern ["(" {Boolean} ")"] "[0..5]" {
                          } -> There do not exist any possible matches of "[0..5]" on pattern ["(" {Boolean} ")"]!
                          parseExpressionAsPattern [{Dictionary<Boolean>} "." {varName}] "[0..5]" {
                          } -> There do not exist any possible matches of "[0..5]" on pattern [{Dictionary<Boolean>} "." {varName}]!
                          parseExpressionAsPattern [{Dictionary<Boolean>} "[" ({String} | {Number}) "]"] "[0..5]" {
                          } -> There do not exist any possible matches of "[0..5]" on pattern [{Dictionary<Boolean>} "[" ({String} | {Number}) "]"]!
                          parseExpressionAsPattern [{Iterable<Boolean>} "[" {Integer} "]"] "[0..5]" {
                          } -> There do not exist any possible matches of "[0..5]" on pattern [{Iterable<Boolean>} "[" {Integer} "]"]!
                        } -> "[0..5]" did not match any pattern of type: Boolean!
                      } -> All possible matches of "[0..5]" on pattern [{Boolean}] failed.
                    } -> "[0..5]" did not match any pattern in list: ({Number} | {String} | {Boolean})!
                  } -> All possible matches of "[0..5]" on pattern [({Number} | {String} | {Boolean})] failed.
                } -> "[0..5]" did not match any pattern of type: stringlike!
              } -> All possible matches of "[0..5] ++ [0..10]" on pattern [{stringlike} "++" {stringlike}] failed.
              parseExpressionAsPattern [{stringlike} "**" {Integer}] "[0..5] ++ [0..10]" {
              } -> There do not exist any possible matches of "[0..5] ++ [0..10]" on pattern [{stringlike} "**" {Integer}]!
              parseExpressionAsPattern ["(" {String} ")"] "[0..5] ++ [0..10]" {
              } -> There do not exist any possible matches of "[0..5] ++ [0..10]" on pattern ["(" {String} ")"]!
              parseExpressionAsPattern [{Dictionary<String>} "." {varName}] "[0..5] ++ [0..10]" {
              } -> There do not exist any possible matches of "[0..5] ++ [0..10]" on pattern [{Dictionary<String>} "." {varName}]!
              parseExpressionAsPattern [{Dictionary<String>} "[" ({String} | {Number}) "]"] "[0..5] ++ [0..10]" {
              } -> There do not exist any possible matches of "[0..5] ++ [0..10]" on pattern [{Dictionary<String>} "[" ({String} | {Number}) "]"]!
              parseExpressionAsPattern [{Iterable<String>} "[" {Integer} "]"] "[0..5] ++ [0..10]" {
              } -> There do not exist any possible matches of "[0..5] ++ [0..10]" on pattern [{Iterable<String>} "[" {Integer} "]"]!
            } -> "[0..5] ++ [0..10]" did not match any pattern of type: String!
          } -> All possible matches of "[0..5] ++ [0..10]" on pattern [{String}] failed.
          parseExpressionAsPattern [{Boolean}] "[0..5] ++ [0..10]" {
            parseExpressionAsType {Boolean} "[0..5] ++ [0..10]" {
              parseExpressionAsPattern [{Boolean} "or" {Boolean}] "[0..5] ++ [0..10]" {
              } -> There do not exist any possible matches of "[0..5] ++ [0..10]" on pattern [{Boolean} "or" {Boolean}]!
              parseExpressionAsPattern [{Boolean} "and" {Boolean}] "[0..5] ++ [0..10]" {
              } -> There do not exist any possible matches of "[0..5] ++ [0..10]" on pattern [{Boolean} "and" {Boolean}]!
              parseExpressionAsPattern [{Boolean} "xor" {Boolean}] "[0..5] ++ [0..10]" {
              } -> There do not exist any possible matches of "[0..5] ++ [0..10]" on pattern [{Boolean} "xor" {Boolean}]!
              parseExpressionAsPattern ["not" {Boolean}] "[0..5] ++ [0..10]" {
              } -> There do not exist any possible matches of "[0..5] ++ [0..10]" on pattern ["not" {Boolean}]!
              parseExpressionAsPattern [{Number} "<" {Number}] "[0..5] ++ [0..10]" {
              } -> There do not exist any possible matches of "[0..5] ++ [0..10]" on pattern [{Number} "<" {Number}]!
              parseExpressionAsPattern [{Number} "<=" {Number}] "[0..5] ++ [0..10]" {
              } -> There do not exist any possible matches of "[0..5] ++ [0..10]" on pattern [{Number} "<=" {Number}]!
              parseExpressionAsPattern [{Number} ">" {Number}] "[0..5] ++ [0..10]" {
              } -> There do not exist any possible matches of "[0..5] ++ [0..10]" on pattern [{Number} ">" {Number}]!
              parseExpressionAsPattern [{Number} ">=" {Number}] "[0..5] ++ [0..10]" {
              } -> There do not exist any possible matches of "[0..5] ++ [0..10]" on pattern [{Number} ">=" {Number}]!
              parseExpressionAsPattern [{Object} "==" {Object}] "[0..5] ++ [0..10]" {
              } -> There do not exist any possible matches of "[0..5] ++ [0..10]" on pattern [{Object} "==" {Object}]!
              parseExpressionAsPattern [{Object} "in" {Iterable}] "[0..5] ++ [0..10]" {
              } -> There do not exist any possible matches of "[0..5] ++ [0..10]" on pattern [{Object} "in" {Iterable}]!
              parseExpressionAsPattern [{boollit}] "[0..5] ++ [0..10]" {
              } -> There do not exist any possible matches of "[0..5] ++ [0..10]" on pattern [{boollit}]!
              parseExpressionAsPattern ["(" {Boolean} ")"] "[0..5] ++ [0..10]" {
              } -> There do not exist any possible matches of "[0..5] ++ [0..10]" on pattern ["(" {Boolean} ")"]!
              parseExpressionAsPattern [{Dictionary<Boolean>} "." {varName}] "[0..5] ++ [0..10]" {
              } -> There do not exist any possible matches of "[0..5] ++ [0..10]" on pattern [{Dictionary<Boolean>} "." {varName}]!
              parseExpressionAsPattern [{Dictionary<Boolean>} "[" ({String} | {Number}) "]"] "[0..5] ++ [0..10]" {
              } -> There do not exist any possible matches of "[0..5] ++ [0..10]" on pattern [{Dictionary<Boolean>} "[" ({String} | {Number}) "]"]!
              parseExpressionAsPattern [{Iterable<Boolean>} "[" {Integer} "]"] "[0..5] ++ [0..10]" {
              } -> There do not exist any possible matches of "[0..5] ++ [0..10]" on pattern [{Iterable<Boolean>} "[" {Integer} "]"]!
            } -> "[0..5] ++ [0..10]" did not match any pattern of type: Boolean!
          } -> All possible matches of "[0..5] ++ [0..10]" on pattern [{Boolean}] failed.
          parseExpressionAsPattern [{Tuple}] "[0..5] ++ [0..10]" {
            parseExpressionAsType {Tuple} "[0..5] ++ [0..10]" {
              parseExpressionAsPattern ["(" ")"] "[0..5] ++ [0..10]" {
              } -> There do not exist any possible matches of "[0..5] ++ [0..10]" on pattern ["(" ")"]!
              parseExpressionAsPattern ["(" {Tuple} ")"] "[0..5] ++ [0..10]" {
              } -> There do not exist any possible matches of "[0..5] ++ [0..10]" on pattern ["(" {Tuple} ")"]!
              parseExpressionAsPattern [{Dictionary<Tuple>} "." {varName}] "[0..5] ++ [0..10]" {
              } -> There do not exist any possible matches of "[0..5] ++ [0..10]" on pattern [{Dictionary<Tuple>} "." {varName}]!
              parseExpressionAsPattern [{Dictionary<Tuple>} "[" ({String} | {Number}) "]"] "[0..5] ++ [0..10]" {
              } -> There do not exist any possible matches of "[0..5] ++ [0..10]" on pattern [{Dictionary<Tuple>} "[" ({String} | {Number}) "]"]!
              parseExpressionAsPattern [{Iterable<Tuple>} "[" {Integer} "]"] "[0..5] ++ [0..10]" {
              } -> There do not exist any possible matches of "[0..5] ++ [0..10]" on pattern [{Iterable<Tuple>} "[" {Integer} "]"]!
            } -> "[0..5] ++ [0..10]" did not match any pattern of type: Tuple!
          } -> All possible matches of "[0..5] ++ [0..10]" on pattern [{Tuple}] failed.
          parseExpressionAsPattern [{DiscreteRange}] "[0..5] ++ [0..10]" {
            parseExpressionAsType {DiscreteRange} "[0..5] ++ [0..10]" {
              parseExpressionAsPattern ["[" {Number} ".." "]"] "[0..5] ++ [0..10]" {
              } -> There do not exist any possible matches of "[0..5] ++ [0..10]" on pattern ["[" {Number} ".." "]"]!
              parseExpressionAsPattern ["[" {Number} ".." {Number} "]"] "[0..5] ++ [0..10]" {
                parseExpressionAsMetatype   "" {
                } -> Parsed
                parseExpressionAsType {Number} "0" {
                  parseExpressionAsPattern [{Integer}] "0" {
                    parseExpressionAsType {Integer} "0" {
                      parseExpressionAsPattern ["round" {Number}] "0" {
                      } -> There do not exist any possible matches of "0" on pattern ["round" {Number}]!
                      parseExpressionAsPattern [{Iterable} "." "length"] "0" {
                      } -> There do not exist any possible matches of "0" on pattern [{Iterable} "." "length"]!
                      parseExpressionAsPattern [{Integer} "+" {Integer}] "0" {
                      } -> There do not exist any possible matches of "0" on pattern [{Integer} "+" {Integer}]!
                      parseExpressionAsPattern [{Integer} "-" {Integer}] "0" {
                      } -> There do not exist any possible matches of "0" on pattern [{Integer} "-" {Integer}]!
                      parseExpressionAsPattern [{Integer} "*" {Integer}] "0" {
                      } -> There do not exist any possible matches of "0" on pattern [{Integer} "*" {Integer}]!
                      parseExpressionAsPattern [{Integer} "/" {Integer}] "0" {
                      } -> There do not exist any possible matches of "0" on pattern [{Integer} "/" {Integer}]!
                      parseExpressionAsPattern [{Integer} "^" {Integer}] "0" {
                      } -> There do not exist any possible matches of "0" on pattern [{Integer} "^" {Integer}]!
                      parseExpressionAsPattern ["-" {Integer}] "0" {
                      } -> There do not exist any possible matches of "0" on pattern ["-" {Integer}]!
                      parseExpressionAsPattern [{digit}+] "0" {
                        parseExpressionAsMetatype {digit}+ "0" {
                          parseExpressionAsPattern [{digit}{digit}*] "0" {
                            parseExpressionAsType {digit} "0" {
                              parseExpressionAsPattern [[0123456789]] "0" {
                                parseExpressionAsMetatype [0123456789] "0" {
                                } -> Parsed
                              } -> Parsed
                            } -> Parsed
                            parseExpressionAsMetatype {digit}* "" {
                            } -> Parsed
                          } -> Parsed
                        } -> Parsed
                      } -> Parsed
                    } -> Parsed
                  } -> Parsed
                } -> Parsed
                parseExpressionAsMetatype   "" {
                } -> Parsed
                parseExpressionAsMetatype   "" {
                } -> Parsed
                parseExpressionAsType {Number} "5] ++ [0..10" {
                  parseExpressionAsPattern [{Integer}] "5] ++ [0..10" {
                    parseExpressionAsType {Integer} "5] ++ [0..10" {
                      parseExpressionAsPattern ["round" {Number}] "5] ++ [0..10" {
                      } -> There do not exist any possible matches of "5] ++ [0..10" on pattern ["round" {Number}]!
                      parseExpressionAsPattern [{Iterable} "." "length"] "5] ++ [0..10" {
                      } -> There do not exist any possible matches of "5] ++ [0..10" on pattern [{Iterable} "." "length"]!
                      parseExpressionAsPattern [{Integer} "+" {Integer}] "5] ++ [0..10" {
                      } -> There do not exist any possible matches of "5] ++ [0..10" on pattern [{Integer} "+" {Integer}]!
                      parseExpressionAsPattern [{Integer} "-" {Integer}] "5] ++ [0..10" {
                      } -> There do not exist any possible matches of "5] ++ [0..10" on pattern [{Integer} "-" {Integer}]!
                      parseExpressionAsPattern [{Integer} "*" {Integer}] "5] ++ [0..10" {
                      } -> There do not exist any possible matches of "5] ++ [0..10" on pattern [{Integer} "*" {Integer}]!
                      parseExpressionAsPattern [{Integer} "/" {Integer}] "5] ++ [0..10" {
                      } -> There do not exist any possible matches of "5] ++ [0..10" on pattern [{Integer} "/" {Integer}]!
                      parseExpressionAsPattern [{Integer} "^" {Integer}] "5] ++ [0..10" {
                      } -> There do not exist any possible matches of "5] ++ [0..10" on pattern [{Integer} "^" {Integer}]!
                      parseExpressionAsPattern ["-" {Integer}] "5] ++ [0..10" {
                      } -> There do not exist any possible matches of "5] ++ [0..10" on pattern ["-" {Integer}]!
                      parseExpressionAsPattern [{digit}+] "5] ++ [0..10" {
                      } -> There do not exist any possible matches of "5] ++ [0..10" on pattern [{digit}+]!
                      parseExpressionAsPattern ["(" {Integer} ")"] "5] ++ [0..10" {
                      } -> There do not exist any possible matches of "5] ++ [0..10" on pattern ["(" {Integer} ")"]!
                      parseExpressionAsPattern [{Dictionary<Integer>} "." {varName}] "5] ++ [0..10" {
                      } -> There do not exist any possible matches of "5] ++ [0..10" on pattern [{Dictionary<Integer>} "." {varName}]!
                      parseExpressionAsPattern [{Dictionary<Integer>} "[" ({String} | {Number}) "]"] "5] ++ [0..10" {
                      } -> There do not exist any possible matches of "5] ++ [0..10" on pattern [{Dictionary<Integer>} "[" ({String} | {Number}) "]"]!
                      parseExpressionAsPattern [{Iterable<Integer>} "[" {Integer} "]"] "5] ++ [0..10" {
                      } -> There do not exist any possible matches of "5] ++ [0..10" on pattern [{Iterable<Integer>} "[" {Integer} "]"]!
                    } -> "5] ++ [0..10" did not match any pattern of type: Integer!
                  } -> All possible matches of "5] ++ [0..10" on pattern [{Integer}] failed.
                  parseExpressionAsPattern [{Number} "+" {Number}] "5] ++ [0..10" {
                  } -> There do not exist any possible matches of "5] ++ [0..10" on pattern [{Number} "+" {Number}]!
                  parseExpressionAsPattern [{Number} "-" {Number}] "5] ++ [0..10" {
                  } -> There do not exist any possible matches of "5] ++ [0..10" on pattern [{Number} "-" {Number}]!
                  parseExpressionAsPattern [{Number} "*" {Number}] "5] ++ [0..10" {
                  } -> There do not exist any possible matches of "5] ++ [0..10" on pattern [{Number} "*" {Number}]!
                  parseExpressionAsPattern [{Number} "/" {Number}] "5] ++ [0..10" {
                  } -> There do not exist any possible matches of "5] ++ [0..10" on pattern [{Number} "/" {Number}]!
                  parseExpressionAsPattern [{Number} "^" {Number}] "5] ++ [0..10" {
                  } -> There do not exist any possible matches of "5] ++ [0..10" on pattern [{Number} "^" {Number}]!
                  parseExpressionAsPattern ["-" {Number}] "5] ++ [0..10" {
                  } -> There do not exist any possible matches of "5] ++ [0..10" on pattern ["-" {Number}]!
                  parseExpressionAsPattern [{numlit}] "5] ++ [0..10" {
                  } -> There do not exist any possible matches of "5] ++ [0..10" on pattern [{numlit}]!
                  parseExpressionAsPattern ["rand" {Tuple}] "5] ++ [0..10" {
                  } -> There do not exist any possible matches of "5] ++ [0..10" on pattern ["rand" {Tuple}]!
                  parseExpressionAsPattern ["(" {Number} ")"] "5] ++ [0..10" {
                  } -> There do not exist any possible matches of "5] ++ [0..10" on pattern ["(" {Number} ")"]!
                  parseExpressionAsPattern [{Dictionary<Number>} "." {varName}] "5] ++ [0..10" {
                  } -> There do not exist any possible matches of "5] ++ [0..10" on pattern [{Dictionary<Number>} "." {varName}]!
                  parseExpressionAsPattern [{Dictionary<Number>} "[" ({String} | {Number}) "]"] "5] ++ [0..10" {
                  } -> There do not exist any possible matches of "5] ++ [0..10" on pattern [{Dictionary<Number>} "[" ({String} | {Number}) "]"]!
                  parseExpressionAsPattern [{Iterable<Number>} "[" {Integer} "]"] "5] ++ [0..10" {
                  } -> There do not exist any possible matches of "5] ++ [0..10" on pattern [{Iterable<Number>} "[" {Integer} "]"]!
                } -> "5] ++ [0..10" did not match any pattern of type: Number!
                parseExpressionAsMetatype   "" {
                } -> Parsed
                parseExpressionAsType {Number} "0..5] ++ [0" {
                  parseExpressionAsPattern [{Integer}] "0..5] ++ [0" {
                    parseExpressionAsType {Integer} "0..5] ++ [0" {
                      parseExpressionAsPattern ["round" {Number}] "0..5] ++ [0" {
                      } -> There do not exist any possible matches of "0..5] ++ [0" on pattern ["round" {Number}]!
                      parseExpressionAsPattern [{Iterable} "." "length"] "0..5] ++ [0" {
                      } -> There do not exist any possible matches of "0..5] ++ [0" on pattern [{Iterable} "." "length"]!
                      parseExpressionAsPattern [{Integer} "+" {Integer}] "0..5] ++ [0" {
                      } -> There do not exist any possible matches of "0..5] ++ [0" on pattern [{Integer} "+" {Integer}]!
                      parseExpressionAsPattern [{Integer} "-" {Integer}] "0..5] ++ [0" {
                      } -> There do not exist any possible matches of "0..5] ++ [0" on pattern [{Integer} "-" {Integer}]!
                      parseExpressionAsPattern [{Integer} "*" {Integer}] "0..5] ++ [0" {
                      } -> There do not exist any possible matches of "0..5] ++ [0" on pattern [{Integer} "*" {Integer}]!
                      parseExpressionAsPattern [{Integer} "/" {Integer}] "0..5] ++ [0" {
                      } -> There do not exist any possible matches of "0..5] ++ [0" on pattern [{Integer} "/" {Integer}]!
                      parseExpressionAsPattern [{Integer} "^" {Integer}] "0..5] ++ [0" {
                      } -> There do not exist any possible matches of "0..5] ++ [0" on pattern [{Integer} "^" {Integer}]!
                      parseExpressionAsPattern ["-" {Integer}] "0..5] ++ [0" {
                      } -> There do not exist any possible matches of "0..5] ++ [0" on pattern ["-" {Integer}]!
                      parseExpressionAsPattern [{digit}+] "0..5] ++ [0" {
                      } -> There do not exist any possible matches of "0..5] ++ [0" on pattern [{digit}+]!
                      parseExpressionAsPattern ["(" {Integer} ")"] "0..5] ++ [0" {
                      } -> There do not exist any possible matches of "0..5] ++ [0" on pattern ["(" {Integer} ")"]!
                      parseExpressionAsPattern [{Dictionary<Integer>} "." {varName}] "0..5] ++ [0" {
                      } -> There do not exist any possible matches of "0..5] ++ [0" on pattern [{Dictionary<Integer>} "." {varName}]!
                      parseExpressionAsPattern [{Dictionary<Integer>} "[" ({String} | {Number}) "]"] "0..5] ++ [0" {
                      } -> There do not exist any possible matches of "0..5] ++ [0" on pattern [{Dictionary<Integer>} "[" ({String} | {Number}) "]"]!
                      parseExpressionAsPattern [{Iterable<Integer>} "[" {Integer} "]"] "0..5] ++ [0" {
                      } -> There do not exist any possible matches of "0..5] ++ [0" on pattern [{Iterable<Integer>} "[" {Integer} "]"]!
                    } -> "0..5] ++ [0" did not match any pattern of type: Integer!
                  } -> All possible matches of "0..5] ++ [0" on pattern [{Integer}] failed.
                  parseExpressionAsPattern [{Number} "+" {Number}] "0..5] ++ [0" {
                  } -> There do not exist any possible matches of "0..5] ++ [0" on pattern [{Number} "+" {Number}]!
                  parseExpressionAsPattern [{Number} "-" {Number}] "0..5] ++ [0" {
                  } -> There do not exist any possible matches of "0..5] ++ [0" on pattern [{Number} "-" {Number}]!
                  parseExpressionAsPattern [{Number} "*" {Number}] "0..5] ++ [0" {
                  } -> There do not exist any possible matches of "0..5] ++ [0" on pattern [{Number} "*" {Number}]!
                  parseExpressionAsPattern [{Number} "/" {Number}] "0..5] ++ [0" {
                  } -> There do not exist any possible matches of "0..5] ++ [0" on pattern [{Number} "/" {Number}]!
                  parseExpressionAsPattern [{Number} "^" {Number}] "0..5] ++ [0" {
                  } -> There do not exist any possible matches of "0..5] ++ [0" on pattern [{Number} "^" {Number}]!
                  parseExpressionAsPattern ["-" {Number}] "0..5] ++ [0" {
                  } -> There do not exist any possible matches of "0..5] ++ [0" on pattern ["-" {Number}]!
                  parseExpressionAsPattern [{numlit}] "0..5] ++ [0" {
                  } -> There do not exist any possible matches of "0..5] ++ [0" on pattern [{numlit}]!
                  parseExpressionAsPattern ["rand" {Tuple}] "0..5] ++ [0" {
                  } -> There do not exist any possible matches of "0..5] ++ [0" on pattern ["rand" {Tuple}]!
                  parseExpressionAsPattern ["(" {Number} ")"] "0..5] ++ [0" {
                  } -> There do not exist any possible matches of "0..5] ++ [0" on pattern ["(" {Number} ")"]!
                  parseExpressionAsPattern [{Dictionary<Number>} "." {varName}] "0..5] ++ [0" {
                  } -> There do not exist any possible matches of "0..5] ++ [0" on pattern [{Dictionary<Number>} "." {varName}]!
                  parseExpressionAsPattern [{Dictionary<Number>} "[" ({String} | {Number}) "]"] "0..5] ++ [0" {
                  } -> There do not exist any possible matches of "0..5] ++ [0" on pattern [{Dictionary<Number>} "[" ({String} | {Number}) "]"]!
                  parseExpressionAsPattern [{Iterable<Number>} "[" {Integer} "]"] "0..5] ++ [0" {
                  } -> There do not exist any possible matches of "0..5] ++ [0" on pattern [{Iterable<Number>} "[" {Integer} "]"]!
                } -> "0..5] ++ [0" did not match any pattern of type: Number!
              } -> All possible matches of "[0..5] ++ [0..10]" on pattern ["[" {Number} ".." {Number} "]"] failed.
              parseExpressionAsPattern ["[" {Number} ".." {Number} ".." "]"] "[0..5] ++ [0..10]" {
              } -> There do not exist any possible matches of "[0..5] ++ [0..10]" on pattern ["[" {Number} ".." {Number} ".." "]"]!
              parseExpressionAsPattern ["[" {Number} ".." {Number} ".." {Number} "]"] "[0..5] ++ [0..10]" {
                parseExpressionAsMetatype   "" {
                } -> Parsed
                parseExpressionAsType {Number} "0" {
                  parseExpressionAsPattern [{Integer}] "0" {
                    parseExpressionAsType {Integer} "0" {
                      parseExpressionAsPattern ["round" {Number}] "0" {
                      } -> There do not exist any possible matches of "0" on pattern ["round" {Number}]!
                      parseExpressionAsPattern [{Iterable} "." "length"] "0" {
                      } -> There do not exist any possible matches of "0" on pattern [{Iterable} "." "length"]!
                      parseExpressionAsPattern [{Integer} "+" {Integer}] "0" {
                      } -> There do not exist any possible matches of "0" on pattern [{Integer} "+" {Integer}]!
                      parseExpressionAsPattern [{Integer} "-" {Integer}] "0" {
                      } -> There do not exist any possible matches of "0" on pattern [{Integer} "-" {Integer}]!
                      parseExpressionAsPattern [{Integer} "*" {Integer}] "0" {
                      } -> There do not exist any possible matches of "0" on pattern [{Integer} "*" {Integer}]!
                      parseExpressionAsPattern [{Integer} "/" {Integer}] "0" {
                      } -> There do not exist any possible matches of "0" on pattern [{Integer} "/" {Integer}]!
                      parseExpressionAsPattern [{Integer} "^" {Integer}] "0" {
                      } -> There do not exist any possible matches of "0" on pattern [{Integer} "^" {Integer}]!
                      parseExpressionAsPattern ["-" {Integer}] "0" {
                      } -> There do not exist any possible matches of "0" on pattern ["-" {Integer}]!
                      parseExpressionAsPattern [{digit}+] "0" {
                        parseExpressionAsMetatype {digit}+ "0" {
                          parseExpressionAsPattern [{digit}{digit}*] "0" {
                            parseExpressionAsType {digit} "0" {
                              parseExpressionAsPattern [[0123456789]] "0" {
                                parseExpressionAsMetatype [0123456789] "0" {
                                } -> Parsed
                              } -> Parsed
                            } -> Parsed
                            parseExpressionAsMetatype {digit}* "" {
                            } -> Parsed
                          } -> Parsed
                        } -> Parsed
                      } -> Parsed
                    } -> Parsed
                  } -> Parsed
                } -> Parsed
                parseExpressionAsMetatype   "" {
                } -> Parsed
                parseExpressionAsMetatype   "" {
                } -> Parsed
                parseExpressionAsType {Number} "5] ++ [0" {
                  parseExpressionAsPattern [{Integer}] "5] ++ [0" {
                    parseExpressionAsType {Integer} "5] ++ [0" {
                      parseExpressionAsPattern ["round" {Number}] "5] ++ [0" {
                      } -> There do not exist any possible matches of "5] ++ [0" on pattern ["round" {Number}]!
                      parseExpressionAsPattern [{Iterable} "." "length"] "5] ++ [0" {
                      } -> There do not exist any possible matches of "5] ++ [0" on pattern [{Iterable} "." "length"]!
                      parseExpressionAsPattern [{Integer} "+" {Integer}] "5] ++ [0" {
                      } -> There do not exist any possible matches of "5] ++ [0" on pattern [{Integer} "+" {Integer}]!
                      parseExpressionAsPattern [{Integer} "-" {Integer}] "5] ++ [0" {
                      } -> There do not exist any possible matches of "5] ++ [0" on pattern [{Integer} "-" {Integer}]!
                      parseExpressionAsPattern [{Integer} "*" {Integer}] "5] ++ [0" {
                      } -> There do not exist any possible matches of "5] ++ [0" on pattern [{Integer} "*" {Integer}]!
                      parseExpressionAsPattern [{Integer} "/" {Integer}] "5] ++ [0" {
                      } -> There do not exist any possible matches of "5] ++ [0" on pattern [{Integer} "/" {Integer}]!
                      parseExpressionAsPattern [{Integer} "^" {Integer}] "5] ++ [0" {
                      } -> There do not exist any possible matches of "5] ++ [0" on pattern [{Integer} "^" {Integer}]!
                      parseExpressionAsPattern ["-" {Integer}] "5] ++ [0" {
                      } -> There do not exist any possible matches of "5] ++ [0" on pattern ["-" {Integer}]!
                      parseExpressionAsPattern [{digit}+] "5] ++ [0" {
                      } -> There do not exist any possible matches of "5] ++ [0" on pattern [{digit}+]!
                      parseExpressionAsPattern ["(" {Integer} ")"] "5] ++ [0" {
                      } -> There do not exist any possible matches of "5] ++ [0" on pattern ["(" {Integer} ")"]!
                      parseExpressionAsPattern [{Dictionary<Integer>} "." {varName}] "5] ++ [0" {
                      } -> There do not exist any possible matches of "5] ++ [0" on pattern [{Dictionary<Integer>} "." {varName}]!
                      parseExpressionAsPattern [{Dictionary<Integer>} "[" ({String} | {Number}) "]"] "5] ++ [0" {
                      } -> There do not exist any possible matches of "5] ++ [0" on pattern [{Dictionary<Integer>} "[" ({String} | {Number}) "]"]!
                      parseExpressionAsPattern [{Iterable<Integer>} "[" {Integer} "]"] "5] ++ [0" {
                      } -> There do not exist any possible matches of "5] ++ [0" on pattern [{Iterable<Integer>} "[" {Integer} "]"]!
                    } -> "5] ++ [0" did not match any pattern of type: Integer!
                  } -> All possible matches of "5] ++ [0" on pattern [{Integer}] failed.
                  parseExpressionAsPattern [{Number} "+" {Number}] "5] ++ [0" {
                  } -> There do not exist any possible matches of "5] ++ [0" on pattern [{Number} "+" {Number}]!
                  parseExpressionAsPattern [{Number} "-" {Number}] "5] ++ [0" {
                  } -> There do not exist any possible matches of "5] ++ [0" on pattern [{Number} "-" {Number}]!
                  parseExpressionAsPattern [{Number} "*" {Number}] "5] ++ [0" {
                  } -> There do not exist any possible matches of "5] ++ [0" on pattern [{Number} "*" {Number}]!
                  parseExpressionAsPattern [{Number} "/" {Number}] "5] ++ [0" {
                  } -> There do not exist any possible matches of "5] ++ [0" on pattern [{Number} "/" {Number}]!
                  parseExpressionAsPattern [{Number} "^" {Number}] "5] ++ [0" {
                  } -> There do not exist any possible matches of "5] ++ [0" on pattern [{Number} "^" {Number}]!
                  parseExpressionAsPattern ["-" {Number}] "5] ++ [0" {
                  } -> There do not exist any possible matches of "5] ++ [0" on pattern ["-" {Number}]!
                  parseExpressionAsPattern [{numlit}] "5] ++ [0" {
                  } -> There do not exist any possible matches of "5] ++ [0" on pattern [{numlit}]!
                  parseExpressionAsPattern ["rand" {Tuple}] "5] ++ [0" {
                  } -> There do not exist any possible matches of "5] ++ [0" on pattern ["rand" {Tuple}]!
                  parseExpressionAsPattern ["(" {Number} ")"] "5] ++ [0" {
                  } -> There do not exist any possible matches of "5] ++ [0" on pattern ["(" {Number} ")"]!
                  parseExpressionAsPattern [{Dictionary<Number>} "." {varName}] "5] ++ [0" {
                  } -> There do not exist any possible matches of "5] ++ [0" on pattern [{Dictionary<Number>} "." {varName}]!
                  parseExpressionAsPattern [{Dictionary<Number>} "[" ({String} | {Number}) "]"] "5] ++ [0" {
                  } -> There do not exist any possible matches of "5] ++ [0" on pattern [{Dictionary<Number>} "[" ({String} | {Number}) "]"]!
                  parseExpressionAsPattern [{Iterable<Number>} "[" {Integer} "]"] "5] ++ [0" {
                  } -> There do not exist any possible matches of "5] ++ [0" on pattern [{Iterable<Number>} "[" {Integer} "]"]!
                } -> "5] ++ [0" did not match any pattern of type: Number!
              } -> All possible matches of "[0..5] ++ [0..10]" on pattern ["[" {Number} ".." {Number} ".." {Number} "]"] failed.
              parseExpressionAsPattern ["x"] "[0..5] ++ [0..10]" {
              } -> There do not exist any possible matches of "[0..5] ++ [0..10]" on pattern ["x"]!
              parseExpressionAsPattern ["(" {DiscreteRange} ")"] "[0..5] ++ [0..10]" {
              } -> There do not exist any possible matches of "[0..5] ++ [0..10]" on pattern ["(" {DiscreteRange} ")"]!
              parseExpressionAsPattern [{Dictionary<DiscreteRange>} "." {varName}] "[0..5] ++ [0..10]" {
              } -> There do not exist any possible matches of "[0..5] ++ [0..10]" on pattern [{Dictionary<DiscreteRange>} "." {varName}]!
              parseExpressionAsPattern [{Dictionary<DiscreteRange>} "[" ({String} | {Number}) "]"] "[0..5] ++ [0..10]" {
              } -> There do not exist any possible matches of "[0..5] ++ [0..10]" on pattern [{Dictionary<DiscreteRange>} "[" ({String} | {Number}) "]"]!
              parseExpressionAsPattern [{Iterable<DiscreteRange>} "[" {Integer} "]"] "[0..5] ++ [0..10]" {
              } -> There do not exist any possible matches of "[0..5] ++ [0..10]" on pattern [{Iterable<DiscreteRange>} "[" {Integer} "]"]!
            } -> "[0..5] ++ [0..10]" did not match any pattern of type: DiscreteRange!
          } -> All possible matches of "[0..5] ++ [0..10]" on pattern [{DiscreteRange}] failed.
          parseExpressionAsPattern [{List}] "[0..5] ++ [0..10]" {
            parseExpressionAsType {List} "[0..5] ++ [0..10]" {
              parseExpressionAsPattern [{List<Object>} "++" {List<Object>}] "[0..5] ++ [0..10]" {
                parseExpressionAsType {List<Object>} "[0..5]" {
                  parseExpressionAsPattern [{List<Object>} "++" {List<Object>}] "[0..5]" {
                  } -> There do not exist any possible matches of "[0..5]" on pattern [{List<Object>} "++" {List<Object>}]!
                  parseExpressionAsPattern [{List<Object>} "**" {Integer}] "[0..5]" {
                  } -> There do not exist any possible matches of "[0..5]" on pattern [{List<Object>} "**" {Integer}]!
                  parseExpressionAsPattern [{listlit<Object>}] "[0..5]" {
                    parseExpressionAsType {listlit<Object>} "[0..5]" {
                      parseExpressionAsPattern ["[" {commaSeparatedObjects<Object>}? "]"] "[0..5]" {
                        parseExpressionAsMetatype   "" {
                        } -> Parsed
                        parseExpressionAsMetatype {commaSeparatedObjects<Object>}? "0..5" {
                          parseExpressionAsPattern [{commaSeparatedObjects<Object>}{commaSeparatedObjects<Object>}{0, 0}] "0..5" {
                            parseExpressionAsType {commaSeparatedObjects<Object>} "0..5" {
                              parseExpressionAsPattern [{Object} "," {Object} * ","?] "0..5" {
                                parseExpressionAsType {Object} "0..5" {
                                  parseExpressionAsPattern [({Integer} | {Number} | {String} | {Boolean} | {Tuple} | {DiscreteRange} | {List} | {Iterable} | {Dictionary})] "0..5" {
                                    parseExpressionAsMetatype ({Integer} | {Number} | {String} | {Boolean} | {Tuple} | {DiscreteRange} | {List} | {Iterable} | {Dictionary}) "0..5" {
                                      parseExpressionAsPattern [{Integer}] "0..5" {
                                        parseExpressionAsType {Integer} "0..5" {
                                          parseExpressionAsPattern ["round" {Number}] "0..5" {
                                          } -> There do not exist any possible matches of "0..5" on pattern ["round" {Number}]!
                                          parseExpressionAsPattern [{Iterable} "." "length"] "0..5" {
                                          } -> There do not exist any possible matches of "0..5" on pattern [{Iterable} "." "length"]!
                                          parseExpressionAsPattern [{Integer} "+" {Integer}] "0..5" {
                                          } -> There do not exist any possible matches of "0..5" on pattern [{Integer} "+" {Integer}]!
                                          parseExpressionAsPattern [{Integer} "-" {Integer}] "0..5" {
                                          } -> There do not exist any possible matches of "0..5" on pattern [{Integer} "-" {Integer}]!
                                          parseExpressionAsPattern [{Integer} "*" {Integer}] "0..5" {
                                          } -> There do not exist any possible matches of "0..5" on pattern [{Integer} "*" {Integer}]!
                                          parseExpressionAsPattern [{Integer} "/" {Integer}] "0..5" {
                                          } -> There do not exist any possible matches of "0..5" on pattern [{Integer} "/" {Integer}]!
                                          parseExpressionAsPattern [{Integer} "^" {Integer}] "0..5" {
                                          } -> There do not exist any possible matches of "0..5" on pattern [{Integer} "^" {Integer}]!
                                          parseExpressionAsPattern ["-" {Integer}] "0..5" {
                                          } -> There do not exist any possible matches of "0..5" on pattern ["-" {Integer}]!
                                          parseExpressionAsPattern [{digit}+] "0..5" {
                                          } -> There do not exist any possible matches of "0..5" on pattern [{digit}+]!
                                          parseExpressionAsPattern ["(" {Integer} ")"] "0..5" {
                                          } -> There do not exist any possible matches of "0..5" on pattern ["(" {Integer} ")"]!
                                          parseExpressionAsPattern [{Dictionary<Integer>} "." {varName}] "0..5" {
                                          } -> There do not exist any possible matches of "0..5" on pattern [{Dictionary<Integer>} "." {varName}]!
                                          parseExpressionAsPattern [{Dictionary<Integer>} "[" ({String} | {Number}) "]"] "0..5" {
                                          } -> There do not exist any possible matches of "0..5" on pattern [{Dictionary<Integer>} "[" ({String} | {Number}) "]"]!
                                          parseExpressionAsPattern [{Iterable<Integer>} "[" {Integer} "]"] "0..5" {
                                          } -> There do not exist any possible matches of "0..5" on pattern [{Iterable<Integer>} "[" {Integer} "]"]!
                                        } -> "0..5" did not match any pattern of type: Integer!
                                      } -> All possible matches of "0..5" on pattern [{Integer}] failed.
                                      parseExpressionAsPattern [{Number}] "0..5" {
                                        parseExpressionAsType {Number} "0..5" {
                                          parseExpressionAsPattern [{Integer}] "0..5" {
                                            parseExpressionAsType {Integer} "0..5" {
                                              parseExpressionAsPattern ["round" {Number}] "0..5" {
                                              } -> There do not exist any possible matches of "0..5" on pattern ["round" {Number}]!
                                              parseExpressionAsPattern [{Iterable} "." "length"] "0..5" {
                                              } -> There do not exist any possible matches of "0..5" on pattern [{Iterable} "." "length"]!
                                              parseExpressionAsPattern [{Integer} "+" {Integer}] "0..5" {
                                              } -> There do not exist any possible matches of "0..5" on pattern [{Integer} "+" {Integer}]!
                                              parseExpressionAsPattern [{Integer} "-" {Integer}] "0..5" {
                                              } -> There do not exist any possible matches of "0..5" on pattern [{Integer} "-" {Integer}]!
                                              parseExpressionAsPattern [{Integer} "*" {Integer}] "0..5" {
                                              } -> There do not exist any possible matches of "0..5" on pattern [{Integer} "*" {Integer}]!
                                              parseExpressionAsPattern [{Integer} "/" {Integer}] "0..5" {
                                              } -> There do not exist any possible matches of "0..5" on pattern [{Integer} "/" {Integer}]!
                                              parseExpressionAsPattern [{Integer} "^" {Integer}] "0..5" {
                                              } -> There do not exist any possible matches of "0..5" on pattern [{Integer} "^" {Integer}]!
                                              parseExpressionAsPattern ["-" {Integer}] "0..5" {
                                              } -> There do not exist any possible matches of "0..5" on pattern ["-" {Integer}]!
                                              parseExpressionAsPattern [{digit}+] "0..5" {
                                              } -> There do not exist any possible matches of "0..5" on pattern [{digit}+]!
                                              parseExpressionAsPattern ["(" {Integer} ")"] "0..5" {
                                              } -> There do not exist any possible matches of "0..5" on pattern ["(" {Integer} ")"]!
                                              parseExpressionAsPattern [{Dictionary<Integer>} "." {varName}] "0..5" {
                                              } -> There do not exist any possible matches of "0..5" on pattern [{Dictionary<Integer>} "." {varName}]!
                                              parseExpressionAsPattern [{Dictionary<Integer>} "[" ({String} | {Number}) "]"] "0..5" {
                                              } -> There do not exist any possible matches of "0..5" on pattern [{Dictionary<Integer>} "[" ({String} | {Number}) "]"]!
                                              parseExpressionAsPattern [{Iterable<Integer>} "[" {Integer} "]"] "0..5" {
                                              } -> There do not exist any possible matches of "0..5" on pattern [{Iterable<Integer>} "[" {Integer} "]"]!
                                            } -> "0..5" did not match any pattern of type: Integer!
                                          } -> All possible matches of "0..5" on pattern [{Integer}] failed.
                                          parseExpressionAsPattern [{Number} "+" {Number}] "0..5" {
                                          } -> There do not exist any possible matches of "0..5" on pattern [{Number} "+" {Number}]!
                                          parseExpressionAsPattern [{Number} "-" {Number}] "0..5" {
                                          } -> There do not exist any possible matches of "0..5" on pattern [{Number} "-" {Number}]!
                                          parseExpressionAsPattern [{Number} "*" {Number}] "0..5" {
                                          } -> There do not exist any possible matches of "0..5" on pattern [{Number} "*" {Number}]!
                                          parseExpressionAsPattern [{Number} "/" {Number}] "0..5" {
                                          } -> There do not exist any possible matches of "0..5" on pattern [{Number} "/" {Number}]!
                                          parseExpressionAsPattern [{Number} "^" {Number}] "0..5" {
                                          } -> There do not exist any possible matches of "0..5" on pattern [{Number} "^" {Number}]!
                                          parseExpressionAsPattern ["-" {Number}] "0..5" {
                                          } -> There do not exist any possible matches of "0..5" on pattern ["-" {Number}]!
                                          parseExpressionAsPattern [{numlit}] "0..5" {
                                            parseExpressionAsType {numlit} "0..5" {
                                              parseExpressionAsPattern [{digit}+"."{endbit}??] "0..5" {
                                                parseExpressionAsMetatype {digit}+ "0" {
                                                  parseExpressionAsPattern [{digit}{digit}*] "0" {
                                                    parseExpressionAsType {digit} "0" {
                                                      parseExpressionAsPattern [[0123456789]] "0" {
                                                        parseExpressionAsMetatype [0123456789] "0" {
                                                        } -> Parsed
                                                      } -> Parsed
                                                    } -> Parsed
                                                    parseExpressionAsMetatype {digit}* "" {
                                                    } -> Parsed
                                                  } -> Parsed
                                                } -> Parsed
                                                parseExpressionAsMetatype "."{endbit}?? "..5" {
                                                  parseExpressionAsPattern ["."{endbit}?"."{endbit}?{0, 0}] "..5" {
                                                  } -> There do not exist any possible matches of "..5" on pattern ["."{endbit}?"."{endbit}?{0, 0}]!
                                                } -> There do not exist any possible matches of "..5" on pattern ["."{endbit}?"."{endbit}?{0, 0}]!
                                              } -> All possible matches of "0..5" on pattern [{digit}+"."{endbit}??] failed.
                                              parseExpressionAsPattern [{digit}*"."{digit}+{endbit}?] "0..5" {
                                              } -> There do not exist any possible matches of "0..5" on pattern [{digit}*"."{digit}+{endbit}?]!
                                            } -> "0..5" did not match any pattern of type: numlit!
                                          } -> All possible matches of "0..5" on pattern [{numlit}] failed.
                                          parseExpressionAsPattern ["rand" {Tuple}] "0..5" {
                                          } -> There do not exist any possible matches of "0..5" on pattern ["rand" {Tuple}]!
                                          parseExpressionAsPattern ["(" {Number} ")"] "0..5" {
                                          } -> There do not exist any possible matches of "0..5" on pattern ["(" {Number} ")"]!
                                          parseExpressionAsPattern [{Dictionary<Number>} "." {varName}] "0..5" {
                                          } -> There do not exist any possible matches of "0..5" on pattern [{Dictionary<Number>} "." {varName}]!
                                          parseExpressionAsPattern [{Dictionary<Number>} "[" ({String} | {Number}) "]"] "0..5" {
                                          } -> There do not exist any possible matches of "0..5" on pattern [{Dictionary<Number>} "[" ({String} | {Number}) "]"]!
                                          parseExpressionAsPattern [{Iterable<Number>} "[" {Integer} "]"] "0..5" {
                                          } -> There do not exist any possible matches of "0..5" on pattern [{Iterable<Number>} "[" {Integer} "]"]!
                                        } -> "0..5" did not match any pattern of type: Number!
                                      } -> All possible matches of "0..5" on pattern [{Number}] failed.
                                      parseExpressionAsPattern [{String}] "0..5" {
                                        parseExpressionAsType {String} "0..5" {
                                          parseExpressionAsPattern ["""[NOT "]*"""] "0..5" {
                                          } -> There do not exist any possible matches of "0..5" on pattern ["""[NOT "]*"""]!
                                          parseExpressionAsPattern ["'"[NOT ']*"'"] "0..5" {
                                          } -> There do not exist any possible matches of "0..5" on pattern ["'"[NOT ']*"'"]!
                                          parseExpressionAsPattern [{stringlike} "++" {stringlike}] "0..5" {
                                          } -> There do not exist any possible matches of "0..5" on pattern [{stringlike} "++" {stringlike}]!
                                          parseExpressionAsPattern [{stringlike} "**" {Integer}] "0..5" {
                                          } -> There do not exist any possible matches of "0..5" on pattern [{stringlike} "**" {Integer}]!
                                          parseExpressionAsPattern ["(" {String} ")"] "0..5" {
                                          } -> There do not exist any possible matches of "0..5" on pattern ["(" {String} ")"]!
                                          parseExpressionAsPattern [{Dictionary<String>} "." {varName}] "0..5" {
                                          } -> There do not exist any possible matches of "0..5" on pattern [{Dictionary<String>} "." {varName}]!
                                          parseExpressionAsPattern [{Dictionary<String>} "[" ({String} | {Number}) "]"] "0..5" {
                                          } -> There do not exist any possible matches of "0..5" on pattern [{Dictionary<String>} "[" ({String} | {Number}) "]"]!
                                          parseExpressionAsPattern [{Iterable<String>} "[" {Integer} "]"] "0..5" {
                                          } -> There do not exist any possible matches of "0..5" on pattern [{Iterable<String>} "[" {Integer} "]"]!
                                        } -> "0..5" did not match any pattern of type: String!
                                      } -> All possible matches of "0..5" on pattern [{String}] failed.
                                      parseExpressionAsPattern [{Boolean}] "0..5" {
                                        parseExpressionAsType {Boolean} "0..5" {
                                          parseExpressionAsPattern [{Boolean} "or" {Boolean}] "0..5" {
                                          } -> There do not exist any possible matches of "0..5" on pattern [{Boolean} "or" {Boolean}]!
                                          parseExpressionAsPattern [{Boolean} "and" {Boolean}] "0..5" {
                                          } -> There do not exist any possible matches of "0..5" on pattern [{Boolean} "and" {Boolean}]!
                                          parseExpressionAsPattern [{Boolean} "xor" {Boolean}] "0..5" {
                                          } -> There do not exist any possible matches of "0..5" on pattern [{Boolean} "xor" {Boolean}]!
                                          parseExpressionAsPattern ["not" {Boolean}] "0..5" {
                                          } -> There do not exist any possible matches of "0..5" on pattern ["not" {Boolean}]!
                                          parseExpressionAsPattern [{Number} "<" {Number}] "0..5" {
                                          } -> There do not exist any possible matches of "0..5" on pattern [{Number} "<" {Number}]!
                                          parseExpressionAsPattern [{Number} "<=" {Number}] "0..5" {
                                          } -> There do not exist any possible matches of "0..5" on pattern [{Number} "<=" {Number}]!
                                          parseExpressionAsPattern [{Number} ">" {Number}] "0..5" {
                                          } -> There do not exist any possible matches of "0..5" on pattern [{Number} ">" {Number}]!
                                          parseExpressionAsPattern [{Number} ">=" {Number}] "0..5" {
                                          } -> There do not exist any possible matches of "0..5" on pattern [{Number} ">=" {Number}]!
                                          parseExpressionAsPattern [{Object} "==" {Object}] "0..5" {
                                          } -> There do not exist any possible matches of "0..5" on pattern [{Object} "==" {Object}]!
                                          parseExpressionAsPattern [{Object} "in" {Iterable}] "0..5" {
                                          } -> There do not exist any possible matches of "0..5" on pattern [{Object} "in" {Iterable}]!
                                          parseExpressionAsPattern [{boollit}] "0..5" {
                                          } -> There do not exist any possible matches of "0..5" on pattern [{boollit}]!
                                          parseExpressionAsPattern ["(" {Boolean} ")"] "0..5" {
                                          } -> There do not exist any possible matches of "0..5" on pattern ["(" {Boolean} ")"]!
                                          parseExpressionAsPattern [{Dictionary<Boolean>} "." {varName}] "0..5" {
                                          } -> There do not exist any possible matches of "0..5" on pattern [{Dictionary<Boolean>} "." {varName}]!
                                          parseExpressionAsPattern [{Dictionary<Boolean>} "[" ({String} | {Number}) "]"] "0..5" {
                                          } -> There do not exist any possible matches of "0..5" on pattern [{Dictionary<Boolean>} "[" ({String} | {Number}) "]"]!
                                          parseExpressionAsPattern [{Iterable<Boolean>} "[" {Integer} "]"] "0..5" {
                                          } -> There do not exist any possible matches of "0..5" on pattern [{Iterable<Boolean>} "[" {Integer} "]"]!
                                        } -> "0..5" did not match any pattern of type: Boolean!
                                      } -> All possible matches of "0..5" on pattern [{Boolean}] failed.
                                      parseExpressionAsPattern [{Tuple}] "0..5" {
                                      } -> There do not exist any possible matches of "0..5" on pattern [{Tuple}]!
                                      parseExpressionAsPattern [{DiscreteRange}] "0..5" {
                                      } -> There do not exist any possible matches of "0..5" on pattern [{DiscreteRange}]!
                                      parseExpressionAsPattern [{List}] "0..5" {
                                      } -> There do not exist any possible matches of "0..5" on pattern [{List}]!
                                      parseExpressionAsPattern [{Iterable}] "0..5" {
                                      } -> There do not exist any possible matches of "0..5" on pattern [{Iterable}]!
                                      parseExpressionAsPattern [{Dictionary}] "0..5" {
                                      } -> There do not exist any possible matches of "0..5" on pattern [{Dictionary}]!
                                    } -> "0..5" did not match any pattern in list: ({Integer} | {Number} | {String} | {Boolean} | {Tuple} | {DiscreteRange} | {List} | {Iterable} | {Dictionary})!
                                  } -> All possible matches of "0..5" on pattern [({Integer} | {Number} | {String} | {Boolean} | {Tuple} | {DiscreteRange} | {List} | {Iterable} | {Dictionary})] failed.
                                  parseExpressionAsPattern ["(" {Object} ")"] "0..5" {
                                  } -> There do not exist any possible matches of "0..5" on pattern ["(" {Object} ")"]!
                                  parseExpressionAsPattern [{Dictionary<Object>} "." {varName}] "0..5" {
                                  } -> There do not exist any possible matches of "0..5" on pattern [{Dictionary<Object>} "." {varName}]!
                                  parseExpressionAsPattern [{Dictionary<Object>} "[" ({String} | {Number}) "]"] "0..5" {
                                  } -> There do not exist any possible matches of "0..5" on pattern [{Dictionary<Object>} "[" ({String} | {Number}) "]"]!
                                  parseExpressionAsPattern [{Iterable<Object>} "[" {Integer} "]"] "0..5" {
                                  } -> There do not exist any possible matches of "0..5" on pattern [{Iterable<Object>} "[" {Integer} "]"]!
                                } -> "0..5" did not match any pattern of type: Object!
                              } -> All possible matches of "0..5" on pattern [{Object} "," {Object} * ","?] failed.
                            } -> "0..5" did not match any pattern of type: commaSeparatedObjects<Object>!
                          } -> All possible matches of "0..5" on pattern [{commaSeparatedObjects<Object>}{commaSeparatedObjects<Object>}{0, 0}] failed.
                        } -> All possible matches of "0..5" on pattern [{commaSeparatedObjects<Object>}{commaSeparatedObjects<Object>}{0, 0}] failed.
                      } -> All possible matches of "[0..5]" on pattern ["[" {commaSeparatedObjects<Object>}? "]"] failed.
                    } -> "[0..5]" did not match any pattern of type: listlit<Object>!
                  } -> All possible matches of "[0..5]" on pattern [{listlit<Object>}] failed.
                  parseExpressionAsPattern ["(" {List<Object>} ")"] "[0..5]" {
                  } -> There do not exist any possible matches of "[0..5]" on pattern ["(" {List<Object>} ")"]!
                  parseExpressionAsPattern [{Dictionary<List<Object>>} "." {varName}] "[0..5]" {
                  } -> There do not exist any possible matches of "[0..5]" on pattern [{Dictionary<List<Object>>} "." {varName}]!
                  parseExpressionAsPattern [{Dictionary<List<Object>>} "[" ({String} | {Number}) "]"] "[0..5]" {
                  } -> There do not exist any possible matches of "[0..5]" on pattern [{Dictionary<List<Object>>} "[" ({String} | {Number}) "]"]!
                  parseExpressionAsPattern [{Iterable<List<Object>>} "[" {Integer} "]"] "[0..5]" {
                  } -> There do not exist any possible matches of "[0..5]" on pattern [{Iterable<List<Object>>} "[" {Integer} "]"]!
                } -> "[0..5]" did not match any pattern of type: List<Object>!
              } -> All possible matches of "[0..5] ++ [0..10]" on pattern [{List<Object>} "++" {List<Object>}] failed.
              parseExpressionAsPattern [{List<Object>} "**" {Integer}] "[0..5] ++ [0..10]" {
              } -> There do not exist any possible matches of "[0..5] ++ [0..10]" on pattern [{List<Object>} "**" {Integer}]!
              parseExpressionAsPattern [{listlit<Object>}] "[0..5] ++ [0..10]" {
                parseExpressionAsType {listlit<Object>} "[0..5] ++ [0..10]" {
                  parseExpressionAsPattern ["[" {commaSeparatedObjects<Object>}? "]"] "[0..5] ++ [0..10]" {
                    parseExpressionAsMetatype   "" {
                    } -> Parsed
                    parseExpressionAsMetatype {commaSeparatedObjects<Object>}? "0..5] ++ [0..10" {
                      parseExpressionAsPattern [{commaSeparatedObjects<Object>}{commaSeparatedObjects<Object>}{0, 0}] "0..5] ++ [0..10" {
                        parseExpressionAsType {commaSeparatedObjects<Object>} "0..5] ++ [0..10" {
                          parseExpressionAsPattern [{Object} "," {Object} * ","?] "0..5] ++ [0..10" {
                            parseExpressionAsType {Object} "0..5] ++ [0..10" {
                              parseExpressionAsPattern [({Integer} | {Number} | {String} | {Boolean} | {Tuple} | {DiscreteRange} | {List} | {Iterable} | {Dictionary})] "0..5] ++ [0..10" {
                                parseExpressionAsMetatype ({Integer} | {Number} | {String} | {Boolean} | {Tuple} | {DiscreteRange} | {List} | {Iterable} | {Dictionary}) "0..5] ++ [0..10" {
                                  parseExpressionAsPattern [{Integer}] "0..5] ++ [0..10" {
                                    parseExpressionAsType {Integer} "0..5] ++ [0..10" {
                                      parseExpressionAsPattern ["round" {Number}] "0..5] ++ [0..10" {
                                      } -> There do not exist any possible matches of "0..5] ++ [0..10" on pattern ["round" {Number}]!
                                      parseExpressionAsPattern [{Iterable} "." "length"] "0..5] ++ [0..10" {
                                      } -> There do not exist any possible matches of "0..5] ++ [0..10" on pattern [{Iterable} "." "length"]!
                                      parseExpressionAsPattern [{Integer} "+" {Integer}] "0..5] ++ [0..10" {
                                      } -> There do not exist any possible matches of "0..5] ++ [0..10" on pattern [{Integer} "+" {Integer}]!
                                      parseExpressionAsPattern [{Integer} "-" {Integer}] "0..5] ++ [0..10" {
                                      } -> There do not exist any possible matches of "0..5] ++ [0..10" on pattern [{Integer} "-" {Integer}]!
                                      parseExpressionAsPattern [{Integer} "*" {Integer}] "0..5] ++ [0..10" {
                                      } -> There do not exist any possible matches of "0..5] ++ [0..10" on pattern [{Integer} "*" {Integer}]!
                                      parseExpressionAsPattern [{Integer} "/" {Integer}] "0..5] ++ [0..10" {
                                      } -> There do not exist any possible matches of "0..5] ++ [0..10" on pattern [{Integer} "/" {Integer}]!
                                      parseExpressionAsPattern [{Integer} "^" {Integer}] "0..5] ++ [0..10" {
                                      } -> There do not exist any possible matches of "0..5] ++ [0..10" on pattern [{Integer} "^" {Integer}]!
                                      parseExpressionAsPattern ["-" {Integer}] "0..5] ++ [0..10" {
                                      } -> There do not exist any possible matches of "0..5] ++ [0..10" on pattern ["-" {Integer}]!
                                      parseExpressionAsPattern [{digit}+] "0..5] ++ [0..10" {
                                      } -> There do not exist any possible matches of "0..5] ++ [0..10" on pattern [{digit}+]!
                                      parseExpressionAsPattern ["(" {Integer} ")"] "0..5] ++ [0..10" {
                                      } -> There do not exist any possible matches of "0..5] ++ [0..10" on pattern ["(" {Integer} ")"]!
                                      parseExpressionAsPattern [{Dictionary<Integer>} "." {varName}] "0..5] ++ [0..10" {
                                      } -> There do not exist any possible matches of "0..5] ++ [0..10" on pattern [{Dictionary<Integer>} "." {varName}]!
                                      parseExpressionAsPattern [{Dictionary<Integer>} "[" ({String} | {Number}) "]"] "0..5] ++ [0..10" {
                                      } -> There do not exist any possible matches of "0..5] ++ [0..10" on pattern [{Dictionary<Integer>} "[" ({String} | {Number}) "]"]!
                                      parseExpressionAsPattern [{Iterable<Integer>} "[" {Integer} "]"] "0..5] ++ [0..10" {
                                      } -> There do not exist any possible matches of "0..5] ++ [0..10" on pattern [{Iterable<Integer>} "[" {Integer} "]"]!
                                    } -> "0..5] ++ [0..10" did not match any pattern of type: Integer!
                                  } -> All possible matches of "0..5] ++ [0..10" on pattern [{Integer}] failed.
                                  parseExpressionAsPattern [{Number}] "0..5] ++ [0..10" {
                                    parseExpressionAsType {Number} "0..5] ++ [0..10" {
                                      parseExpressionAsPattern [{Integer}] "0..5] ++ [0..10" {
                                        parseExpressionAsType {Integer} "0..5] ++ [0..10" {
                                          parseExpressionAsPattern ["round" {Number}] "0..5] ++ [0..10" {
                                          } -> There do not exist any possible matches of "0..5] ++ [0..10" on pattern ["round" {Number}]!
                                          parseExpressionAsPattern [{Iterable} "." "length"] "0..5] ++ [0..10" {
                                          } -> There do not exist any possible matches of "0..5] ++ [0..10" on pattern [{Iterable} "." "length"]!
                                          parseExpressionAsPattern [{Integer} "+" {Integer}] "0..5] ++ [0..10" {
                                          } -> There do not exist any possible matches of "0..5] ++ [0..10" on pattern [{Integer} "+" {Integer}]!
                                          parseExpressionAsPattern [{Integer} "-" {Integer}] "0..5] ++ [0..10" {
                                          } -> There do not exist any possible matches of "0..5] ++ [0..10" on pattern [{Integer} "-" {Integer}]!
                                          parseExpressionAsPattern [{Integer} "*" {Integer}] "0..5] ++ [0..10" {
                                          } -> There do not exist any possible matches of "0..5] ++ [0..10" on pattern [{Integer} "*" {Integer}]!
                                          parseExpressionAsPattern [{Integer} "/" {Integer}] "0..5] ++ [0..10" {
                                          } -> There do not exist any possible matches of "0..5] ++ [0..10" on pattern [{Integer} "/" {Integer}]!
                                          parseExpressionAsPattern [{Integer} "^" {Integer}] "0..5] ++ [0..10" {
                                          } -> There do not exist any possible matches of "0..5] ++ [0..10" on pattern [{Integer} "^" {Integer}]!
                                          parseExpressionAsPattern ["-" {Integer}] "0..5] ++ [0..10" {
                                          } -> There do not exist any possible matches of "0..5] ++ [0..10" on pattern ["-" {Integer}]!
                                          parseExpressionAsPattern [{digit}+] "0..5] ++ [0..10" {
                                          } -> There do not exist any possible matches of "0..5] ++ [0..10" on pattern [{digit}+]!
                                          parseExpressionAsPattern ["(" {Integer} ")"] "0..5] ++ [0..10" {
                                          } -> There do not exist any possible matches of "0..5] ++ [0..10" on pattern ["(" {Integer} ")"]!
                                          parseExpressionAsPattern [{Dictionary<Integer>} "." {varName}] "0..5] ++ [0..10" {
                                          } -> There do not exist any possible matches of "0..5] ++ [0..10" on pattern [{Dictionary<Integer>} "." {varName}]!
                                          parseExpressionAsPattern [{Dictionary<Integer>} "[" ({String} | {Number}) "]"] "0..5] ++ [0..10" {
                                          } -> There do not exist any possible matches of "0..5] ++ [0..10" on pattern [{Dictionary<Integer>} "[" ({String} | {Number}) "]"]!
                                          parseExpressionAsPattern [{Iterable<Integer>} "[" {Integer} "]"] "0..5] ++ [0..10" {
                                          } -> There do not exist any possible matches of "0..5] ++ [0..10" on pattern [{Iterable<Integer>} "[" {Integer} "]"]!
                                        } -> "0..5] ++ [0..10" did not match any pattern of type: Integer!
                                      } -> All possible matches of "0..5] ++ [0..10" on pattern [{Integer}] failed.
                                      parseExpressionAsPattern [{Number} "+" {Number}] "0..5] ++ [0..10" {
                                      } -> There do not exist any possible matches of "0..5] ++ [0..10" on pattern [{Number} "+" {Number}]!
                                      parseExpressionAsPattern [{Number} "-" {Number}] "0..5] ++ [0..10" {
                                      } -> There do not exist any possible matches of "0..5] ++ [0..10" on pattern [{Number} "-" {Number}]!
                                      parseExpressionAsPattern [{Number} "*" {Number}] "0..5] ++ [0..10" {
                                      } -> There do not exist any possible matches of "0..5] ++ [0..10" on pattern [{Number} "*" {Number}]!
                                      parseExpressionAsPattern [{Number} "/" {Number}] "0..5] ++ [0..10" {
                                      } -> There do not exist any possible matches of "0..5] ++ [0..10" on pattern [{Number} "/" {Number}]!
                                      parseExpressionAsPattern [{Number} "^" {Number}] "0..5] ++ [0..10" {
                                      } -> There do not exist any possible matches of "0..5] ++ [0..10" on pattern [{Number} "^" {Number}]!
                                      parseExpressionAsPattern ["-" {Number}] "0..5] ++ [0..10" {
                                      } -> There do not exist any possible matches of "0..5] ++ [0..10" on pattern ["-" {Number}]!
                                      parseExpressionAsPattern [{numlit}] "0..5] ++ [0..10" {
                                      } -> There do not exist any possible matches of "0..5] ++ [0..10" on pattern [{numlit}]!
                                      parseExpressionAsPattern ["rand" {Tuple}] "0..5] ++ [0..10" {
                                      } -> There do not exist any possible matches of "0..5] ++ [0..10" on pattern ["rand" {Tuple}]!
                                      parseExpressionAsPattern ["(" {Number} ")"] "0..5] ++ [0..10" {
                                      } -> There do not exist any possible matches of "0..5] ++ [0..10" on pattern ["(" {Number} ")"]!
                                      parseExpressionAsPattern [{Dictionary<Number>} "." {varName}] "0..5] ++ [0..10" {
                                      } -> There do not exist any possible matches of "0..5] ++ [0..10" on pattern [{Dictionary<Number>} "." {varName}]!
                                      parseExpressionAsPattern [{Dictionary<Number>} "[" ({String} | {Number}) "]"] "0..5] ++ [0..10" {
                                      } -> There do not exist any possible matches of "0..5] ++ [0..10" on pattern [{Dictionary<Number>} "[" ({String} | {Number}) "]"]!
                                      parseExpressionAsPattern [{Iterable<Number>} "[" {Integer} "]"] "0..5] ++ [0..10" {
                                      } -> There do not exist any possible matches of "0..5] ++ [0..10" on pattern [{Iterable<Number>} "[" {Integer} "]"]!
                                    } -> "0..5] ++ [0..10" did not match any pattern of type: Number!
                                  } -> All possible matches of "0..5] ++ [0..10" on pattern [{Number}] failed.
                                  parseExpressionAsPattern [{String}] "0..5] ++ [0..10" {
                                    parseExpressionAsType {String} "0..5] ++ [0..10" {
                                      parseExpressionAsPattern ["""[NOT "]*"""] "0..5] ++ [0..10" {
                                      } -> There do not exist any possible matches of "0..5] ++ [0..10" on pattern ["""[NOT "]*"""]!
                                      parseExpressionAsPattern ["'"[NOT ']*"'"] "0..5] ++ [0..10" {
                                      } -> There do not exist any possible matches of "0..5] ++ [0..10" on pattern ["'"[NOT ']*"'"]!
                                      parseExpressionAsPattern [{stringlike} "++" {stringlike}] "0..5] ++ [0..10" {
                                        parseExpressionAsType {stringlike} "0..5]" {
                                          parseExpressionAsPattern [({Number} | {String} | {Boolean})] "0..5]" {
                                            parseExpressionAsMetatype ({Number} | {String} | {Boolean}) "0..5]" {
                                              parseExpressionAsPattern [{Number}] "0..5]" {
                                                parseExpressionAsType {Number} "0..5]" {
                                                  parseExpressionAsPattern [{Integer}] "0..5]" {
                                                    parseExpressionAsType {Integer} "0..5]" {
                                                      parseExpressionAsPattern ["round" {Number}] "0..5]" {
                                                      } -> There do not exist any possible matches of "0..5]" on pattern ["round" {Number}]!
                                                      parseExpressionAsPattern [{Iterable} "." "length"] "0..5]" {
                                                      } -> There do not exist any possible matches of "0..5]" on pattern [{Iterable} "." "length"]!
                                                      parseExpressionAsPattern [{Integer} "+" {Integer}] "0..5]" {
                                                      } -> There do not exist any possible matches of "0..5]" on pattern [{Integer} "+" {Integer}]!
                                                      parseExpressionAsPattern [{Integer} "-" {Integer}] "0..5]" {
                                                      } -> There do not exist any possible matches of "0..5]" on pattern [{Integer} "-" {Integer}]!
                                                      parseExpressionAsPattern [{Integer} "*" {Integer}] "0..5]" {
                                                      } -> There do not exist any possible matches of "0..5]" on pattern [{Integer} "*" {Integer}]!
                                                      parseExpressionAsPattern [{Integer} "/" {Integer}] "0..5]" {
                                                      } -> There do not exist any possible matches of "0..5]" on pattern [{Integer} "/" {Integer}]!
                                                      parseExpressionAsPattern [{Integer} "^" {Integer}] "0..5]" {
                                                      } -> There do not exist any possible matches of "0..5]" on pattern [{Integer} "^" {Integer}]!
                                                      parseExpressionAsPattern ["-" {Integer}] "0..5]" {
                                                      } -> There do not exist any possible matches of "0..5]" on pattern ["-" {Integer}]!
                                                      parseExpressionAsPattern [{digit}+] "0..5]" {
                                                      } -> There do not exist any possible matches of "0..5]" on pattern [{digit}+]!
                                                      parseExpressionAsPattern ["(" {Integer} ")"] "0..5]" {
                                                      } -> There do not exist any possible matches of "0..5]" on pattern ["(" {Integer} ")"]!
                                                      parseExpressionAsPattern [{Dictionary<Integer>} "." {varName}] "0..5]" {
                                                      } -> There do not exist any possible matches of "0..5]" on pattern [{Dictionary<Integer>} "." {varName}]!
                                                      parseExpressionAsPattern [{Dictionary<Integer>} "[" ({String} | {Number}) "]"] "0..5]" {
                                                      } -> There do not exist any possible matches of "0..5]" on pattern [{Dictionary<Integer>} "[" ({String} | {Number}) "]"]!
                                                      parseExpressionAsPattern [{Iterable<Integer>} "[" {Integer} "]"] "0..5]" {
                                                      } -> There do not exist any possible matches of "0..5]" on pattern [{Iterable<Integer>} "[" {Integer} "]"]!
                                                    } -> "0..5]" did not match any pattern of type: Integer!
                                                  } -> All possible matches of "0..5]" on pattern [{Integer}] failed.
                                                  parseExpressionAsPattern [{Number} "+" {Number}] "0..5]" {
                                                  } -> There do not exist any possible matches of "0..5]" on pattern [{Number} "+" {Number}]!
                                                  parseExpressionAsPattern [{Number} "-" {Number}] "0..5]" {
                                                  } -> There do not exist any possible matches of "0..5]" on pattern [{Number} "-" {Number}]!
                                                  parseExpressionAsPattern [{Number} "*" {Number}] "0..5]" {
                                                  } -> There do not exist any possible matches of "0..5]" on pattern [{Number} "*" {Number}]!
                                                  parseExpressionAsPattern [{Number} "/" {Number}] "0..5]" {
                                                  } -> There do not exist any possible matches of "0..5]" on pattern [{Number} "/" {Number}]!
                                                  parseExpressionAsPattern [{Number} "^" {Number}] "0..5]" {
                                                  } -> There do not exist any possible matches of "0..5]" on pattern [{Number} "^" {Number}]!
                                                  parseExpressionAsPattern ["-" {Number}] "0..5]" {
                                                  } -> There do not exist any possible matches of "0..5]" on pattern ["-" {Number}]!
                                                  parseExpressionAsPattern [{numlit}] "0..5]" {
                                                  } -> There do not exist any possible matches of "0..5]" on pattern [{numlit}]!
                                                  parseExpressionAsPattern ["rand" {Tuple}] "0..5]" {
                                                  } -> There do not exist any possible matches of "0..5]" on pattern ["rand" {Tuple}]!
                                                  parseExpressionAsPattern ["(" {Number} ")"] "0..5]" {
                                                  } -> There do not exist any possible matches of "0..5]" on pattern ["(" {Number} ")"]!
                                                  parseExpressionAsPattern [{Dictionary<Number>} "." {varName}] "0..5]" {
                                                  } -> There do not exist any possible matches of "0..5]" on pattern [{Dictionary<Number>} "." {varName}]!
                                                  parseExpressionAsPattern [{Dictionary<Number>} "[" ({String} | {Number}) "]"] "0..5]" {
                                                  } -> There do not exist any possible matches of "0..5]" on pattern [{Dictionary<Number>} "[" ({String} | {Number}) "]"]!
                                                  parseExpressionAsPattern [{Iterable<Number>} "[" {Integer} "]"] "0..5]" {
                                                  } -> There do not exist any possible matches of "0..5]" on pattern [{Iterable<Number>} "[" {Integer} "]"]!
                                                } -> "0..5]" did not match any pattern of type: Number!
                                              } -> All possible matches of "0..5]" on pattern [{Number}] failed.
                                              parseExpressionAsPattern [{String}] "0..5]" {
                                                parseExpressionAsType {String} "0..5]" {
                                                  parseExpressionAsPattern ["""[NOT "]*"""] "0..5]" {
                                                  } -> There do not exist any possible matches of "0..5]" on pattern ["""[NOT "]*"""]!
                                                  parseExpressionAsPattern ["'"[NOT ']*"'"] "0..5]" {
                                                  } -> There do not exist any possible matches of "0..5]" on pattern ["'"[NOT ']*"'"]!
                                                  parseExpressionAsPattern [{stringlike} "++" {stringlike}] "0..5]" {
                                                  } -> There do not exist any possible matches of "0..5]" on pattern [{stringlike} "++" {stringlike}]!
                                                  parseExpressionAsPattern [{stringlike} "**" {Integer}] "0..5]" {
                                                  } -> There do not exist any possible matches of "0..5]" on pattern [{stringlike} "**" {Integer}]!
                                                  parseExpressionAsPattern ["(" {String} ")"] "0..5]" {
                                                  } -> There do not exist any possible matches of "0..5]" on pattern ["(" {String} ")"]!
                                                  parseExpressionAsPattern [{Dictionary<String>} "." {varName}] "0..5]" {
                                                  } -> There do not exist any possible matches of "0..5]" on pattern [{Dictionary<String>} "." {varName}]!
                                                  parseExpressionAsPattern [{Dictionary<String>} "[" ({String} | {Number}) "]"] "0..5]" {
                                                  } -> There do not exist any possible matches of "0..5]" on pattern [{Dictionary<String>} "[" ({String} | {Number}) "]"]!
                                                  parseExpressionAsPattern [{Iterable<String>} "[" {Integer} "]"] "0..5]" {
                                                  } -> There do not exist any possible matches of "0..5]" on pattern [{Iterable<String>} "[" {Integer} "]"]!
                                                } -> "0..5]" did not match any pattern of type: String!
                                              } -> All possible matches of "0..5]" on pattern [{String}] failed.
                                              parseExpressionAsPattern [{Boolean}] "0..5]" {
                                                parseExpressionAsType {Boolean} "0..5]" {
                                                  parseExpressionAsPattern [{Boolean} "or" {Boolean}] "0..5]" {
                                                  } -> There do not exist any possible matches of "0..5]" on pattern [{Boolean} "or" {Boolean}]!
                                                  parseExpressionAsPattern [{Boolean} "and" {Boolean}] "0..5]" {
                                                  } -> There do not exist any possible matches of "0..5]" on pattern [{Boolean} "and" {Boolean}]!
                                                  parseExpressionAsPattern [{Boolean} "xor" {Boolean}] "0..5]" {
                                                  } -> There do not exist any possible matches of "0..5]" on pattern [{Boolean} "xor" {Boolean}]!
                                                  parseExpressionAsPattern ["not" {Boolean}] "0..5]" {
                                                  } -> There do not exist any possible matches of "0..5]" on pattern ["not" {Boolean}]!
                                                  parseExpressionAsPattern [{Number} "<" {Number}] "0..5]" {
                                                  } -> There do not exist any possible matches of "0..5]" on pattern [{Number} "<" {Number}]!
                                                  parseExpressionAsPattern [{Number} "<=" {Number}] "0..5]" {
                                                  } -> There do not exist any possible matches of "0..5]" on pattern [{Number} "<=" {Number}]!
                                                  parseExpressionAsPattern [{Number} ">" {Number}] "0..5]" {
                                                  } -> There do not exist any possible matches of "0..5]" on pattern [{Number} ">" {Number}]!
                                                  parseExpressionAsPattern [{Number} ">=" {Number}] "0..5]" {
                                                  } -> There do not exist any possible matches of "0..5]" on pattern [{Number} ">=" {Number}]!
                                                  parseExpressionAsPattern [{Object} "==" {Object}] "0..5]" {
                                                  } -> There do not exist any possible matches of "0..5]" on pattern [{Object} "==" {Object}]!
                                                  parseExpressionAsPattern [{Object} "in" {Iterable}] "0..5]" {
                                                  } -> There do not exist any possible matches of "0..5]" on pattern [{Object} "in" {Iterable}]!
                                                  parseExpressionAsPattern [{boollit}] "0..5]" {
                                                  } -> There do not exist any possible matches of "0..5]" on pattern [{boollit}]!
                                                  parseExpressionAsPattern ["(" {Boolean} ")"] "0..5]" {
                                                  } -> There do not exist any possible matches of "0..5]" on pattern ["(" {Boolean} ")"]!
                                                  parseExpressionAsPattern [{Dictionary<Boolean>} "." {varName}] "0..5]" {
                                                  } -> There do not exist any possible matches of "0..5]" on pattern [{Dictionary<Boolean>} "." {varName}]!
                                                  parseExpressionAsPattern [{Dictionary<Boolean>} "[" ({String} | {Number}) "]"] "0..5]" {
                                                  } -> There do not exist any possible matches of "0..5]" on pattern [{Dictionary<Boolean>} "[" ({String} | {Number}) "]"]!
                                                  parseExpressionAsPattern [{Iterable<Boolean>} "[" {Integer} "]"] "0..5]" {
                                                  } -> There do not exist any possible matches of "0..5]" on pattern [{Iterable<Boolean>} "[" {Integer} "]"]!
                                                } -> "0..5]" did not match any pattern of type: Boolean!
                                              } -> All possible matches of "0..5]" on pattern [{Boolean}] failed.
                                            } -> "0..5]" did not match any pattern in list: ({Number} | {String} | {Boolean})!
                                          } -> All possible matches of "0..5]" on pattern [({Number} | {String} | {Boolean})] failed.
                                        } -> "0..5]" did not match any pattern of type: stringlike!
                                      } -> All possible matches of "0..5] ++ [0..10" on pattern [{stringlike} "++" {stringlike}] failed.
                                      parseExpressionAsPattern [{stringlike} "**" {Integer}] "0..5] ++ [0..10" {
                                      } -> There do not exist any possible matches of "0..5] ++ [0..10" on pattern [{stringlike} "**" {Integer}]!
                                      parseExpressionAsPattern ["(" {String} ")"] "0..5] ++ [0..10" {
                                      } -> There do not exist any possible matches of "0..5] ++ [0..10" on pattern ["(" {String} ")"]!
                                      parseExpressionAsPattern [{Dictionary<String>} "." {varName}] "0..5] ++ [0..10" {
                                      } -> There do not exist any possible matches of "0..5] ++ [0..10" on pattern [{Dictionary<String>} "." {varName}]!
                                      parseExpressionAsPattern [{Dictionary<String>} "[" ({String} | {Number}) "]"] "0..5] ++ [0..10" {
                                      } -> There do not exist any possible matches of "0..5] ++ [0..10" on pattern [{Dictionary<String>} "[" ({String} | {Number}) "]"]!
                                      parseExpressionAsPattern [{Iterable<String>} "[" {Integer} "]"] "0..5] ++ [0..10" {
                                      } -> There do not exist any possible matches of "0..5] ++ [0..10" on pattern [{Iterable<String>} "[" {Integer} "]"]!
                                    } -> "0..5] ++ [0..10" did not match any pattern of type: String!
                                  } -> All possible matches of "0..5] ++ [0..10" on pattern [{String}] failed.
                                  parseExpressionAsPattern [{Boolean}] "0..5] ++ [0..10" {
                                    parseExpressionAsType {Boolean} "0..5] ++ [0..10" {
                                      parseExpressionAsPattern [{Boolean} "or" {Boolean}] "0..5] ++ [0..10" {
                                      } -> There do not exist any possible matches of "0..5] ++ [0..10" on pattern [{Boolean} "or" {Boolean}]!
                                      parseExpressionAsPattern [{Boolean} "and" {Boolean}] "0..5] ++ [0..10" {
                                      } -> There do not exist any possible matches of "0..5] ++ [0..10" on pattern [{Boolean} "and" {Boolean}]!
                                      parseExpressionAsPattern [{Boolean} "xor" {Boolean}] "0..5] ++ [0..10" {
                                      } -> There do not exist any possible matches of "0..5] ++ [0..10" on pattern [{Boolean} "xor" {Boolean}]!
                                      parseExpressionAsPattern ["not" {Boolean}] "0..5] ++ [0..10" {
                                      } -> There do not exist any possible matches of "0..5] ++ [0..10" on pattern ["not" {Boolean}]!
                                      parseExpressionAsPattern [{Number} "<" {Number}] "0..5] ++ [0..10" {
                                      } -> There do not exist any possible matches of "0..5] ++ [0..10" on pattern [{Number} "<" {Number}]!
                                      parseExpressionAsPattern [{Number} "<=" {Number}] "0..5] ++ [0..10" {
                                      } -> There do not exist any possible matches of "0..5] ++ [0..10" on pattern [{Number} "<=" {Number}]!
                                      parseExpressionAsPattern [{Number} ">" {Number}] "0..5] ++ [0..10" {
                                      } -> There do not exist any possible matches of "0..5] ++ [0..10" on pattern [{Number} ">" {Number}]!
                                      parseExpressionAsPattern [{Number} ">=" {Number}] "0..5] ++ [0..10" {
                                      } -> There do not exist any possible matches of "0..5] ++ [0..10" on pattern [{Number} ">=" {Number}]!
                                      parseExpressionAsPattern [{Object} "==" {Object}] "0..5] ++ [0..10" {
                                      } -> There do not exist any possible matches of "0..5] ++ [0..10" on pattern [{Object} "==" {Object}]!
                                      parseExpressionAsPattern [{Object} "in" {Iterable}] "0..5] ++ [0..10" {
                                      } -> There do not exist any possible matches of "0..5] ++ [0..10" on pattern [{Object} "in" {Iterable}]!
                                      parseExpressionAsPattern [{boollit}] "0..5] ++ [0..10" {
                                      } -> There do not exist any possible matches of "0..5] ++ [0..10" on pattern [{boollit}]!
                                      parseExpressionAsPattern ["(" {Boolean} ")"] "0..5] ++ [0..10" {
                                      } -> There do not exist any possible matches of "0..5] ++ [0..10" on pattern ["(" {Boolean} ")"]!
                                      parseExpressionAsPattern [{Dictionary<Boolean>} "." {varName}] "0..5] ++ [0..10" {
                                      } -> There do not exist any possible matches of "0..5] ++ [0..10" on pattern [{Dictionary<Boolean>} "." {varName}]!
                                      parseExpressionAsPattern [{Dictionary<Boolean>} "[" ({String} | {Number}) "]"] "0..5] ++ [0..10" {
                                      } -> There do not exist any possible matches of "0..5] ++ [0..10" on pattern [{Dictionary<Boolean>} "[" ({String} | {Number}) "]"]!
                                      parseExpressionAsPattern [{Iterable<Boolean>} "[" {Integer} "]"] "0..5] ++ [0..10" {
                                      } -> There do not exist any possible matches of "0..5] ++ [0..10" on pattern [{Iterable<Boolean>} "[" {Integer} "]"]!
                                    } -> "0..5] ++ [0..10" did not match any pattern of type: Boolean!
                                  } -> All possible matches of "0..5] ++ [0..10" on pattern [{Boolean}] failed.
                                  parseExpressionAsPattern [{Tuple}] "0..5] ++ [0..10" {
                                  } -> There do not exist any possible matches of "0..5] ++ [0..10" on pattern [{Tuple}]!
                                  parseExpressionAsPattern [{DiscreteRange}] "0..5] ++ [0..10" {
                                  } -> There do not exist any possible matches of "0..5] ++ [0..10" on pattern [{DiscreteRange}]!
                                  parseExpressionAsPattern [{List}] "0..5] ++ [0..10" {
                                  } -> There do not exist any possible matches of "0..5] ++ [0..10" on pattern [{List}]!
                                  parseExpressionAsPattern [{Iterable}] "0..5] ++ [0..10" {
                                  } -> There do not exist any possible matches of "0..5] ++ [0..10" on pattern [{Iterable}]!
                                  parseExpressionAsPattern [{Dictionary}] "0..5] ++ [0..10" {
                                  } -> There do not exist any possible matches of "0..5] ++ [0..10" on pattern [{Dictionary}]!
                                } -> "0..5] ++ [0..10" did not match any pattern in list: ({Integer} | {Number} | {String} | {Boolean} | {Tuple} | {DiscreteRange} | {List} | {Iterable} | {Dictionary})!
                              } -> All possible matches of "0..5] ++ [0..10" on pattern [({Integer} | {Number} | {String} | {Boolean} | {Tuple} | {DiscreteRange} | {List} | {Iterable} | {Dictionary})] failed.
                              parseExpressionAsPattern ["(" {Object} ")"] "0..5] ++ [0..10" {
                              } -> There do not exist any possible matches of "0..5] ++ [0..10" on pattern ["(" {Object} ")"]!
                              parseExpressionAsPattern [{Dictionary<Object>} "." {varName}] "0..5] ++ [0..10" {
                              } -> There do not exist any possible matches of "0..5] ++ [0..10" on pattern [{Dictionary<Object>} "." {varName}]!
                              parseExpressionAsPattern [{Dictionary<Object>} "[" ({String} | {Number}) "]"] "0..5] ++ [0..10" {
                              } -> There do not exist any possible matches of "0..5] ++ [0..10" on pattern [{Dictionary<Object>} "[" ({String} | {Number}) "]"]!
                              parseExpressionAsPattern [{Iterable<Object>} "[" {Integer} "]"] "0..5] ++ [0..10" {
                              } -> There do not exist any possible matches of "0..5] ++ [0..10" on pattern [{Iterable<Object>} "[" {Integer} "]"]!
                            } -> "0..5] ++ [0..10" did not match any pattern of type: Object!
                          } -> All possible matches of "0..5] ++ [0..10" on pattern [{Object} "," {Object} * ","?] failed.
                        } -> "0..5] ++ [0..10" did not match any pattern of type: commaSeparatedObjects<Object>!
                      } -> All possible matches of "0..5] ++ [0..10" on pattern [{commaSeparatedObjects<Object>}{commaSeparatedObjects<Object>}{0, 0}] failed.
                    } -> All possible matches of "0..5] ++ [0..10" on pattern [{commaSeparatedObjects<Object>}{commaSeparatedObjects<Object>}{0, 0}] failed.
                  } -> All possible matches of "[0..5] ++ [0..10]" on pattern ["[" {commaSeparatedObjects<Object>}? "]"] failed.
                } -> "[0..5] ++ [0..10]" did not match any pattern of type: listlit<Object>!
              } -> All possible matches of "[0..5] ++ [0..10]" on pattern [{listlit<Object>}] failed.
              parseExpressionAsPattern ["(" {List} ")"] "[0..5] ++ [0..10]" {
              } -> There do not exist any possible matches of "[0..5] ++ [0..10]" on pattern ["(" {List} ")"]!
              parseExpressionAsPattern [{Dictionary<List>} "." {varName}] "[0..5] ++ [0..10]" {
              } -> There do not exist any possible matches of "[0..5] ++ [0..10]" on pattern [{Dictionary<List>} "." {varName}]!
              parseExpressionAsPattern [{Dictionary<List>} "[" ({String} | {Number}) "]"] "[0..5] ++ [0..10]" {
              } -> There do not exist any possible matches of "[0..5] ++ [0..10]" on pattern [{Dictionary<List>} "[" ({String} | {Number}) "]"]!
              parseExpressionAsPattern [{Iterable<List>} "[" {Integer} "]"] "[0..5] ++ [0..10]" {
              } -> There do not exist any possible matches of "[0..5] ++ [0..10]" on pattern [{Iterable<List>} "[" {Integer} "]"]!
            } -> "[0..5] ++ [0..10]" did not match any pattern of type: List!
          } -> All possible matches of "[0..5] ++ [0..10]" on pattern [{List}] failed.
          parseExpressionAsPattern [{Iterable}] "[0..5] ++ [0..10]" {
            parseExpressionAsType {Iterable} "[0..5] ++ [0..10]" {
              parseExpressionAsPattern [{DiscreteRange}] "[0..5] ++ [0..10]" {
                parseExpressionAsType {DiscreteRange} "[0..5] ++ [0..10]" {
                  parseExpressionAsPattern ["[" {Number} ".." "]"] "[0..5] ++ [0..10]" {
                  } -> There do not exist any possible matches of "[0..5] ++ [0..10]" on pattern ["[" {Number} ".." "]"]!
                  parseExpressionAsPattern ["[" {Number} ".." {Number} "]"] "[0..5] ++ [0..10]" {
                    parseExpressionAsMetatype   "" {
                    } -> Parsed
                    parseExpressionAsType {Number} "0" {
                      parseExpressionAsPattern [{Integer}] "0" {
                        parseExpressionAsType {Integer} "0" {
                          parseExpressionAsPattern ["round" {Number}] "0" {
                          } -> There do not exist any possible matches of "0" on pattern ["round" {Number}]!
                          parseExpressionAsPattern [{Iterable} "." "length"] "0" {
                          } -> There do not exist any possible matches of "0" on pattern [{Iterable} "." "length"]!
                          parseExpressionAsPattern [{Integer} "+" {Integer}] "0" {
                          } -> There do not exist any possible matches of "0" on pattern [{Integer} "+" {Integer}]!
                          parseExpressionAsPattern [{Integer} "-" {Integer}] "0" {
                          } -> There do not exist any possible matches of "0" on pattern [{Integer} "-" {Integer}]!
                          parseExpressionAsPattern [{Integer} "*" {Integer}] "0" {
                          } -> There do not exist any possible matches of "0" on pattern [{Integer} "*" {Integer}]!
                          parseExpressionAsPattern [{Integer} "/" {Integer}] "0" {
                          } -> There do not exist any possible matches of "0" on pattern [{Integer} "/" {Integer}]!
                          parseExpressionAsPattern [{Integer} "^" {Integer}] "0" {
                          } -> There do not exist any possible matches of "0" on pattern [{Integer} "^" {Integer}]!
                          parseExpressionAsPattern ["-" {Integer}] "0" {
                          } -> There do not exist any possible matches of "0" on pattern ["-" {Integer}]!
                          parseExpressionAsPattern [{digit}+] "0" {
                            parseExpressionAsMetatype {digit}+ "0" {
                              parseExpressionAsPattern [{digit}{digit}*] "0" {
                                parseExpressionAsType {digit} "0" {
                                  parseExpressionAsPattern [[0123456789]] "0" {
                                    parseExpressionAsMetatype [0123456789] "0" {
                                    } -> Parsed
                                  } -> Parsed
                                } -> Parsed
                                parseExpressionAsMetatype {digit}* "" {
                                } -> Parsed
                              } -> Parsed
                            } -> Parsed
                          } -> Parsed
                        } -> Parsed
                      } -> Parsed
                    } -> Parsed
                    parseExpressionAsMetatype   "" {
                    } -> Parsed
                    parseExpressionAsMetatype   "" {
                    } -> Parsed
                    parseExpressionAsType {Number} "5] ++ [0..10" {
                      parseExpressionAsPattern [{Integer}] "5] ++ [0..10" {
                        parseExpressionAsType {Integer} "5] ++ [0..10" {
                          parseExpressionAsPattern ["round" {Number}] "5] ++ [0..10" {
                          } -> There do not exist any possible matches of "5] ++ [0..10" on pattern ["round" {Number}]!
                          parseExpressionAsPattern [{Iterable} "." "length"] "5] ++ [0..10" {
                          } -> There do not exist any possible matches of "5] ++ [0..10" on pattern [{Iterable} "." "length"]!
                          parseExpressionAsPattern [{Integer} "+" {Integer}] "5] ++ [0..10" {
                          } -> There do not exist any possible matches of "5] ++ [0..10" on pattern [{Integer} "+" {Integer}]!
                          parseExpressionAsPattern [{Integer} "-" {Integer}] "5] ++ [0..10" {
                          } -> There do not exist any possible matches of "5] ++ [0..10" on pattern [{Integer} "-" {Integer}]!
                          parseExpressionAsPattern [{Integer} "*" {Integer}] "5] ++ [0..10" {
                          } -> There do not exist any possible matches of "5] ++ [0..10" on pattern [{Integer} "*" {Integer}]!
                          parseExpressionAsPattern [{Integer} "/" {Integer}] "5] ++ [0..10" {
                          } -> There do not exist any possible matches of "5] ++ [0..10" on pattern [{Integer} "/" {Integer}]!
                          parseExpressionAsPattern [{Integer} "^" {Integer}] "5] ++ [0..10" {
                          } -> There do not exist any possible matches of "5] ++ [0..10" on pattern [{Integer} "^" {Integer}]!
                          parseExpressionAsPattern ["-" {Integer}] "5] ++ [0..10" {
                          } -> There do not exist any possible matches of "5] ++ [0..10" on pattern ["-" {Integer}]!
                          parseExpressionAsPattern [{digit}+] "5] ++ [0..10" {
                          } -> There do not exist any possible matches of "5] ++ [0..10" on pattern [{digit}+]!
                          parseExpressionAsPattern ["(" {Integer} ")"] "5] ++ [0..10" {
                          } -> There do not exist any possible matches of "5] ++ [0..10" on pattern ["(" {Integer} ")"]!
                          parseExpressionAsPattern [{Dictionary<Integer>} "." {varName}] "5] ++ [0..10" {
                          } -> There do not exist any possible matches of "5] ++ [0..10" on pattern [{Dictionary<Integer>} "." {varName}]!
                          parseExpressionAsPattern [{Dictionary<Integer>} "[" ({String} | {Number}) "]"] "5] ++ [0..10" {
                          } -> There do not exist any possible matches of "5] ++ [0..10" on pattern [{Dictionary<Integer>} "[" ({String} | {Number}) "]"]!
                          parseExpressionAsPattern [{Iterable<Integer>} "[" {Integer} "]"] "5] ++ [0..10" {
                          } -> There do not exist any possible matches of "5] ++ [0..10" on pattern [{Iterable<Integer>} "[" {Integer} "]"]!
                        } -> "5] ++ [0..10" did not match any pattern of type: Integer!
                      } -> All possible matches of "5] ++ [0..10" on pattern [{Integer}] failed.
                      parseExpressionAsPattern [{Number} "+" {Number}] "5] ++ [0..10" {
                      } -> There do not exist any possible matches of "5] ++ [0..10" on pattern [{Number} "+" {Number}]!
                      parseExpressionAsPattern [{Number} "-" {Number}] "5] ++ [0..10" {
                      } -> There do not exist any possible matches of "5] ++ [0..10" on pattern [{Number} "-" {Number}]!
                      parseExpressionAsPattern [{Number} "*" {Number}] "5] ++ [0..10" {
                      } -> There do not exist any possible matches of "5] ++ [0..10" on pattern [{Number} "*" {Number}]!
                      parseExpressionAsPattern [{Number} "/" {Number}] "5] ++ [0..10" {
                      } -> There do not exist any possible matches of "5] ++ [0..10" on pattern [{Number} "/" {Number}]!
                      parseExpressionAsPattern [{Number} "^" {Number}] "5] ++ [0..10" {
                      } -> There do not exist any possible matches of "5] ++ [0..10" on pattern [{Number} "^" {Number}]!
                      parseExpressionAsPattern ["-" {Number}] "5] ++ [0..10" {
                      } -> There do not exist any possible matches of "5] ++ [0..10" on pattern ["-" {Number}]!
                      parseExpressionAsPattern [{numlit}] "5] ++ [0..10" {
                      } -> There do not exist any possible matches of "5] ++ [0..10" on pattern [{numlit}]!
                      parseExpressionAsPattern ["rand" {Tuple}] "5] ++ [0..10" {
                      } -> There do not exist any possible matches of "5] ++ [0..10" on pattern ["rand" {Tuple}]!
                      parseExpressionAsPattern ["(" {Number} ")"] "5] ++ [0..10" {
                      } -> There do not exist any possible matches of "5] ++ [0..10" on pattern ["(" {Number} ")"]!
                      parseExpressionAsPattern [{Dictionary<Number>} "." {varName}] "5] ++ [0..10" {
                      } -> There do not exist any possible matches of "5] ++ [0..10" on pattern [{Dictionary<Number>} "." {varName}]!
                      parseExpressionAsPattern [{Dictionary<Number>} "[" ({String} | {Number}) "]"] "5] ++ [0..10" {
                      } -> There do not exist any possible matches of "5] ++ [0..10" on pattern [{Dictionary<Number>} "[" ({String} | {Number}) "]"]!
                      parseExpressionAsPattern [{Iterable<Number>} "[" {Integer} "]"] "5] ++ [0..10" {
                      } -> There do not exist any possible matches of "5] ++ [0..10" on pattern [{Iterable<Number>} "[" {Integer} "]"]!
                    } -> "5] ++ [0..10" did not match any pattern of type: Number!
                    parseExpressionAsMetatype   "" {
                    } -> Parsed
                    parseExpressionAsType {Number} "0..5] ++ [0" {
                      parseExpressionAsPattern [{Integer}] "0..5] ++ [0" {
                        parseExpressionAsType {Integer} "0..5] ++ [0" {
                          parseExpressionAsPattern ["round" {Number}] "0..5] ++ [0" {
                          } -> There do not exist any possible matches of "0..5] ++ [0" on pattern ["round" {Number}]!
                          parseExpressionAsPattern [{Iterable} "." "length"] "0..5] ++ [0" {
                          } -> There do not exist any possible matches of "0..5] ++ [0" on pattern [{Iterable} "." "length"]!
                          parseExpressionAsPattern [{Integer} "+" {Integer}] "0..5] ++ [0" {
                          } -> There do not exist any possible matches of "0..5] ++ [0" on pattern [{Integer} "+" {Integer}]!
                          parseExpressionAsPattern [{Integer} "-" {Integer}] "0..5] ++ [0" {
                          } -> There do not exist any possible matches of "0..5] ++ [0" on pattern [{Integer} "-" {Integer}]!
                          parseExpressionAsPattern [{Integer} "*" {Integer}] "0..5] ++ [0" {
                          } -> There do not exist any possible matches of "0..5] ++ [0" on pattern [{Integer} "*" {Integer}]!
                          parseExpressionAsPattern [{Integer} "/" {Integer}] "0..5] ++ [0" {
                          } -> There do not exist any possible matches of "0..5] ++ [0" on pattern [{Integer} "/" {Integer}]!
                          parseExpressionAsPattern [{Integer} "^" {Integer}] "0..5] ++ [0" {
                          } -> There do not exist any possible matches of "0..5] ++ [0" on pattern [{Integer} "^" {Integer}]!
                          parseExpressionAsPattern ["-" {Integer}] "0..5] ++ [0" {
                          } -> There do not exist any possible matches of "0..5] ++ [0" on pattern ["-" {Integer}]!
                          parseExpressionAsPattern [{digit}+] "0..5] ++ [0" {
                          } -> There do not exist any possible matches of "0..5] ++ [0" on pattern [{digit}+]!
                          parseExpressionAsPattern ["(" {Integer} ")"] "0..5] ++ [0" {
                          } -> There do not exist any possible matches of "0..5] ++ [0" on pattern ["(" {Integer} ")"]!
                          parseExpressionAsPattern [{Dictionary<Integer>} "." {varName}] "0..5] ++ [0" {
                          } -> There do not exist any possible matches of "0..5] ++ [0" on pattern [{Dictionary<Integer>} "." {varName}]!
                          parseExpressionAsPattern [{Dictionary<Integer>} "[" ({String} | {Number}) "]"] "0..5] ++ [0" {
                          } -> There do not exist any possible matches of "0..5] ++ [0" on pattern [{Dictionary<Integer>} "[" ({String} | {Number}) "]"]!
                          parseExpressionAsPattern [{Iterable<Integer>} "[" {Integer} "]"] "0..5] ++ [0" {
                          } -> There do not exist any possible matches of "0..5] ++ [0" on pattern [{Iterable<Integer>} "[" {Integer} "]"]!
                        } -> "0..5] ++ [0" did not match any pattern of type: Integer!
                      } -> All possible matches of "0..5] ++ [0" on pattern [{Integer}] failed.
                      parseExpressionAsPattern [{Number} "+" {Number}] "0..5] ++ [0" {
                      } -> There do not exist any possible matches of "0..5] ++ [0" on pattern [{Number} "+" {Number}]!
                      parseExpressionAsPattern [{Number} "-" {Number}] "0..5] ++ [0" {
                      } -> There do not exist any possible matches of "0..5] ++ [0" on pattern [{Number} "-" {Number}]!
                      parseExpressionAsPattern [{Number} "*" {Number}] "0..5] ++ [0" {
                      } -> There do not exist any possible matches of "0..5] ++ [0" on pattern [{Number} "*" {Number}]!
                      parseExpressionAsPattern [{Number} "/" {Number}] "0..5] ++ [0" {
                      } -> There do not exist any possible matches of "0..5] ++ [0" on pattern [{Number} "/" {Number}]!
                      parseExpressionAsPattern [{Number} "^" {Number}] "0..5] ++ [0" {
                      } -> There do not exist any possible matches of "0..5] ++ [0" on pattern [{Number} "^" {Number}]!
                      parseExpressionAsPattern ["-" {Number}] "0..5] ++ [0" {
                      } -> There do not exist any possible matches of "0..5] ++ [0" on pattern ["-" {Number}]!
                      parseExpressionAsPattern [{numlit}] "0..5] ++ [0" {
                      } -> There do not exist any possible matches of "0..5] ++ [0" on pattern [{numlit}]!
                      parseExpressionAsPattern ["rand" {Tuple}] "0..5] ++ [0" {
                      } -> There do not exist any possible matches of "0..5] ++ [0" on pattern ["rand" {Tuple}]!
                      parseExpressionAsPattern ["(" {Number} ")"] "0..5] ++ [0" {
                      } -> There do not exist any possible matches of "0..5] ++ [0" on pattern ["(" {Number} ")"]!
                      parseExpressionAsPattern [{Dictionary<Number>} "." {varName}] "0..5] ++ [0" {
                      } -> There do not exist any possible matches of "0..5] ++ [0" on pattern [{Dictionary<Number>} "." {varName}]!
                      parseExpressionAsPattern [{Dictionary<Number>} "[" ({String} | {Number}) "]"] "0..5] ++ [0" {
                      } -> There do not exist any possible matches of "0..5] ++ [0" on pattern [{Dictionary<Number>} "[" ({String} | {Number}) "]"]!
                      parseExpressionAsPattern [{Iterable<Number>} "[" {Integer} "]"] "0..5] ++ [0" {
                      } -> There do not exist any possible matches of "0..5] ++ [0" on pattern [{Iterable<Number>} "[" {Integer} "]"]!
                    } -> "0..5] ++ [0" did not match any pattern of type: Number!
                  } -> All possible matches of "[0..5] ++ [0..10]" on pattern ["[" {Number} ".." {Number} "]"] failed.
                  parseExpressionAsPattern ["[" {Number} ".." {Number} ".." "]"] "[0..5] ++ [0..10]" {
                  } -> There do not exist any possible matches of "[0..5] ++ [0..10]" on pattern ["[" {Number} ".." {Number} ".." "]"]!
                  parseExpressionAsPattern ["[" {Number} ".." {Number} ".." {Number} "]"] "[0..5] ++ [0..10]" {
                    parseExpressionAsMetatype   "" {
                    } -> Parsed
                    parseExpressionAsType {Number} "0" {
                      parseExpressionAsPattern [{Integer}] "0" {
                        parseExpressionAsType {Integer} "0" {
                          parseExpressionAsPattern ["round" {Number}] "0" {
                          } -> There do not exist any possible matches of "0" on pattern ["round" {Number}]!
                          parseExpressionAsPattern [{Iterable} "." "length"] "0" {
                          } -> There do not exist any possible matches of "0" on pattern [{Iterable} "." "length"]!
                          parseExpressionAsPattern [{Integer} "+" {Integer}] "0" {
                          } -> There do not exist any possible matches of "0" on pattern [{Integer} "+" {Integer}]!
                          parseExpressionAsPattern [{Integer} "-" {Integer}] "0" {
                          } -> There do not exist any possible matches of "0" on pattern [{Integer} "-" {Integer}]!
                          parseExpressionAsPattern [{Integer} "*" {Integer}] "0" {
                          } -> There do not exist any possible matches of "0" on pattern [{Integer} "*" {Integer}]!
                          parseExpressionAsPattern [{Integer} "/" {Integer}] "0" {
                          } -> There do not exist any possible matches of "0" on pattern [{Integer} "/" {Integer}]!
                          parseExpressionAsPattern [{Integer} "^" {Integer}] "0" {
                          } -> There do not exist any possible matches of "0" on pattern [{Integer} "^" {Integer}]!
                          parseExpressionAsPattern ["-" {Integer}] "0" {
                          } -> There do not exist any possible matches of "0" on pattern ["-" {Integer}]!
                          parseExpressionAsPattern [{digit}+] "0" {
                            parseExpressionAsMetatype {digit}+ "0" {
                              parseExpressionAsPattern [{digit}{digit}*] "0" {
                                parseExpressionAsType {digit} "0" {
                                  parseExpressionAsPattern [[0123456789]] "0" {
                                    parseExpressionAsMetatype [0123456789] "0" {
                                    } -> Parsed
                                  } -> Parsed
                                } -> Parsed
                                parseExpressionAsMetatype {digit}* "" {
                                } -> Parsed
                              } -> Parsed
                            } -> Parsed
                          } -> Parsed
                        } -> Parsed
                      } -> Parsed
                    } -> Parsed
                    parseExpressionAsMetatype   "" {
                    } -> Parsed
                    parseExpressionAsMetatype   "" {
                    } -> Parsed
                    parseExpressionAsType {Number} "5] ++ [0" {
                      parseExpressionAsPattern [{Integer}] "5] ++ [0" {
                        parseExpressionAsType {Integer} "5] ++ [0" {
                          parseExpressionAsPattern ["round" {Number}] "5] ++ [0" {
                          } -> There do not exist any possible matches of "5] ++ [0" on pattern ["round" {Number}]!
                          parseExpressionAsPattern [{Iterable} "." "length"] "5] ++ [0" {
                          } -> There do not exist any possible matches of "5] ++ [0" on pattern [{Iterable} "." "length"]!
                          parseExpressionAsPattern [{Integer} "+" {Integer}] "5] ++ [0" {
                          } -> There do not exist any possible matches of "5] ++ [0" on pattern [{Integer} "+" {Integer}]!
                          parseExpressionAsPattern [{Integer} "-" {Integer}] "5] ++ [0" {
                          } -> There do not exist any possible matches of "5] ++ [0" on pattern [{Integer} "-" {Integer}]!
                          parseExpressionAsPattern [{Integer} "*" {Integer}] "5] ++ [0" {
                          } -> There do not exist any possible matches of "5] ++ [0" on pattern [{Integer} "*" {Integer}]!
                          parseExpressionAsPattern [{Integer} "/" {Integer}] "5] ++ [0" {
                          } -> There do not exist any possible matches of "5] ++ [0" on pattern [{Integer} "/" {Integer}]!
                          parseExpressionAsPattern [{Integer} "^" {Integer}] "5] ++ [0" {
                          } -> There do not exist any possible matches of "5] ++ [0" on pattern [{Integer} "^" {Integer}]!
                          parseExpressionAsPattern ["-" {Integer}] "5] ++ [0" {
                          } -> There do not exist any possible matches of "5] ++ [0" on pattern ["-" {Integer}]!
                          parseExpressionAsPattern [{digit}+] "5] ++ [0" {
                          } -> There do not exist any possible matches of "5] ++ [0" on pattern [{digit}+]!
                          parseExpressionAsPattern ["(" {Integer} ")"] "5] ++ [0" {
                          } -> There do not exist any possible matches of "5] ++ [0" on pattern ["(" {Integer} ")"]!
                          parseExpressionAsPattern [{Dictionary<Integer>} "." {varName}] "5] ++ [0" {
                          } -> There do not exist any possible matches of "5] ++ [0" on pattern [{Dictionary<Integer>} "." {varName}]!
                          parseExpressionAsPattern [{Dictionary<Integer>} "[" ({String} | {Number}) "]"] "5] ++ [0" {
                          } -> There do not exist any possible matches of "5] ++ [0" on pattern [{Dictionary<Integer>} "[" ({String} | {Number}) "]"]!
                          parseExpressionAsPattern [{Iterable<Integer>} "[" {Integer} "]"] "5] ++ [0" {
                          } -> There do not exist any possible matches of "5] ++ [0" on pattern [{Iterable<Integer>} "[" {Integer} "]"]!
                        } -> "5] ++ [0" did not match any pattern of type: Integer!
                      } -> All possible matches of "5] ++ [0" on pattern [{Integer}] failed.
                      parseExpressionAsPattern [{Number} "+" {Number}] "5] ++ [0" {
                      } -> There do not exist any possible matches of "5] ++ [0" on pattern [{Number} "+" {Number}]!
                      parseExpressionAsPattern [{Number} "-" {Number}] "5] ++ [0" {
                      } -> There do not exist any possible matches of "5] ++ [0" on pattern [{Number} "-" {Number}]!
                      parseExpressionAsPattern [{Number} "*" {Number}] "5] ++ [0" {
                      } -> There do not exist any possible matches of "5] ++ [0" on pattern [{Number} "*" {Number}]!
                      parseExpressionAsPattern [{Number} "/" {Number}] "5] ++ [0" {
                      } -> There do not exist any possible matches of "5] ++ [0" on pattern [{Number} "/" {Number}]!
                      parseExpressionAsPattern [{Number} "^" {Number}] "5] ++ [0" {
                      } -> There do not exist any possible matches of "5] ++ [0" on pattern [{Number} "^" {Number}]!
                      parseExpressionAsPattern ["-" {Number}] "5] ++ [0" {
                      } -> There do not exist any possible matches of "5] ++ [0" on pattern ["-" {Number}]!
                      parseExpressionAsPattern [{numlit}] "5] ++ [0" {
                      } -> There do not exist any possible matches of "5] ++ [0" on pattern [{numlit}]!
                      parseExpressionAsPattern ["rand" {Tuple}] "5] ++ [0" {
                      } -> There do not exist any possible matches of "5] ++ [0" on pattern ["rand" {Tuple}]!
                      parseExpressionAsPattern ["(" {Number} ")"] "5] ++ [0" {
                      } -> There do not exist any possible matches of "5] ++ [0" on pattern ["(" {Number} ")"]!
                      parseExpressionAsPattern [{Dictionary<Number>} "." {varName}] "5] ++ [0" {
                      } -> There do not exist any possible matches of "5] ++ [0" on pattern [{Dictionary<Number>} "." {varName}]!
                      parseExpressionAsPattern [{Dictionary<Number>} "[" ({String} | {Number}) "]"] "5] ++ [0" {
                      } -> There do not exist any possible matches of "5] ++ [0" on pattern [{Dictionary<Number>} "[" ({String} | {Number}) "]"]!
                      parseExpressionAsPattern [{Iterable<Number>} "[" {Integer} "]"] "5] ++ [0" {
                      } -> There do not exist any possible matches of "5] ++ [0" on pattern [{Iterable<Number>} "[" {Integer} "]"]!
                    } -> "5] ++ [0" did not match any pattern of type: Number!
                  } -> All possible matches of "[0..5] ++ [0..10]" on pattern ["[" {Number} ".." {Number} ".." {Number} "]"] failed.
                  parseExpressionAsPattern ["x"] "[0..5] ++ [0..10]" {
                  } -> There do not exist any possible matches of "[0..5] ++ [0..10]" on pattern ["x"]!
                  parseExpressionAsPattern ["(" {DiscreteRange} ")"] "[0..5] ++ [0..10]" {
                  } -> There do not exist any possible matches of "[0..5] ++ [0..10]" on pattern ["(" {DiscreteRange} ")"]!
                  parseExpressionAsPattern [{Dictionary<DiscreteRange>} "." {varName}] "[0..5] ++ [0..10]" {
                  } -> There do not exist any possible matches of "[0..5] ++ [0..10]" on pattern [{Dictionary<DiscreteRange>} "." {varName}]!
                  parseExpressionAsPattern [{Dictionary<DiscreteRange>} "[" ({String} | {Number}) "]"] "[0..5] ++ [0..10]" {
                  } -> There do not exist any possible matches of "[0..5] ++ [0..10]" on pattern [{Dictionary<DiscreteRange>} "[" ({String} | {Number}) "]"]!
                  parseExpressionAsPattern [{Iterable<DiscreteRange>} "[" {Integer} "]"] "[0..5] ++ [0..10]" {
                  } -> There do not exist any possible matches of "[0..5] ++ [0..10]" on pattern [{Iterable<DiscreteRange>} "[" {Integer} "]"]!
                } -> "[0..5] ++ [0..10]" did not match any pattern of type: DiscreteRange!
              } -> All possible matches of "[0..5] ++ [0..10]" on pattern [{DiscreteRange}] failed.
              parseExpressionAsPattern [{List<Object>}] "[0..5] ++ [0..10]" {
                parseExpressionAsType {List<Object>} "[0..5] ++ [0..10]" {
                  parseExpressionAsPattern [{List<Object>} "++" {List<Object>}] "[0..5] ++ [0..10]" {
                    parseExpressionAsType {List<Object>} "[0..5]" {
                      parseExpressionAsPattern [{List<Object>} "++" {List<Object>}] "[0..5]" {
                      } -> There do not exist any possible matches of "[0..5]" on pattern [{List<Object>} "++" {List<Object>}]!
                      parseExpressionAsPattern [{List<Object>} "**" {Integer}] "[0..5]" {
                      } -> There do not exist any possible matches of "[0..5]" on pattern [{List<Object>} "**" {Integer}]!
                      parseExpressionAsPattern [{listlit<Object>}] "[0..5]" {
                        parseExpressionAsType {listlit<Object>} "[0..5]" {
                          parseExpressionAsPattern ["[" {commaSeparatedObjects<Object>}? "]"] "[0..5]" {
                            parseExpressionAsMetatype   "" {
                            } -> Parsed
                            parseExpressionAsMetatype {commaSeparatedObjects<Object>}? "0..5" {
                              parseExpressionAsPattern [{commaSeparatedObjects<Object>}{commaSeparatedObjects<Object>}{0, 0}] "0..5" {
                                parseExpressionAsType {commaSeparatedObjects<Object>} "0..5" {
                                  parseExpressionAsPattern [{Object} "," {Object} * ","?] "0..5" {
                                    parseExpressionAsType {Object} "0..5" {
                                      parseExpressionAsPattern [({Integer} | {Number} | {String} | {Boolean} | {Tuple} | {DiscreteRange} | {List} | {Iterable} | {Dictionary})] "0..5" {
                                        parseExpressionAsMetatype ({Integer} | {Number} | {String} | {Boolean} | {Tuple} | {DiscreteRange} | {List} | {Iterable} | {Dictionary}) "0..5" {
                                          parseExpressionAsPattern [{Integer}] "0..5" {
                                            parseExpressionAsType {Integer} "0..5" {
                                              parseExpressionAsPattern ["round" {Number}] "0..5" {
                                              } -> There do not exist any possible matches of "0..5" on pattern ["round" {Number}]!
                                              parseExpressionAsPattern [{Iterable} "." "length"] "0..5" {
                                              } -> There do not exist any possible matches of "0..5" on pattern [{Iterable} "." "length"]!
                                              parseExpressionAsPattern [{Integer} "+" {Integer}] "0..5" {
                                              } -> There do not exist any possible matches of "0..5" on pattern [{Integer} "+" {Integer}]!
                                              parseExpressionAsPattern [{Integer} "-" {Integer}] "0..5" {
                                              } -> There do not exist any possible matches of "0..5" on pattern [{Integer} "-" {Integer}]!
                                              parseExpressionAsPattern [{Integer} "*" {Integer}] "0..5" {
                                              } -> There do not exist any possible matches of "0..5" on pattern [{Integer} "*" {Integer}]!
                                              parseExpressionAsPattern [{Integer} "/" {Integer}] "0..5" {
                                              } -> There do not exist any possible matches of "0..5" on pattern [{Integer} "/" {Integer}]!
                                              parseExpressionAsPattern [{Integer} "^" {Integer}] "0..5" {
                                              } -> There do not exist any possible matches of "0..5" on pattern [{Integer} "^" {Integer}]!
                                              parseExpressionAsPattern ["-" {Integer}] "0..5" {
                                              } -> There do not exist any possible matches of "0..5" on pattern ["-" {Integer}]!
                                              parseExpressionAsPattern [{digit}+] "0..5" {
                                              } -> There do not exist any possible matches of "0..5" on pattern [{digit}+]!
                                              parseExpressionAsPattern ["(" {Integer} ")"] "0..5" {
                                              } -> There do not exist any possible matches of "0..5" on pattern ["(" {Integer} ")"]!
                                              parseExpressionAsPattern [{Dictionary<Integer>} "." {varName}] "0..5" {
                                              } -> There do not exist any possible matches of "0..5" on pattern [{Dictionary<Integer>} "." {varName}]!
                                              parseExpressionAsPattern [{Dictionary<Integer>} "[" ({String} | {Number}) "]"] "0..5" {
                                              } -> There do not exist any possible matches of "0..5" on pattern [{Dictionary<Integer>} "[" ({String} | {Number}) "]"]!
                                              parseExpressionAsPattern [{Iterable<Integer>} "[" {Integer} "]"] "0..5" {
                                              } -> There do not exist any possible matches of "0..5" on pattern [{Iterable<Integer>} "[" {Integer} "]"]!
                                            } -> "0..5" did not match any pattern of type: Integer!
                                          } -> All possible matches of "0..5" on pattern [{Integer}] failed.
                                          parseExpressionAsPattern [{Number}] "0..5" {
                                            parseExpressionAsType {Number} "0..5" {
                                              parseExpressionAsPattern [{Integer}] "0..5" {
                                                parseExpressionAsType {Integer} "0..5" {
                                                  parseExpressionAsPattern ["round" {Number}] "0..5" {
                                                  } -> There do not exist any possible matches of "0..5" on pattern ["round" {Number}]!
                                                  parseExpressionAsPattern [{Iterable} "." "length"] "0..5" {
                                                  } -> There do not exist any possible matches of "0..5" on pattern [{Iterable} "." "length"]!
                                                  parseExpressionAsPattern [{Integer} "+" {Integer}] "0..5" {
                                                  } -> There do not exist any possible matches of "0..5" on pattern [{Integer} "+" {Integer}]!
                                                  parseExpressionAsPattern [{Integer} "-" {Integer}] "0..5" {
                                                  } -> There do not exist any possible matches of "0..5" on pattern [{Integer} "-" {Integer}]!
                                                  parseExpressionAsPattern [{Integer} "*" {Integer}] "0..5" {
                                                  } -> There do not exist any possible matches of "0..5" on pattern [{Integer} "*" {Integer}]!
                                                  parseExpressionAsPattern [{Integer} "/" {Integer}] "0..5" {
                                                  } -> There do not exist any possible matches of "0..5" on pattern [{Integer} "/" {Integer}]!
                                                  parseExpressionAsPattern [{Integer} "^" {Integer}] "0..5" {
                                                  } -> There do not exist any possible matches of "0..5" on pattern [{Integer} "^" {Integer}]!
                                                  parseExpressionAsPattern ["-" {Integer}] "0..5" {
                                                  } -> There do not exist any possible matches of "0..5" on pattern ["-" {Integer}]!
                                                  parseExpressionAsPattern [{digit}+] "0..5" {
                                                  } -> There do not exist any possible matches of "0..5" on pattern [{digit}+]!
                                                  parseExpressionAsPattern ["(" {Integer} ")"] "0..5" {
                                                  } -> There do not exist any possible matches of "0..5" on pattern ["(" {Integer} ")"]!
                                                  parseExpressionAsPattern [{Dictionary<Integer>} "." {varName}] "0..5" {
                                                  } -> There do not exist any possible matches of "0..5" on pattern [{Dictionary<Integer>} "." {varName}]!
                                                  parseExpressionAsPattern [{Dictionary<Integer>} "[" ({String} | {Number}) "]"] "0..5" {
                                                  } -> There do not exist any possible matches of "0..5" on pattern [{Dictionary<Integer>} "[" ({String} | {Number}) "]"]!
                                                  parseExpressionAsPattern [{Iterable<Integer>} "[" {Integer} "]"] "0..5" {
                                                  } -> There do not exist any possible matches of "0..5" on pattern [{Iterable<Integer>} "[" {Integer} "]"]!
                                                } -> "0..5" did not match any pattern of type: Integer!
                                              } -> All possible matches of "0..5" on pattern [{Integer}] failed.
                                              parseExpressionAsPattern [{Number} "+" {Number}] "0..5" {
                                              } -> There do not exist any possible matches of "0..5" on pattern [{Number} "+" {Number}]!
                                              parseExpressionAsPattern [{Number} "-" {Number}] "0..5" {
                                              } -> There do not exist any possible matches of "0..5" on pattern [{Number} "-" {Number}]!
                                              parseExpressionAsPattern [{Number} "*" {Number}] "0..5" {
                                              } -> There do not exist any possible matches of "0..5" on pattern [{Number} "*" {Number}]!
                                              parseExpressionAsPattern [{Number} "/" {Number}] "0..5" {
                                              } -> There do not exist any possible matches of "0..5" on pattern [{Number} "/" {Number}]!
                                              parseExpressionAsPattern [{Number} "^" {Number}] "0..5" {
                                              } -> There do not exist any possible matches of "0..5" on pattern [{Number} "^" {Number}]!
                                              parseExpressionAsPattern ["-" {Number}] "0..5" {
                                              } -> There do not exist any possible matches of "0..5" on pattern ["-" {Number}]!
                                              parseExpressionAsPattern [{numlit}] "0..5" {
                                                parseExpressionAsType {numlit} "0..5" {
                                                  parseExpressionAsPattern [{digit}+"."{endbit}??] "0..5" {
                                                    parseExpressionAsMetatype {digit}+ "0" {
                                                      parseExpressionAsPattern [{digit}{digit}*] "0" {
                                                        parseExpressionAsType {digit} "0" {
                                                          parseExpressionAsPattern [[0123456789]] "0" {
                                                            parseExpressionAsMetatype [0123456789] "0" {
                                                            } -> Parsed
                                                          } -> Parsed
                                                        } -> Parsed
                                                        parseExpressionAsMetatype {digit}* "" {
                                                        } -> Parsed
                                                      } -> Parsed
                                                    } -> Parsed
                                                    parseExpressionAsMetatype "."{endbit}?? "..5" {
                                                      parseExpressionAsPattern ["."{endbit}?"."{endbit}?{0, 0}] "..5" {
                                                      } -> There do not exist any possible matches of "..5" on pattern ["."{endbit}?"."{endbit}?{0, 0}]!
                                                    } -> There do not exist any possible matches of "..5" on pattern ["."{endbit}?"."{endbit}?{0, 0}]!
                                                  } -> All possible matches of "0..5" on pattern [{digit}+"."{endbit}??] failed.
                                                  parseExpressionAsPattern [{digit}*"."{digit}+{endbit}?] "0..5" {
                                                  } -> There do not exist any possible matches of "0..5" on pattern [{digit}*"."{digit}+{endbit}?]!
                                                } -> "0..5" did not match any pattern of type: numlit!
                                              } -> All possible matches of "0..5" on pattern [{numlit}] failed.
                                              parseExpressionAsPattern ["rand" {Tuple}] "0..5" {
                                              } -> There do not exist any possible matches of "0..5" on pattern ["rand" {Tuple}]!
                                              parseExpressionAsPattern ["(" {Number} ")"] "0..5" {
                                              } -> There do not exist any possible matches of "0..5" on pattern ["(" {Number} ")"]!
                                              parseExpressionAsPattern [{Dictionary<Number>} "." {varName}] "0..5" {
                                              } -> There do not exist any possible matches of "0..5" on pattern [{Dictionary<Number>} "." {varName}]!
                                              parseExpressionAsPattern [{Dictionary<Number>} "[" ({String} | {Number}) "]"] "0..5" {
                                              } -> There do not exist any possible matches of "0..5" on pattern [{Dictionary<Number>} "[" ({String} | {Number}) "]"]!
                                              parseExpressionAsPattern [{Iterable<Number>} "[" {Integer} "]"] "0..5" {
                                              } -> There do not exist any possible matches of "0..5" on pattern [{Iterable<Number>} "[" {Integer} "]"]!
                                            } -> "0..5" did not match any pattern of type: Number!
                                          } -> All possible matches of "0..5" on pattern [{Number}] failed.
                                          parseExpressionAsPattern [{String}] "0..5" {
                                            parseExpressionAsType {String} "0..5" {
                                              parseExpressionAsPattern ["""[NOT "]*"""] "0..5" {
                                              } -> There do not exist any possible matches of "0..5" on pattern ["""[NOT "]*"""]!
                                              parseExpressionAsPattern ["'"[NOT ']*"'"] "0..5" {
                                              } -> There do not exist any possible matches of "0..5" on pattern ["'"[NOT ']*"'"]!
                                              parseExpressionAsPattern [{stringlike} "++" {stringlike}] "0..5" {
                                              } -> There do not exist any possible matches of "0..5" on pattern [{stringlike} "++" {stringlike}]!
                                              parseExpressionAsPattern [{stringlike} "**" {Integer}] "0..5" {
                                              } -> There do not exist any possible matches of "0..5" on pattern [{stringlike} "**" {Integer}]!
                                              parseExpressionAsPattern ["(" {String} ")"] "0..5" {
                                              } -> There do not exist any possible matches of "0..5" on pattern ["(" {String} ")"]!
                                              parseExpressionAsPattern [{Dictionary<String>} "." {varName}] "0..5" {
                                              } -> There do not exist any possible matches of "0..5" on pattern [{Dictionary<String>} "." {varName}]!
                                              parseExpressionAsPattern [{Dictionary<String>} "[" ({String} | {Number}) "]"] "0..5" {
                                              } -> There do not exist any possible matches of "0..5" on pattern [{Dictionary<String>} "[" ({String} | {Number}) "]"]!
                                              parseExpressionAsPattern [{Iterable<String>} "[" {Integer} "]"] "0..5" {
                                              } -> There do not exist any possible matches of "0..5" on pattern [{Iterable<String>} "[" {Integer} "]"]!
                                            } -> "0..5" did not match any pattern of type: String!
                                          } -> All possible matches of "0..5" on pattern [{String}] failed.
                                          parseExpressionAsPattern [{Boolean}] "0..5" {
                                            parseExpressionAsType {Boolean} "0..5" {
                                              parseExpressionAsPattern [{Boolean} "or" {Boolean}] "0..5" {
                                              } -> There do not exist any possible matches of "0..5" on pattern [{Boolean} "or" {Boolean}]!
                                              parseExpressionAsPattern [{Boolean} "and" {Boolean}] "0..5" {
                                              } -> There do not exist any possible matches of "0..5" on pattern [{Boolean} "and" {Boolean}]!
                                              parseExpressionAsPattern [{Boolean} "xor" {Boolean}] "0..5" {
                                              } -> There do not exist any possible matches of "0..5" on pattern [{Boolean} "xor" {Boolean}]!
                                              parseExpressionAsPattern ["not" {Boolean}] "0..5" {
                                              } -> There do not exist any possible matches of "0..5" on pattern ["not" {Boolean}]!
                                              parseExpressionAsPattern [{Number} "<" {Number}] "0..5" {
                                              } -> There do not exist any possible matches of "0..5" on pattern [{Number} "<" {Number}]!
                                              parseExpressionAsPattern [{Number} "<=" {Number}] "0..5" {
                                              } -> There do not exist any possible matches of "0..5" on pattern [{Number} "<=" {Number}]!
                                              parseExpressionAsPattern [{Number} ">" {Number}] "0..5" {
                                              } -> There do not exist any possible matches of "0..5" on pattern [{Number} ">" {Number}]!
                                              parseExpressionAsPattern [{Number} ">=" {Number}] "0..5" {
                                              } -> There do not exist any possible matches of "0..5" on pattern [{Number} ">=" {Number}]!
                                              parseExpressionAsPattern [{Object} "==" {Object}] "0..5" {
                                              } -> There do not exist any possible matches of "0..5" on pattern [{Object} "==" {Object}]!
                                              parseExpressionAsPattern [{Object} "in" {Iterable}] "0..5" {
                                              } -> There do not exist any possible matches of "0..5" on pattern [{Object} "in" {Iterable}]!
                                              parseExpressionAsPattern [{boollit}] "0..5" {
                                              } -> There do not exist any possible matches of "0..5" on pattern [{boollit}]!
                                              parseExpressionAsPattern ["(" {Boolean} ")"] "0..5" {
                                              } -> There do not exist any possible matches of "0..5" on pattern ["(" {Boolean} ")"]!
                                              parseExpressionAsPattern [{Dictionary<Boolean>} "." {varName}] "0..5" {
                                              } -> There do not exist any possible matches of "0..5" on pattern [{Dictionary<Boolean>} "." {varName}]!
                                              parseExpressionAsPattern [{Dictionary<Boolean>} "[" ({String} | {Number}) "]"] "0..5" {
                                              } -> There do not exist any possible matches of "0..5" on pattern [{Dictionary<Boolean>} "[" ({String} | {Number}) "]"]!
                                              parseExpressionAsPattern [{Iterable<Boolean>} "[" {Integer} "]"] "0..5" {
                                              } -> There do not exist any possible matches of "0..5" on pattern [{Iterable<Boolean>} "[" {Integer} "]"]!
                                            } -> "0..5" did not match any pattern of type: Boolean!
                                          } -> All possible matches of "0..5" on pattern [{Boolean}] failed.
                                          parseExpressionAsPattern [{Tuple}] "0..5" {
                                          } -> There do not exist any possible matches of "0..5" on pattern [{Tuple}]!
                                          parseExpressionAsPattern [{DiscreteRange}] "0..5" {
                                          } -> There do not exist any possible matches of "0..5" on pattern [{DiscreteRange}]!
                                          parseExpressionAsPattern [{List}] "0..5" {
                                          } -> There do not exist any possible matches of "0..5" on pattern [{List}]!
                                          parseExpressionAsPattern [{Iterable}] "0..5" {
                                          } -> There do not exist any possible matches of "0..5" on pattern [{Iterable}]!
                                          parseExpressionAsPattern [{Dictionary}] "0..5" {
                                          } -> There do not exist any possible matches of "0..5" on pattern [{Dictionary}]!
                                        } -> "0..5" did not match any pattern in list: ({Integer} | {Number} | {String} | {Boolean} | {Tuple} | {DiscreteRange} | {List} | {Iterable} | {Dictionary})!
                                      } -> All possible matches of "0..5" on pattern [({Integer} | {Number} | {String} | {Boolean} | {Tuple} | {DiscreteRange} | {List} | {Iterable} | {Dictionary})] failed.
                                      parseExpressionAsPattern ["(" {Object} ")"] "0..5" {
                                      } -> There do not exist any possible matches of "0..5" on pattern ["(" {Object} ")"]!
                                      parseExpressionAsPattern [{Dictionary<Object>} "." {varName}] "0..5" {
                                      } -> There do not exist any possible matches of "0..5" on pattern [{Dictionary<Object>} "." {varName}]!
                                      parseExpressionAsPattern [{Dictionary<Object>} "[" ({String} | {Number}) "]"] "0..5" {
                                      } -> There do not exist any possible matches of "0..5" on pattern [{Dictionary<Object>} "[" ({String} | {Number}) "]"]!
                                      parseExpressionAsPattern [{Iterable<Object>} "[" {Integer} "]"] "0..5" {
                                      } -> There do not exist any possible matches of "0..5" on pattern [{Iterable<Object>} "[" {Integer} "]"]!
                                    } -> "0..5" did not match any pattern of type: Object!
                                  } -> All possible matches of "0..5" on pattern [{Object} "," {Object} * ","?] failed.
                                } -> "0..5" did not match any pattern of type: commaSeparatedObjects<Object>!
                              } -> All possible matches of "0..5" on pattern [{commaSeparatedObjects<Object>}{commaSeparatedObjects<Object>}{0, 0}] failed.
                            } -> All possible matches of "0..5" on pattern [{commaSeparatedObjects<Object>}{commaSeparatedObjects<Object>}{0, 0}] failed.
                          } -> All possible matches of "[0..5]" on pattern ["[" {commaSeparatedObjects<Object>}? "]"] failed.
                        } -> "[0..5]" did not match any pattern of type: listlit<Object>!
                      } -> All possible matches of "[0..5]" on pattern [{listlit<Object>}] failed.
                      parseExpressionAsPattern ["(" {List<Object>} ")"] "[0..5]" {
                      } -> There do not exist any possible matches of "[0..5]" on pattern ["(" {List<Object>} ")"]!
                      parseExpressionAsPattern [{Dictionary<List<Object>>} "." {varName}] "[0..5]" {
                      } -> There do not exist any possible matches of "[0..5]" on pattern [{Dictionary<List<Object>>} "." {varName}]!
                      parseExpressionAsPattern [{Dictionary<List<Object>>} "[" ({String} | {Number}) "]"] "[0..5]" {
                      } -> There do not exist any possible matches of "[0..5]" on pattern [{Dictionary<List<Object>>} "[" ({String} | {Number}) "]"]!
                      parseExpressionAsPattern [{Iterable<List<Object>>} "[" {Integer} "]"] "[0..5]" {
                      } -> There do not exist any possible matches of "[0..5]" on pattern [{Iterable<List<Object>>} "[" {Integer} "]"]!
                    } -> "[0..5]" did not match any pattern of type: List<Object>!
                  } -> All possible matches of "[0..5] ++ [0..10]" on pattern [{List<Object>} "++" {List<Object>}] failed.
                  parseExpressionAsPattern [{List<Object>} "**" {Integer}] "[0..5] ++ [0..10]" {
                  } -> There do not exist any possible matches of "[0..5] ++ [0..10]" on pattern [{List<Object>} "**" {Integer}]!
                  parseExpressionAsPattern [{listlit<Object>}] "[0..5] ++ [0..10]" {
                    parseExpressionAsType {listlit<Object>} "[0..5] ++ [0..10]" {
                      parseExpressionAsPattern ["[" {commaSeparatedObjects<Object>}? "]"] "[0..5] ++ [0..10]" {
                        parseExpressionAsMetatype   "" {
                        } -> Parsed
                        parseExpressionAsMetatype {commaSeparatedObjects<Object>}? "0..5] ++ [0..10" {
                          parseExpressionAsPattern [{commaSeparatedObjects<Object>}{commaSeparatedObjects<Object>}{0, 0}] "0..5] ++ [0..10" {
                            parseExpressionAsType {commaSeparatedObjects<Object>} "0..5] ++ [0..10" {
                              parseExpressionAsPattern [{Object} "," {Object} * ","?] "0..5] ++ [0..10" {
                                parseExpressionAsType {Object} "0..5] ++ [0..10" {
                                  parseExpressionAsPattern [({Integer} | {Number} | {String} | {Boolean} | {Tuple} | {DiscreteRange} | {List} | {Iterable} | {Dictionary})] "0..5] ++ [0..10" {
                                    parseExpressionAsMetatype ({Integer} | {Number} | {String} | {Boolean} | {Tuple} | {DiscreteRange} | {List} | {Iterable} | {Dictionary}) "0..5] ++ [0..10" {
                                      parseExpressionAsPattern [{Integer}] "0..5] ++ [0..10" {
                                        parseExpressionAsType {Integer} "0..5] ++ [0..10" {
                                          parseExpressionAsPattern ["round" {Number}] "0..5] ++ [0..10" {
                                          } -> There do not exist any possible matches of "0..5] ++ [0..10" on pattern ["round" {Number}]!
                                          parseExpressionAsPattern [{Iterable} "." "length"] "0..5] ++ [0..10" {
                                          } -> There do not exist any possible matches of "0..5] ++ [0..10" on pattern [{Iterable} "." "length"]!
                                          parseExpressionAsPattern [{Integer} "+" {Integer}] "0..5] ++ [0..10" {
                                          } -> There do not exist any possible matches of "0..5] ++ [0..10" on pattern [{Integer} "+" {Integer}]!
                                          parseExpressionAsPattern [{Integer} "-" {Integer}] "0..5] ++ [0..10" {
                                          } -> There do not exist any possible matches of "0..5] ++ [0..10" on pattern [{Integer} "-" {Integer}]!
                                          parseExpressionAsPattern [{Integer} "*" {Integer}] "0..5] ++ [0..10" {
                                          } -> There do not exist any possible matches of "0..5] ++ [0..10" on pattern [{Integer} "*" {Integer}]!
                                          parseExpressionAsPattern [{Integer} "/" {Integer}] "0..5] ++ [0..10" {
                                          } -> There do not exist any possible matches of "0..5] ++ [0..10" on pattern [{Integer} "/" {Integer}]!
                                          parseExpressionAsPattern [{Integer} "^" {Integer}] "0..5] ++ [0..10" {
                                          } -> There do not exist any possible matches of "0..5] ++ [0..10" on pattern [{Integer} "^" {Integer}]!
                                          parseExpressionAsPattern ["-" {Integer}] "0..5] ++ [0..10" {
                                          } -> There do not exist any possible matches of "0..5] ++ [0..10" on pattern ["-" {Integer}]!
                                          parseExpressionAsPattern [{digit}+] "0..5] ++ [0..10" {
                                          } -> There do not exist any possible matches of "0..5] ++ [0..10" on pattern [{digit}+]!
                                          parseExpressionAsPattern ["(" {Integer} ")"] "0..5] ++ [0..10" {
                                          } -> There do not exist any possible matches of "0..5] ++ [0..10" on pattern ["(" {Integer} ")"]!
                                          parseExpressionAsPattern [{Dictionary<Integer>} "." {varName}] "0..5] ++ [0..10" {
                                          } -> There do not exist any possible matches of "0..5] ++ [0..10" on pattern [{Dictionary<Integer>} "." {varName}]!
                                          parseExpressionAsPattern [{Dictionary<Integer>} "[" ({String} | {Number}) "]"] "0..5] ++ [0..10" {
                                          } -> There do not exist any possible matches of "0..5] ++ [0..10" on pattern [{Dictionary<Integer>} "[" ({String} | {Number}) "]"]!
                                          parseExpressionAsPattern [{Iterable<Integer>} "[" {Integer} "]"] "0..5] ++ [0..10" {
                                          } -> There do not exist any possible matches of "0..5] ++ [0..10" on pattern [{Iterable<Integer>} "[" {Integer} "]"]!
                                        } -> "0..5] ++ [0..10" did not match any pattern of type: Integer!
                                      } -> All possible matches of "0..5] ++ [0..10" on pattern [{Integer}] failed.
                                      parseExpressionAsPattern [{Number}] "0..5] ++ [0..10" {
                                        parseExpressionAsType {Number} "0..5] ++ [0..10" {
                                          parseExpressionAsPattern [{Integer}] "0..5] ++ [0..10" {
                                            parseExpressionAsType {Integer} "0..5] ++ [0..10" {
                                              parseExpressionAsPattern ["round" {Number}] "0..5] ++ [0..10" {
                                              } -> There do not exist any possible matches of "0..5] ++ [0..10" on pattern ["round" {Number}]!
                                              parseExpressionAsPattern [{Iterable} "." "length"] "0..5] ++ [0..10" {
                                              } -> There do not exist any possible matches of "0..5] ++ [0..10" on pattern [{Iterable} "." "length"]!
                                              parseExpressionAsPattern [{Integer} "+" {Integer}] "0..5] ++ [0..10" {
                                              } -> There do not exist any possible matches of "0..5] ++ [0..10" on pattern [{Integer} "+" {Integer}]!
                                              parseExpressionAsPattern [{Integer} "-" {Integer}] "0..5] ++ [0..10" {
                                              } -> There do not exist any possible matches of "0..5] ++ [0..10" on pattern [{Integer} "-" {Integer}]!
                                              parseExpressionAsPattern [{Integer} "*" {Integer}] "0..5] ++ [0..10" {
                                              } -> There do not exist any possible matches of "0..5] ++ [0..10" on pattern [{Integer} "*" {Integer}]!
                                              parseExpressionAsPattern [{Integer} "/" {Integer}] "0..5] ++ [0..10" {
                                              } -> There do not exist any possible matches of "0..5] ++ [0..10" on pattern [{Integer} "/" {Integer}]!
                                              parseExpressionAsPattern [{Integer} "^" {Integer}] "0..5] ++ [0..10" {
                                              } -> There do not exist any possible matches of "0..5] ++ [0..10" on pattern [{Integer} "^" {Integer}]!
                                              parseExpressionAsPattern ["-" {Integer}] "0..5] ++ [0..10" {
                                              } -> There do not exist any possible matches of "0..5] ++ [0..10" on pattern ["-" {Integer}]!
                                              parseExpressionAsPattern [{digit}+] "0..5] ++ [0..10" {
                                              } -> There do not exist any possible matches of "0..5] ++ [0..10" on pattern [{digit}+]!
                                              parseExpressionAsPattern ["(" {Integer} ")"] "0..5] ++ [0..10" {
                                              } -> There do not exist any possible matches of "0..5] ++ [0..10" on pattern ["(" {Integer} ")"]!
                                              parseExpressionAsPattern [{Dictionary<Integer>} "." {varName}] "0..5] ++ [0..10" {
                                              } -> There do not exist any possible matches of "0..5] ++ [0..10" on pattern [{Dictionary<Integer>} "." {varName}]!
                                              parseExpressionAsPattern [{Dictionary<Integer>} "[" ({String} | {Number}) "]"] "0..5] ++ [0..10" {
                                              } -> There do not exist any possible matches of "0..5] ++ [0..10" on pattern [{Dictionary<Integer>} "[" ({String} | {Number}) "]"]!
                                              parseExpressionAsPattern [{Iterable<Integer>} "[" {Integer} "]"] "0..5] ++ [0..10" {
                                              } -> There do not exist any possible matches of "0..5] ++ [0..10" on pattern [{Iterable<Integer>} "[" {Integer} "]"]!
                                            } -> "0..5] ++ [0..10" did not match any pattern of type: Integer!
                                          } -> All possible matches of "0..5] ++ [0..10" on pattern [{Integer}] failed.
                                          parseExpressionAsPattern [{Number} "+" {Number}] "0..5] ++ [0..10" {
                                          } -> There do not exist any possible matches of "0..5] ++ [0..10" on pattern [{Number} "+" {Number}]!
                                          parseExpressionAsPattern [{Number} "-" {Number}] "0..5] ++ [0..10" {
                                          } -> There do not exist any possible matches of "0..5] ++ [0..10" on pattern [{Number} "-" {Number}]!
                                          parseExpressionAsPattern [{Number} "*" {Number}] "0..5] ++ [0..10" {
                                          } -> There do not exist any possible matches of "0..5] ++ [0..10" on pattern [{Number} "*" {Number}]!
                                          parseExpressionAsPattern [{Number} "/" {Number}] "0..5] ++ [0..10" {
                                          } -> There do not exist any possible matches of "0..5] ++ [0..10" on pattern [{Number} "/" {Number}]!
                                          parseExpressionAsPattern [{Number} "^" {Number}] "0..5] ++ [0..10" {
                                          } -> There do not exist any possible matches of "0..5] ++ [0..10" on pattern [{Number} "^" {Number}]!
                                          parseExpressionAsPattern ["-" {Number}] "0..5] ++ [0..10" {
                                          } -> There do not exist any possible matches of "0..5] ++ [0..10" on pattern ["-" {Number}]!
                                          parseExpressionAsPattern [{numlit}] "0..5] ++ [0..10" {
                                          } -> There do not exist any possible matches of "0..5] ++ [0..10" on pattern [{numlit}]!
                                          parseExpressionAsPattern ["rand" {Tuple}] "0..5] ++ [0..10" {
                                          } -> There do not exist any possible matches of "0..5] ++ [0..10" on pattern ["rand" {Tuple}]!
                                          parseExpressionAsPattern ["(" {Number} ")"] "0..5] ++ [0..10" {
                                          } -> There do not exist any possible matches of "0..5] ++ [0..10" on pattern ["(" {Number} ")"]!
                                          parseExpressionAsPattern [{Dictionary<Number>} "." {varName}] "0..5] ++ [0..10" {
                                          } -> There do not exist any possible matches of "0..5] ++ [0..10" on pattern [{Dictionary<Number>} "." {varName}]!
                                          parseExpressionAsPattern [{Dictionary<Number>} "[" ({String} | {Number}) "]"] "0..5] ++ [0..10" {
                                          } -> There do not exist any possible matches of "0..5] ++ [0..10" on pattern [{Dictionary<Number>} "[" ({String} | {Number}) "]"]!
                                          parseExpressionAsPattern [{Iterable<Number>} "[" {Integer} "]"] "0..5] ++ [0..10" {
                                          } -> There do not exist any possible matches of "0..5] ++ [0..10" on pattern [{Iterable<Number>} "[" {Integer} "]"]!
                                        } -> "0..5] ++ [0..10" did not match any pattern of type: Number!
                                      } -> All possible matches of "0..5] ++ [0..10" on pattern [{Number}] failed.
                                      parseExpressionAsPattern [{String}] "0..5] ++ [0..10" {
                                        parseExpressionAsType {String} "0..5] ++ [0..10" {
                                          parseExpressionAsPattern ["""[NOT "]*"""] "0..5] ++ [0..10" {
                                          } -> There do not exist any possible matches of "0..5] ++ [0..10" on pattern ["""[NOT "]*"""]!
                                          parseExpressionAsPattern ["'"[NOT ']*"'"] "0..5] ++ [0..10" {
                                          } -> There do not exist any possible matches of "0..5] ++ [0..10" on pattern ["'"[NOT ']*"'"]!
                                          parseExpressionAsPattern [{stringlike} "++" {stringlike}] "0..5] ++ [0..10" {
                                            parseExpressionAsType {stringlike} "0..5]" {
                                              parseExpressionAsPattern [({Number} | {String} | {Boolean})] "0..5]" {
                                                parseExpressionAsMetatype ({Number} | {String} | {Boolean}) "0..5]" {
                                                  parseExpressionAsPattern [{Number}] "0..5]" {
                                                    parseExpressionAsType {Number} "0..5]" {
                                                      parseExpressionAsPattern [{Integer}] "0..5]" {
                                                        parseExpressionAsType {Integer} "0..5]" {
                                                          parseExpressionAsPattern ["round" {Number}] "0..5]" {
                                                          } -> There do not exist any possible matches of "0..5]" on pattern ["round" {Number}]!
                                                          parseExpressionAsPattern [{Iterable} "." "length"] "0..5]" {
                                                          } -> There do not exist any possible matches of "0..5]" on pattern [{Iterable} "." "length"]!
                                                          parseExpressionAsPattern [{Integer} "+" {Integer}] "0..5]" {
                                                          } -> There do not exist any possible matches of "0..5]" on pattern [{Integer} "+" {Integer}]!
                                                          parseExpressionAsPattern [{Integer} "-" {Integer}] "0..5]" {
                                                          } -> There do not exist any possible matches of "0..5]" on pattern [{Integer} "-" {Integer}]!
                                                          parseExpressionAsPattern [{Integer} "*" {Integer}] "0..5]" {
                                                          } -> There do not exist any possible matches of "0..5]" on pattern [{Integer} "*" {Integer}]!
                                                          parseExpressionAsPattern [{Integer} "/" {Integer}] "0..5]" {
                                                          } -> There do not exist any possible matches of "0..5]" on pattern [{Integer} "/" {Integer}]!
                                                          parseExpressionAsPattern [{Integer} "^" {Integer}] "0..5]" {
                                                          } -> There do not exist any possible matches of "0..5]" on pattern [{Integer} "^" {Integer}]!
                                                          parseExpressionAsPattern ["-" {Integer}] "0..5]" {
                                                          } -> There do not exist any possible matches of "0..5]" on pattern ["-" {Integer}]!
                                                          parseExpressionAsPattern [{digit}+] "0..5]" {
                                                          } -> There do not exist any possible matches of "0..5]" on pattern [{digit}+]!
                                                          parseExpressionAsPattern ["(" {Integer} ")"] "0..5]" {
                                                          } -> There do not exist any possible matches of "0..5]" on pattern ["(" {Integer} ")"]!
                                                          parseExpressionAsPattern [{Dictionary<Integer>} "." {varName}] "0..5]" {
                                                          } -> There do not exist any possible matches of "0..5]" on pattern [{Dictionary<Integer>} "." {varName}]!
                                                          parseExpressionAsPattern [{Dictionary<Integer>} "[" ({String} | {Number}) "]"] "0..5]" {
                                                          } -> There do not exist any possible matches of "0..5]" on pattern [{Dictionary<Integer>} "[" ({String} | {Number}) "]"]!
                                                          parseExpressionAsPattern [{Iterable<Integer>} "[" {Integer} "]"] "0..5]" {
                                                          } -> There do not exist any possible matches of "0..5]" on pattern [{Iterable<Integer>} "[" {Integer} "]"]!
                                                        } -> "0..5]" did not match any pattern of type: Integer!
                                                      } -> All possible matches of "0..5]" on pattern [{Integer}] failed.
                                                      parseExpressionAsPattern [{Number} "+" {Number}] "0..5]" {
                                                      } -> There do not exist any possible matches of "0..5]" on pattern [{Number} "+" {Number}]!
                                                      parseExpressionAsPattern [{Number} "-" {Number}] "0..5]" {
                                                      } -> There do not exist any possible matches of "0..5]" on pattern [{Number} "-" {Number}]!
                                                      parseExpressionAsPattern [{Number} "*" {Number}] "0..5]" {
                                                      } -> There do not exist any possible matches of "0..5]" on pattern [{Number} "*" {Number}]!
                                                      parseExpressionAsPattern [{Number} "/" {Number}] "0..5]" {
                                                      } -> There do not exist any possible matches of "0..5]" on pattern [{Number} "/" {Number}]!
                                                      parseExpressionAsPattern [{Number} "^" {Number}] "0..5]" {
                                                      } -> There do not exist any possible matches of "0..5]" on pattern [{Number} "^" {Number}]!
                                                      parseExpressionAsPattern ["-" {Number}] "0..5]" {
                                                      } -> There do not exist any possible matches of "0..5]" on pattern ["-" {Number}]!
                                                      parseExpressionAsPattern [{numlit}] "0..5]" {
                                                      } -> There do not exist any possible matches of "0..5]" on pattern [{numlit}]!
                                                      parseExpressionAsPattern ["rand" {Tuple}] "0..5]" {
                                                      } -> There do not exist any possible matches of "0..5]" on pattern ["rand" {Tuple}]!
                                                      parseExpressionAsPattern ["(" {Number} ")"] "0..5]" {
                                                      } -> There do not exist any possible matches of "0..5]" on pattern ["(" {Number} ")"]!
                                                      parseExpressionAsPattern [{Dictionary<Number>} "." {varName}] "0..5]" {
                                                      } -> There do not exist any possible matches of "0..5]" on pattern [{Dictionary<Number>} "." {varName}]!
                                                      parseExpressionAsPattern [{Dictionary<Number>} "[" ({String} | {Number}) "]"] "0..5]" {
                                                      } -> There do not exist any possible matches of "0..5]" on pattern [{Dictionary<Number>} "[" ({String} | {Number}) "]"]!
                                                      parseExpressionAsPattern [{Iterable<Number>} "[" {Integer} "]"] "0..5]" {
                                                      } -> There do not exist any possible matches of "0..5]" on pattern [{Iterable<Number>} "[" {Integer} "]"]!
                                                    } -> "0..5]" did not match any pattern of type: Number!
                                                  } -> All possible matches of "0..5]" on pattern [{Number}] failed.
                                                  parseExpressionAsPattern [{String}] "0..5]" {
                                                    parseExpressionAsType {String} "0..5]" {
                                                      parseExpressionAsPattern ["""[NOT "]*"""] "0..5]" {
                                                      } -> There do not exist any possible matches of "0..5]" on pattern ["""[NOT "]*"""]!
                                                      parseExpressionAsPattern ["'"[NOT ']*"'"] "0..5]" {
                                                      } -> There do not exist any possible matches of "0..5]" on pattern ["'"[NOT ']*"'"]!
                                                      parseExpressionAsPattern [{stringlike} "++" {stringlike}] "0..5]" {
                                                      } -> There do not exist any possible matches of "0..5]" on pattern [{stringlike} "++" {stringlike}]!
                                                      parseExpressionAsPattern [{stringlike} "**" {Integer}] "0..5]" {
                                                      } -> There do not exist any possible matches of "0..5]" on pattern [{stringlike} "**" {Integer}]!
                                                      parseExpressionAsPattern ["(" {String} ")"] "0..5]" {
                                                      } -> There do not exist any possible matches of "0..5]" on pattern ["(" {String} ")"]!
                                                      parseExpressionAsPattern [{Dictionary<String>} "." {varName}] "0..5]" {
                                                      } -> There do not exist any possible matches of "0..5]" on pattern [{Dictionary<String>} "." {varName}]!
                                                      parseExpressionAsPattern [{Dictionary<String>} "[" ({String} | {Number}) "]"] "0..5]" {
                                                      } -> There do not exist any possible matches of "0..5]" on pattern [{Dictionary<String>} "[" ({String} | {Number}) "]"]!
                                                      parseExpressionAsPattern [{Iterable<String>} "[" {Integer} "]"] "0..5]" {
                                                      } -> There do not exist any possible matches of "0..5]" on pattern [{Iterable<String>} "[" {Integer} "]"]!
                                                    } -> "0..5]" did not match any pattern of type: String!
                                                  } -> All possible matches of "0..5]" on pattern [{String}] failed.
                                                  parseExpressionAsPattern [{Boolean}] "0..5]" {
                                                    parseExpressionAsType {Boolean} "0..5]" {
                                                      parseExpressionAsPattern [{Boolean} "or" {Boolean}] "0..5]" {
                                                      } -> There do not exist any possible matches of "0..5]" on pattern [{Boolean} "or" {Boolean}]!
                                                      parseExpressionAsPattern [{Boolean} "and" {Boolean}] "0..5]" {
                                                      } -> There do not exist any possible matches of "0..5]" on pattern [{Boolean} "and" {Boolean}]!
                                                      parseExpressionAsPattern [{Boolean} "xor" {Boolean}] "0..5]" {
                                                      } -> There do not exist any possible matches of "0..5]" on pattern [{Boolean} "xor" {Boolean}]!
                                                      parseExpressionAsPattern ["not" {Boolean}] "0..5]" {
                                                      } -> There do not exist any possible matches of "0..5]" on pattern ["not" {Boolean}]!
                                                      parseExpressionAsPattern [{Number} "<" {Number}] "0..5]" {
                                                      } -> There do not exist any possible matches of "0..5]" on pattern [{Number} "<" {Number}]!
                                                      parseExpressionAsPattern [{Number} "<=" {Number}] "0..5]" {
                                                      } -> There do not exist any possible matches of "0..5]" on pattern [{Number} "<=" {Number}]!
                                                      parseExpressionAsPattern [{Number} ">" {Number}] "0..5]" {
                                                      } -> There do not exist any possible matches of "0..5]" on pattern [{Number} ">" {Number}]!
                                                      parseExpressionAsPattern [{Number} ">=" {Number}] "0..5]" {
                                                      } -> There do not exist any possible matches of "0..5]" on pattern [{Number} ">=" {Number}]!
                                                      parseExpressionAsPattern [{Object} "==" {Object}] "0..5]" {
                                                      } -> There do not exist any possible matches of "0..5]" on pattern [{Object} "==" {Object}]!
                                                      parseExpressionAsPattern [{Object} "in" {Iterable}] "0..5]" {
                                                      } -> There do not exist any possible matches of "0..5]" on pattern [{Object} "in" {Iterable}]!
                                                      parseExpressionAsPattern [{boollit}] "0..5]" {
                                                      } -> There do not exist any possible matches of "0..5]" on pattern [{boollit}]!
                                                      parseExpressionAsPattern ["(" {Boolean} ")"] "0..5]" {
                                                      } -> There do not exist any possible matches of "0..5]" on pattern ["(" {Boolean} ")"]!
                                                      parseExpressionAsPattern [{Dictionary<Boolean>} "." {varName}] "0..5]" {
                                                      } -> There do not exist any possible matches of "0..5]" on pattern [{Dictionary<Boolean>} "." {varName}]!
                                                      parseExpressionAsPattern [{Dictionary<Boolean>} "[" ({String} | {Number}) "]"] "0..5]" {
                                                      } -> There do not exist any possible matches of "0..5]" on pattern [{Dictionary<Boolean>} "[" ({String} | {Number}) "]"]!
                                                      parseExpressionAsPattern [{Iterable<Boolean>} "[" {Integer} "]"] "0..5]" {
                                                      } -> There do not exist any possible matches of "0..5]" on pattern [{Iterable<Boolean>} "[" {Integer} "]"]!
                                                    } -> "0..5]" did not match any pattern of type: Boolean!
                                                  } -> All possible matches of "0..5]" on pattern [{Boolean}] failed.
                                                } -> "0..5]" did not match any pattern in list: ({Number} | {String} | {Boolean})!
                                              } -> All possible matches of "0..5]" on pattern [({Number} | {String} | {Boolean})] failed.
                                            } -> "0..5]" did not match any pattern of type: stringlike!
                                          } -> All possible matches of "0..5] ++ [0..10" on pattern [{stringlike} "++" {stringlike}] failed.
                                          parseExpressionAsPattern [{stringlike} "**" {Integer}] "0..5] ++ [0..10" {
                                          } -> There do not exist any possible matches of "0..5] ++ [0..10" on pattern [{stringlike} "**" {Integer}]!
                                          parseExpressionAsPattern ["(" {String} ")"] "0..5] ++ [0..10" {
                                          } -> There do not exist any possible matches of "0..5] ++ [0..10" on pattern ["(" {String} ")"]!
                                          parseExpressionAsPattern [{Dictionary<String>} "." {varName}] "0..5] ++ [0..10" {
                                          } -> There do not exist any possible matches of "0..5] ++ [0..10" on pattern [{Dictionary<String>} "." {varName}]!
                                          parseExpressionAsPattern [{Dictionary<String>} "[" ({String} | {Number}) "]"] "0..5] ++ [0..10" {
                                          } -> There do not exist any possible matches of "0..5] ++ [0..10" on pattern [{Dictionary<String>} "[" ({String} | {Number}) "]"]!
                                          parseExpressionAsPattern [{Iterable<String>} "[" {Integer} "]"] "0..5] ++ [0..10" {
                                          } -> There do not exist any possible matches of "0..5] ++ [0..10" on pattern [{Iterable<String>} "[" {Integer} "]"]!
                                        } -> "0..5] ++ [0..10" did not match any pattern of type: String!
                                      } -> All possible matches of "0..5] ++ [0..10" on pattern [{String}] failed.
                                      parseExpressionAsPattern [{Boolean}] "0..5] ++ [0..10" {
                                        parseExpressionAsType {Boolean} "0..5] ++ [0..10" {
                                          parseExpressionAsPattern [{Boolean} "or" {Boolean}] "0..5] ++ [0..10" {
                                          } -> There do not exist any possible matches of "0..5] ++ [0..10" on pattern [{Boolean} "or" {Boolean}]!
                                          parseExpressionAsPattern [{Boolean} "and" {Boolean}] "0..5] ++ [0..10" {
                                          } -> There do not exist any possible matches of "0..5] ++ [0..10" on pattern [{Boolean} "and" {Boolean}]!
                                          parseExpressionAsPattern [{Boolean} "xor" {Boolean}] "0..5] ++ [0..10" {
                                          } -> There do not exist any possible matches of "0..5] ++ [0..10" on pattern [{Boolean} "xor" {Boolean}]!
                                          parseExpressionAsPattern ["not" {Boolean}] "0..5] ++ [0..10" {
                                          } -> There do not exist any possible matches of "0..5] ++ [0..10" on pattern ["not" {Boolean}]!
                                          parseExpressionAsPattern [{Number} "<" {Number}] "0..5] ++ [0..10" {
                                          } -> There do not exist any possible matches of "0..5] ++ [0..10" on pattern [{Number} "<" {Number}]!
                                          parseExpressionAsPattern [{Number} "<=" {Number}] "0..5] ++ [0..10" {
                                          } -> There do not exist any possible matches of "0..5] ++ [0..10" on pattern [{Number} "<=" {Number}]!
                                          parseExpressionAsPattern [{Number} ">" {Number}] "0..5] ++ [0..10" {
                                          } -> There do not exist any possible matches of "0..5] ++ [0..10" on pattern [{Number} ">" {Number}]!
                                          parseExpressionAsPattern [{Number} ">=" {Number}] "0..5] ++ [0..10" {
                                          } -> There do not exist any possible matches of "0..5] ++ [0..10" on pattern [{Number} ">=" {Number}]!
                                          parseExpressionAsPattern [{Object} "==" {Object}] "0..5] ++ [0..10" {
                                          } -> There do not exist any possible matches of "0..5] ++ [0..10" on pattern [{Object} "==" {Object}]!
                                          parseExpressionAsPattern [{Object} "in" {Iterable}] "0..5] ++ [0..10" {
                                          } -> There do not exist any possible matches of "0..5] ++ [0..10" on pattern [{Object} "in" {Iterable}]!
                                          parseExpressionAsPattern [{boollit}] "0..5] ++ [0..10" {
                                          } -> There do not exist any possible matches of "0..5] ++ [0..10" on pattern [{boollit}]!
                                          parseExpressionAsPattern ["(" {Boolean} ")"] "0..5] ++ [0..10" {
                                          } -> There do not exist any possible matches of "0..5] ++ [0..10" on pattern ["(" {Boolean} ")"]!
                                          parseExpressionAsPattern [{Dictionary<Boolean>} "." {varName}] "0..5] ++ [0..10" {
                                          } -> There do not exist any possible matches of "0..5] ++ [0..10" on pattern [{Dictionary<Boolean>} "." {varName}]!
                                          parseExpressionAsPattern [{Dictionary<Boolean>} "[" ({String} | {Number}) "]"] "0..5] ++ [0..10" {
                                          } -> There do not exist any possible matches of "0..5] ++ [0..10" on pattern [{Dictionary<Boolean>} "[" ({String} | {Number}) "]"]!
                                          parseExpressionAsPattern [{Iterable<Boolean>} "[" {Integer} "]"] "0..5] ++ [0..10" {
                                          } -> There do not exist any possible matches of "0..5] ++ [0..10" on pattern [{Iterable<Boolean>} "[" {Integer} "]"]!
                                        } -> "0..5] ++ [0..10" did not match any pattern of type: Boolean!
                                      } -> All possible matches of "0..5] ++ [0..10" on pattern [{Boolean}] failed.
                                      parseExpressionAsPattern [{Tuple}] "0..5] ++ [0..10" {
                                      } -> There do not exist any possible matches of "0..5] ++ [0..10" on pattern [{Tuple}]!
                                      parseExpressionAsPattern [{DiscreteRange}] "0..5] ++ [0..10" {
                                      } -> There do not exist any possible matches of "0..5] ++ [0..10" on pattern [{DiscreteRange}]!
                                      parseExpressionAsPattern [{List}] "0..5] ++ [0..10" {
                                      } -> There do not exist any possible matches of "0..5] ++ [0..10" on pattern [{List}]!
                                      parseExpressionAsPattern [{Iterable}] "0..5] ++ [0..10" {
                                      } -> There do not exist any possible matches of "0..5] ++ [0..10" on pattern [{Iterable}]!
                                      parseExpressionAsPattern [{Dictionary}] "0..5] ++ [0..10" {
                                      } -> There do not exist any possible matches of "0..5] ++ [0..10" on pattern [{Dictionary}]!
                                    } -> "0..5] ++ [0..10" did not match any pattern in list: ({Integer} | {Number} | {String} | {Boolean} | {Tuple} | {DiscreteRange} | {List} | {Iterable} | {Dictionary})!
                                  } -> All possible matches of "0..5] ++ [0..10" on pattern [({Integer} | {Number} | {String} | {Boolean} | {Tuple} | {DiscreteRange} | {List} | {Iterable} | {Dictionary})] failed.
                                  parseExpressionAsPattern ["(" {Object} ")"] "0..5] ++ [0..10" {
                                  } -> There do not exist any possible matches of "0..5] ++ [0..10" on pattern ["(" {Object} ")"]!
                                  parseExpressionAsPattern [{Dictionary<Object>} "." {varName}] "0..5] ++ [0..10" {
                                  } -> There do not exist any possible matches of "0..5] ++ [0..10" on pattern [{Dictionary<Object>} "." {varName}]!
                                  parseExpressionAsPattern [{Dictionary<Object>} "[" ({String} | {Number}) "]"] "0..5] ++ [0..10" {
                                  } -> There do not exist any possible matches of "0..5] ++ [0..10" on pattern [{Dictionary<Object>} "[" ({String} | {Number}) "]"]!
                                  parseExpressionAsPattern [{Iterable<Object>} "[" {Integer} "]"] "0..5] ++ [0..10" {
                                  } -> There do not exist any possible matches of "0..5] ++ [0..10" on pattern [{Iterable<Object>} "[" {Integer} "]"]!
                                } -> "0..5] ++ [0..10" did not match any pattern of type: Object!
                              } -> All possible matches of "0..5] ++ [0..10" on pattern [{Object} "," {Object} * ","?] failed.
                            } -> "0..5] ++ [0..10" did not match any pattern of type: commaSeparatedObjects<Object>!
                          } -> All possible matches of "0..5] ++ [0..10" on pattern [{commaSeparatedObjects<Object>}{commaSeparatedObjects<Object>}{0, 0}] failed.
                        } -> All possible matches of "0..5] ++ [0..10" on pattern [{commaSeparatedObjects<Object>}{commaSeparatedObjects<Object>}{0, 0}] failed.
                      } -> All possible matches of "[0..5] ++ [0..10]" on pattern ["[" {commaSeparatedObjects<Object>}? "]"] failed.
                    } -> "[0..5] ++ [0..10]" did not match any pattern of type: listlit<Object>!
                  } -> All possible matches of "[0..5] ++ [0..10]" on pattern [{listlit<Object>}] failed.
                  parseExpressionAsPattern ["(" {List<Object>} ")"] "[0..5] ++ [0..10]" {
                  } -> There do not exist any possible matches of "[0..5] ++ [0..10]" on pattern ["(" {List<Object>} ")"]!
                  parseExpressionAsPattern [{Dictionary<List<Object>>} "." {varName}] "[0..5] ++ [0..10]" {
                  } -> There do not exist any possible matches of "[0..5] ++ [0..10]" on pattern [{Dictionary<List<Object>>} "." {varName}]!
                  parseExpressionAsPattern [{Dictionary<List<Object>>} "[" ({String} | {Number}) "]"] "[0..5] ++ [0..10]" {
                  } -> There do not exist any possible matches of "[0..5] ++ [0..10]" on pattern [{Dictionary<List<Object>>} "[" ({String} | {Number}) "]"]!
                  parseExpressionAsPattern [{Iterable<List<Object>>} "[" {Integer} "]"] "[0..5] ++ [0..10]" {
                  } -> There do not exist any possible matches of "[0..5] ++ [0..10]" on pattern [{Iterable<List<Object>>} "[" {Integer} "]"]!
                } -> "[0..5] ++ [0..10]" did not match any pattern of type: List<Object>!
              } -> All possible matches of "[0..5] ++ [0..10]" on pattern [{List<Object>}] failed.
              parseExpressionAsPattern [{Iterable<Object>} "++" {Iterable<Object>}] "[0..5] ++ [0..10]" {
                parseExpressionAsType {Iterable<Object>} "[0..5]" {
                  parseExpressionAsPattern [{DiscreteRange}] "[0..5]" {
                    parseExpressionAsType {DiscreteRange} "[0..5]" {
                      parseExpressionAsPattern ["[" {Number} ".." "]"] "[0..5]" {
                      } -> There do not exist any possible matches of "[0..5]" on pattern ["[" {Number} ".." "]"]!
                      parseExpressionAsPattern ["[" {Number} ".." {Number} "]"] "[0..5]" {
                        parseExpressionAsMetatype   "" {
                        } -> Parsed
                        parseExpressionAsType {Number} "0" {
                          parseExpressionAsPattern [{Integer}] "0" {
                            parseExpressionAsType {Integer} "0" {
                              parseExpressionAsPattern ["round" {Number}] "0" {
                              } -> There do not exist any possible matches of "0" on pattern ["round" {Number}]!
                              parseExpressionAsPattern [{Iterable} "." "length"] "0" {
                              } -> There do not exist any possible matches of "0" on pattern [{Iterable} "." "length"]!
                              parseExpressionAsPattern [{Integer} "+" {Integer}] "0" {
                              } -> There do not exist any possible matches of "0" on pattern [{Integer} "+" {Integer}]!
                              parseExpressionAsPattern [{Integer} "-" {Integer}] "0" {
                              } -> There do not exist any possible matches of "0" on pattern [{Integer} "-" {Integer}]!
                              parseExpressionAsPattern [{Integer} "*" {Integer}] "0" {
                              } -> There do not exist any possible matches of "0" on pattern [{Integer} "*" {Integer}]!
                              parseExpressionAsPattern [{Integer} "/" {Integer}] "0" {
                              } -> There do not exist any possible matches of "0" on pattern [{Integer} "/" {Integer}]!
                              parseExpressionAsPattern [{Integer} "^" {Integer}] "0" {
                              } -> There do not exist any possible matches of "0" on pattern [{Integer} "^" {Integer}]!
                              parseExpressionAsPattern ["-" {Integer}] "0" {
                              } -> There do not exist any possible matches of "0" on pattern ["-" {Integer}]!
                              parseExpressionAsPattern [{digit}+] "0" {
                                parseExpressionAsMetatype {digit}+ "0" {
                                  parseExpressionAsPattern [{digit}{digit}*] "0" {
                                    parseExpressionAsType {digit} "0" {
                                      parseExpressionAsPattern [[0123456789]] "0" {
                                        parseExpressionAsMetatype [0123456789] "0" {
                                        } -> Parsed
                                      } -> Parsed
                                    } -> Parsed
                                    parseExpressionAsMetatype {digit}* "" {
                                    } -> Parsed
                                  } -> Parsed
                                } -> Parsed
                              } -> Parsed
                            } -> Parsed
                          } -> Parsed
                        } -> Parsed
                        parseExpressionAsMetatype   "" {
                        } -> Parsed
                        parseExpressionAsMetatype   "" {
                        } -> Parsed
                        parseExpressionAsType {Number} "5" {
                          parseExpressionAsPattern [{Integer}] "5" {
                            parseExpressionAsType {Integer} "5" {
                              parseExpressionAsPattern ["round" {Number}] "5" {
                              } -> There do not exist any possible matches of "5" on pattern ["round" {Number}]!
                              parseExpressionAsPattern [{Iterable} "." "length"] "5" {
                              } -> There do not exist any possible matches of "5" on pattern [{Iterable} "." "length"]!
                              parseExpressionAsPattern [{Integer} "+" {Integer}] "5" {
                              } -> There do not exist any possible matches of "5" on pattern [{Integer} "+" {Integer}]!
                              parseExpressionAsPattern [{Integer} "-" {Integer}] "5" {
                              } -> There do not exist any possible matches of "5" on pattern [{Integer} "-" {Integer}]!
                              parseExpressionAsPattern [{Integer} "*" {Integer}] "5" {
                              } -> There do not exist any possible matches of "5" on pattern [{Integer} "*" {Integer}]!
                              parseExpressionAsPattern [{Integer} "/" {Integer}] "5" {
                              } -> There do not exist any possible matches of "5" on pattern [{Integer} "/" {Integer}]!
                              parseExpressionAsPattern [{Integer} "^" {Integer}] "5" {
                              } -> There do not exist any possible matches of "5" on pattern [{Integer} "^" {Integer}]!
                              parseExpressionAsPattern ["-" {Integer}] "5" {
                              } -> There do not exist any possible matches of "5" on pattern ["-" {Integer}]!
                              parseExpressionAsPattern [{digit}+] "5" {
                                parseExpressionAsMetatype {digit}+ "5" {
                                  parseExpressionAsPattern [{digit}{digit}*] "5" {
                                    parseExpressionAsType {digit} "5" {
                                      parseExpressionAsPattern [[0123456789]] "5" {
                                        parseExpressionAsMetatype [0123456789] "5" {
                                        } -> Parsed
                                      } -> Parsed
                                    } -> Parsed
                                    parseExpressionAsMetatype {digit}* "" {
                                    } -> Parsed
                                  } -> Parsed
                                } -> Parsed
                              } -> Parsed
                            } -> Parsed
                          } -> Parsed
                        } -> Parsed
                        parseExpressionAsMetatype   "" {
                        } -> Parsed
                      } -> Parsed
                    } -> Parsed
                  } -> Parsed
                } -> Parsed
                parseExpressionAsMetatype   " " {
                  parseExpressionAsPattern [{space} ] " " {
                    parseExpressionAsType {space} " " {
                      parseExpressionAsPattern [" "] " " {
                      } -> Parsed
                    } -> Parsed
                    parseExpressionAsMetatype   "" {
                    } -> Parsed
                  } -> Parsed
                } -> Parsed
                parseExpressionAsMetatype   " " {
                  parseExpressionAsPattern [{space} ] " " {
                    parseExpressionAsType {space} " " {
                      parseExpressionAsPattern [" "] " " {
                      } -> Parsed
                    } -> Parsed
                    parseExpressionAsMetatype   "" {
                    } -> Parsed
                  } -> Parsed
                } -> Parsed
                parseExpressionAsType {Iterable<Object>} "[0..10]" {
                  parseExpressionAsPattern [{DiscreteRange}] "[0..10]" {
                    parseExpressionAsType {DiscreteRange} "[0..10]" {
                      parseExpressionAsPattern ["[" {Number} ".." "]"] "[0..10]" {
                      } -> There do not exist any possible matches of "[0..10]" on pattern ["[" {Number} ".." "]"]!
                      parseExpressionAsPattern ["[" {Number} ".." {Number} "]"] "[0..10]" {
                        parseExpressionAsMetatype   "" {
                        } -> Parsed
                        parseExpressionAsType {Number} "0" {
                          parseExpressionAsPattern [{Integer}] "0" {
                            parseExpressionAsType {Integer} "0" {
                              parseExpressionAsPattern ["round" {Number}] "0" {
                              } -> There do not exist any possible matches of "0" on pattern ["round" {Number}]!
                              parseExpressionAsPattern [{Iterable} "." "length"] "0" {
                              } -> There do not exist any possible matches of "0" on pattern [{Iterable} "." "length"]!
                              parseExpressionAsPattern [{Integer} "+" {Integer}] "0" {
                              } -> There do not exist any possible matches of "0" on pattern [{Integer} "+" {Integer}]!
                              parseExpressionAsPattern [{Integer} "-" {Integer}] "0" {
                              } -> There do not exist any possible matches of "0" on pattern [{Integer} "-" {Integer}]!
                              parseExpressionAsPattern [{Integer} "*" {Integer}] "0" {
                              } -> There do not exist any possible matches of "0" on pattern [{Integer} "*" {Integer}]!
                              parseExpressionAsPattern [{Integer} "/" {Integer}] "0" {
                              } -> There do not exist any possible matches of "0" on pattern [{Integer} "/" {Integer}]!
                              parseExpressionAsPattern [{Integer} "^" {Integer}] "0" {
                              } -> There do not exist any possible matches of "0" on pattern [{Integer} "^" {Integer}]!
                              parseExpressionAsPattern ["-" {Integer}] "0" {
                              } -> There do not exist any possible matches of "0" on pattern ["-" {Integer}]!
                              parseExpressionAsPattern [{digit}+] "0" {
                                parseExpressionAsMetatype {digit}+ "0" {
                                  parseExpressionAsPattern [{digit}{digit}*] "0" {
                                    parseExpressionAsType {digit} "0" {
                                      parseExpressionAsPattern [[0123456789]] "0" {
                                        parseExpressionAsMetatype [0123456789] "0" {
                                        } -> Parsed
                                      } -> Parsed
                                    } -> Parsed
                                    parseExpressionAsMetatype {digit}* "" {
                                    } -> Parsed
                                  } -> Parsed
                                } -> Parsed
                              } -> Parsed
                            } -> Parsed
                          } -> Parsed
                        } -> Parsed
                        parseExpressionAsMetatype   "" {
                        } -> Parsed
                        parseExpressionAsMetatype   "" {
                        } -> Parsed
                        parseExpressionAsType {Number} "10" {
                          parseExpressionAsPattern [{Integer}] "10" {
                            parseExpressionAsType {Integer} "10" {
                              parseExpressionAsPattern ["round" {Number}] "10" {
                              } -> There do not exist any possible matches of "10" on pattern ["round" {Number}]!
                              parseExpressionAsPattern [{Iterable} "." "length"] "10" {
                              } -> There do not exist any possible matches of "10" on pattern [{Iterable} "." "length"]!
                              parseExpressionAsPattern [{Integer} "+" {Integer}] "10" {
                              } -> There do not exist any possible matches of "10" on pattern [{Integer} "+" {Integer}]!
                              parseExpressionAsPattern [{Integer} "-" {Integer}] "10" {
                              } -> There do not exist any possible matches of "10" on pattern [{Integer} "-" {Integer}]!
                              parseExpressionAsPattern [{Integer} "*" {Integer}] "10" {
                              } -> There do not exist any possible matches of "10" on pattern [{Integer} "*" {Integer}]!
                              parseExpressionAsPattern [{Integer} "/" {Integer}] "10" {
                              } -> There do not exist any possible matches of "10" on pattern [{Integer} "/" {Integer}]!
                              parseExpressionAsPattern [{Integer} "^" {Integer}] "10" {
                              } -> There do not exist any possible matches of "10" on pattern [{Integer} "^" {Integer}]!
                              parseExpressionAsPattern ["-" {Integer}] "10" {
                              } -> There do not exist any possible matches of "10" on pattern ["-" {Integer}]!
                              parseExpressionAsPattern [{digit}+] "10" {
                                parseExpressionAsMetatype {digit}+ "10" {
                                  parseExpressionAsPattern [{digit}{digit}*] "10" {
                                    parseExpressionAsType {digit} "1" {
                                      parseExpressionAsPattern [[0123456789]] "1" {
                                        parseExpressionAsMetatype [0123456789] "1" {
                                        } -> Parsed
                                      } -> Parsed
                                    } -> Parsed
                                    parseExpressionAsMetatype {digit}* "0" {
                                      parseExpressionAsPattern [{digit}{digit}*] "0" {
                                        parseExpressionAsType {digit} "0" {
                                          parseExpressionAsPattern [[0123456789]] "0" {
                                            parseExpressionAsMetatype [0123456789] "0" {
                                            } -> Parsed
                                          } -> Parsed
                                        } -> Parsed
                                        parseExpressionAsMetatype {digit}* "" {
                                        } -> Parsed
                                      } -> Parsed
                                    } -> Parsed
                                  } -> Parsed
                                } -> Parsed
                              } -> Parsed
                            } -> Parsed
                          } -> Parsed
                        } -> Parsed
                        parseExpressionAsMetatype   "" {
                        } -> Parsed
                      } -> Parsed
                    } -> Parsed
                  } -> Parsed
                } -> Parsed
              } -> Parsed
            } -> Parsed
          } -> Parsed
        } -> Parsed
      } -> Parsed
    } -> Parsed
  } -> Parsed
} -> Parsed
Evaluating discrete range { start: 0, step: 1, end: 5 }
Creating iterator from discrete range { start: 0, step: 1, end: 5 }
Creating iterator from discrete range { start: 0, step: 1, end: 5, includeEnd: false, includeStart: true }
Evaluating discrete range { start: 0, step: 1, end: 10 }
Creating iterator from discrete range { start: 0, step: 1, end: 10 }
Creating iterator from discrete range { start: 0, step: 1, end: 10, includeEnd: false, includeStart: true }
parseExpressionAsType {Statement} "print x" {
  parseExpressionAsPattern ["print" {printable}] "print x" {
    parseExpressionAsMetatype   " " {
      parseExpressionAsPattern [{space} ] " " {
        parseExpressionAsType {space} " " {
          parseExpressionAsPattern [" "] " " {
          } -> Parsed
        } -> Parsed
        parseExpressionAsMetatype   "" {
        } -> Parsed
      } -> Parsed
    } -> Parsed
    parseExpressionAsType {printable} "x" {
      parseExpressionAsPattern [({Iterable<printable>} | {stringlike})] "x" {
        parseExpressionAsMetatype ({Iterable<printable>} | {stringlike}) "x" {
          parseExpressionAsPattern [{Iterable<printable>}] "x" {
            parseExpressionAsType {Iterable<printable>} "x" {
              parseExpressionAsPattern [{DiscreteRange}] "x" {
              } -> There do not exist any possible matches of "x" on pattern [{DiscreteRange}]!
              parseExpressionAsPattern [{List<printable>}] "x" {
              } -> There do not exist any possible matches of "x" on pattern [{List<printable>}]!
              parseExpressionAsPattern [{Iterable<printable>} "++" {Iterable<printable>}] "x" {
              } -> There do not exist any possible matches of "x" on pattern [{Iterable<printable>} "++" {Iterable<printable>}]!
              parseExpressionAsPattern [{Iterable<printable>} "**" {Integer}] "x" {
              } -> There do not exist any possible matches of "x" on pattern [{Iterable<printable>} "**" {Integer}]!
              parseExpressionAsPattern ["x"] "x" {
              } -> Parsed
            } -> Parsed
          } -> Parsed
        } -> Parsed
      } -> Parsed
    } -> Parsed
  } -> Parsed
} -> Parsed
[ 0, 1, 2, 3, 4, 0, 1, 2, 3, 4, 5, 6, 7, 8, 9 ]
parseExpressionAsType {Statement} "print [0..-1..-10]" {
  parseExpressionAsPattern ["print" {printable}] "print [0..-1..-10]" {
    parseExpressionAsMetatype   " " {
      parseExpressionAsPattern [{space} ] " " {
        parseExpressionAsType {space} " " {
          parseExpressionAsPattern [" "] " " {
          } -> Parsed
        } -> Parsed
        parseExpressionAsMetatype   "" {
        } -> Parsed
      } -> Parsed
    } -> Parsed
    parseExpressionAsType {printable} "[0..-1..-10]" {
      parseExpressionAsPattern [({Iterable<printable>} | {stringlike})] "[0..-1..-10]" {
        parseExpressionAsMetatype ({Iterable<printable>} | {stringlike}) "[0..-1..-10]" {
          parseExpressionAsPattern [{Iterable<printable>}] "[0..-1..-10]" {
            parseExpressionAsType {Iterable<printable>} "[0..-1..-10]" {
              parseExpressionAsPattern [{DiscreteRange}] "[0..-1..-10]" {
                parseExpressionAsType {DiscreteRange} "[0..-1..-10]" {
                  parseExpressionAsPattern ["[" {Number} ".." "]"] "[0..-1..-10]" {
                  } -> There do not exist any possible matches of "[0..-1..-10]" on pattern ["[" {Number} ".." "]"]!
                  parseExpressionAsPattern ["[" {Number} ".." {Number} "]"] "[0..-1..-10]" {
                    parseExpressionAsMetatype   "" {
                    } -> Parsed
                    parseExpressionAsType {Number} "0" {
                      parseExpressionAsPattern [{Integer}] "0" {
                        parseExpressionAsType {Integer} "0" {
                          parseExpressionAsPattern ["round" {Number}] "0" {
                          } -> There do not exist any possible matches of "0" on pattern ["round" {Number}]!
                          parseExpressionAsPattern [{Iterable} "." "length"] "0" {
                          } -> There do not exist any possible matches of "0" on pattern [{Iterable} "." "length"]!
                          parseExpressionAsPattern [{Integer} "+" {Integer}] "0" {
                          } -> There do not exist any possible matches of "0" on pattern [{Integer} "+" {Integer}]!
                          parseExpressionAsPattern [{Integer} "-" {Integer}] "0" {
                          } -> There do not exist any possible matches of "0" on pattern [{Integer} "-" {Integer}]!
                          parseExpressionAsPattern [{Integer} "*" {Integer}] "0" {
                          } -> There do not exist any possible matches of "0" on pattern [{Integer} "*" {Integer}]!
                          parseExpressionAsPattern [{Integer} "/" {Integer}] "0" {
                          } -> There do not exist any possible matches of "0" on pattern [{Integer} "/" {Integer}]!
                          parseExpressionAsPattern [{Integer} "^" {Integer}] "0" {
                          } -> There do not exist any possible matches of "0" on pattern [{Integer} "^" {Integer}]!
                          parseExpressionAsPattern ["-" {Integer}] "0" {
                          } -> There do not exist any possible matches of "0" on pattern ["-" {Integer}]!
                          parseExpressionAsPattern [{digit}+] "0" {
                            parseExpressionAsMetatype {digit}+ "0" {
                              parseExpressionAsPattern [{digit}{digit}*] "0" {
                                parseExpressionAsType {digit} "0" {
                                  parseExpressionAsPattern [[0123456789]] "0" {
                                    parseExpressionAsMetatype [0123456789] "0" {
                                    } -> Parsed
                                  } -> Parsed
                                } -> Parsed
                                parseExpressionAsMetatype {digit}* "" {
                                } -> Parsed
                              } -> Parsed
                            } -> Parsed
                          } -> Parsed
                        } -> Parsed
                      } -> Parsed
                    } -> Parsed
                    parseExpressionAsMetatype   "" {
                    } -> Parsed
                    parseExpressionAsMetatype   "" {
                    } -> Parsed
                    parseExpressionAsType {Number} "-1..-10" {
                      parseExpressionAsPattern [{Integer}] "-1..-10" {
                        parseExpressionAsType {Integer} "-1..-10" {
                          parseExpressionAsPattern ["round" {Number}] "-1..-10" {
                          } -> There do not exist any possible matches of "-1..-10" on pattern ["round" {Number}]!
                          parseExpressionAsPattern [{Iterable} "." "length"] "-1..-10" {
                          } -> There do not exist any possible matches of "-1..-10" on pattern [{Iterable} "." "length"]!
                          parseExpressionAsPattern [{Integer} "+" {Integer}] "-1..-10" {
                          } -> There do not exist any possible matches of "-1..-10" on pattern [{Integer} "+" {Integer}]!
                          parseExpressionAsPattern [{Integer} "-" {Integer}] "-1..-10" {
                            parseExpressionAsType {Integer} "-1.." {
                              parseExpressionAsPattern ["round" {Number}] "-1.." {
                              } -> There do not exist any possible matches of "-1.." on pattern ["round" {Number}]!
                              parseExpressionAsPattern [{Iterable} "." "length"] "-1.." {
                              } -> There do not exist any possible matches of "-1.." on pattern [{Iterable} "." "length"]!
                              parseExpressionAsPattern [{Integer} "+" {Integer}] "-1.." {
                              } -> There do not exist any possible matches of "-1.." on pattern [{Integer} "+" {Integer}]!
                              parseExpressionAsPattern [{Integer} "-" {Integer}] "-1.." {
                              } -> There do not exist any possible matches of "-1.." on pattern [{Integer} "-" {Integer}]!
                              parseExpressionAsPattern [{Integer} "*" {Integer}] "-1.." {
                              } -> There do not exist any possible matches of "-1.." on pattern [{Integer} "*" {Integer}]!
                              parseExpressionAsPattern [{Integer} "/" {Integer}] "-1.." {
                              } -> There do not exist any possible matches of "-1.." on pattern [{Integer} "/" {Integer}]!
                              parseExpressionAsPattern [{Integer} "^" {Integer}] "-1.." {
                              } -> There do not exist any possible matches of "-1.." on pattern [{Integer} "^" {Integer}]!
                              parseExpressionAsPattern ["-" {Integer}] "-1.." {
                                parseExpressionAsMetatype   "" {
                                } -> Parsed
                                parseExpressionAsType {Integer} "1.." {
                                  parseExpressionAsPattern ["round" {Number}] "1.." {
                                  } -> There do not exist any possible matches of "1.." on pattern ["round" {Number}]!
                                  parseExpressionAsPattern [{Iterable} "." "length"] "1.." {
                                  } -> There do not exist any possible matches of "1.." on pattern [{Iterable} "." "length"]!
                                  parseExpressionAsPattern [{Integer} "+" {Integer}] "1.." {
                                  } -> There do not exist any possible matches of "1.." on pattern [{Integer} "+" {Integer}]!
                                  parseExpressionAsPattern [{Integer} "-" {Integer}] "1.." {
                                  } -> There do not exist any possible matches of "1.." on pattern [{Integer} "-" {Integer}]!
                                  parseExpressionAsPattern [{Integer} "*" {Integer}] "1.." {
                                  } -> There do not exist any possible matches of "1.." on pattern [{Integer} "*" {Integer}]!
                                  parseExpressionAsPattern [{Integer} "/" {Integer}] "1.." {
                                  } -> There do not exist any possible matches of "1.." on pattern [{Integer} "/" {Integer}]!
                                  parseExpressionAsPattern [{Integer} "^" {Integer}] "1.." {
                                  } -> There do not exist any possible matches of "1.." on pattern [{Integer} "^" {Integer}]!
                                  parseExpressionAsPattern ["-" {Integer}] "1.." {
                                  } -> There do not exist any possible matches of "1.." on pattern ["-" {Integer}]!
                                  parseExpressionAsPattern [{digit}+] "1.." {
                                  } -> There do not exist any possible matches of "1.." on pattern [{digit}+]!
                                  parseExpressionAsPattern ["(" {Integer} ")"] "1.." {
                                  } -> There do not exist any possible matches of "1.." on pattern ["(" {Integer} ")"]!
                                  parseExpressionAsPattern [{Dictionary<Integer>} "." {varName}] "1.." {
                                  } -> There do not exist any possible matches of "1.." on pattern [{Dictionary<Integer>} "." {varName}]!
                                  parseExpressionAsPattern [{Dictionary<Integer>} "[" ({String} | {Number}) "]"] "1.." {
                                  } -> There do not exist any possible matches of "1.." on pattern [{Dictionary<Integer>} "[" ({String} | {Number}) "]"]!
                                  parseExpressionAsPattern [{Iterable<Integer>} "[" {Integer} "]"] "1.." {
                                  } -> There do not exist any possible matches of "1.." on pattern [{Iterable<Integer>} "[" {Integer} "]"]!
                                } -> "1.." did not match any pattern of type: Integer!
                              } -> All possible matches of "-1.." on pattern ["-" {Integer}] failed.
                              parseExpressionAsPattern [{digit}+] "-1.." {
                              } -> There do not exist any possible matches of "-1.." on pattern [{digit}+]!
                              parseExpressionAsPattern ["(" {Integer} ")"] "-1.." {
                              } -> There do not exist any possible matches of "-1.." on pattern ["(" {Integer} ")"]!
                              parseExpressionAsPattern [{Dictionary<Integer>} "." {varName}] "-1.." {
                              } -> There do not exist any possible matches of "-1.." on pattern [{Dictionary<Integer>} "." {varName}]!
                              parseExpressionAsPattern [{Dictionary<Integer>} "[" ({String} | {Number}) "]"] "-1.." {
                              } -> There do not exist any possible matches of "-1.." on pattern [{Dictionary<Integer>} "[" ({String} | {Number}) "]"]!
                              parseExpressionAsPattern [{Iterable<Integer>} "[" {Integer} "]"] "-1.." {
                              } -> There do not exist any possible matches of "-1.." on pattern [{Iterable<Integer>} "[" {Integer} "]"]!
                            } -> "-1.." did not match any pattern of type: Integer!
                          } -> All possible matches of "-1..-10" on pattern [{Integer} "-" {Integer}] failed.
                          parseExpressionAsPattern [{Integer} "*" {Integer}] "-1..-10" {
                          } -> There do not exist any possible matches of "-1..-10" on pattern [{Integer} "*" {Integer}]!
                          parseExpressionAsPattern [{Integer} "/" {Integer}] "-1..-10" {
                          } -> There do not exist any possible matches of "-1..-10" on pattern [{Integer} "/" {Integer}]!
                          parseExpressionAsPattern [{Integer} "^" {Integer}] "-1..-10" {
                          } -> There do not exist any possible matches of "-1..-10" on pattern [{Integer} "^" {Integer}]!
                          parseExpressionAsPattern ["-" {Integer}] "-1..-10" {
                            parseExpressionAsMetatype   "" {
                            } -> Parsed
                            parseExpressionAsType {Integer} "1..-10" {
                              parseExpressionAsPattern ["round" {Number}] "1..-10" {
                              } -> There do not exist any possible matches of "1..-10" on pattern ["round" {Number}]!
                              parseExpressionAsPattern [{Iterable} "." "length"] "1..-10" {
                              } -> There do not exist any possible matches of "1..-10" on pattern [{Iterable} "." "length"]!
                              parseExpressionAsPattern [{Integer} "+" {Integer}] "1..-10" {
                              } -> There do not exist any possible matches of "1..-10" on pattern [{Integer} "+" {Integer}]!
                              parseExpressionAsPattern [{Integer} "-" {Integer}] "1..-10" {
                                parseExpressionAsType {Integer} "1.." {
                                  parseExpressionAsPattern ["round" {Number}] "1.." {
                                  } -> There do not exist any possible matches of "1.." on pattern ["round" {Number}]!
                                  parseExpressionAsPattern [{Iterable} "." "length"] "1.." {
                                  } -> There do not exist any possible matches of "1.." on pattern [{Iterable} "." "length"]!
                                  parseExpressionAsPattern [{Integer} "+" {Integer}] "1.." {
                                  } -> There do not exist any possible matches of "1.." on pattern [{Integer} "+" {Integer}]!
                                  parseExpressionAsPattern [{Integer} "-" {Integer}] "1.." {
                                  } -> There do not exist any possible matches of "1.." on pattern [{Integer} "-" {Integer}]!
                                  parseExpressionAsPattern [{Integer} "*" {Integer}] "1.." {
                                  } -> There do not exist any possible matches of "1.." on pattern [{Integer} "*" {Integer}]!
                                  parseExpressionAsPattern [{Integer} "/" {Integer}] "1.." {
                                  } -> There do not exist any possible matches of "1.." on pattern [{Integer} "/" {Integer}]!
                                  parseExpressionAsPattern [{Integer} "^" {Integer}] "1.." {
                                  } -> There do not exist any possible matches of "1.." on pattern [{Integer} "^" {Integer}]!
                                  parseExpressionAsPattern ["-" {Integer}] "1.." {
                                  } -> There do not exist any possible matches of "1.." on pattern ["-" {Integer}]!
                                  parseExpressionAsPattern [{digit}+] "1.." {
                                  } -> There do not exist any possible matches of "1.." on pattern [{digit}+]!
                                  parseExpressionAsPattern ["(" {Integer} ")"] "1.." {
                                  } -> There do not exist any possible matches of "1.." on pattern ["(" {Integer} ")"]!
                                  parseExpressionAsPattern [{Dictionary<Integer>} "." {varName}] "1.." {
                                  } -> There do not exist any possible matches of "1.." on pattern [{Dictionary<Integer>} "." {varName}]!
                                  parseExpressionAsPattern [{Dictionary<Integer>} "[" ({String} | {Number}) "]"] "1.." {
                                  } -> There do not exist any possible matches of "1.." on pattern [{Dictionary<Integer>} "[" ({String} | {Number}) "]"]!
                                  parseExpressionAsPattern [{Iterable<Integer>} "[" {Integer} "]"] "1.." {
                                  } -> There do not exist any possible matches of "1.." on pattern [{Iterable<Integer>} "[" {Integer} "]"]!
                                } -> "1.." did not match any pattern of type: Integer!
                              } -> All possible matches of "1..-10" on pattern [{Integer} "-" {Integer}] failed.
                              parseExpressionAsPattern [{Integer} "*" {Integer}] "1..-10" {
                              } -> There do not exist any possible matches of "1..-10" on pattern [{Integer} "*" {Integer}]!
                              parseExpressionAsPattern [{Integer} "/" {Integer}] "1..-10" {
                              } -> There do not exist any possible matches of "1..-10" on pattern [{Integer} "/" {Integer}]!
                              parseExpressionAsPattern [{Integer} "^" {Integer}] "1..-10" {
                              } -> There do not exist any possible matches of "1..-10" on pattern [{Integer} "^" {Integer}]!
                              parseExpressionAsPattern ["-" {Integer}] "1..-10" {
                              } -> There do not exist any possible matches of "1..-10" on pattern ["-" {Integer}]!
                              parseExpressionAsPattern [{digit}+] "1..-10" {
                              } -> There do not exist any possible matches of "1..-10" on pattern [{digit}+]!
                              parseExpressionAsPattern ["(" {Integer} ")"] "1..-10" {
                              } -> There do not exist any possible matches of "1..-10" on pattern ["(" {Integer} ")"]!
                              parseExpressionAsPattern [{Dictionary<Integer>} "." {varName}] "1..-10" {
                              } -> There do not exist any possible matches of "1..-10" on pattern [{Dictionary<Integer>} "." {varName}]!
                              parseExpressionAsPattern [{Dictionary<Integer>} "[" ({String} | {Number}) "]"] "1..-10" {
                              } -> There do not exist any possible matches of "1..-10" on pattern [{Dictionary<Integer>} "[" ({String} | {Number}) "]"]!
                              parseExpressionAsPattern [{Iterable<Integer>} "[" {Integer} "]"] "1..-10" {
                              } -> There do not exist any possible matches of "1..-10" on pattern [{Iterable<Integer>} "[" {Integer} "]"]!
                            } -> "1..-10" did not match any pattern of type: Integer!
                          } -> All possible matches of "-1..-10" on pattern ["-" {Integer}] failed.
                          parseExpressionAsPattern [{digit}+] "-1..-10" {
                          } -> There do not exist any possible matches of "-1..-10" on pattern [{digit}+]!
                          parseExpressionAsPattern ["(" {Integer} ")"] "-1..-10" {
                          } -> There do not exist any possible matches of "-1..-10" on pattern ["(" {Integer} ")"]!
                          parseExpressionAsPattern [{Dictionary<Integer>} "." {varName}] "-1..-10" {
                          } -> There do not exist any possible matches of "-1..-10" on pattern [{Dictionary<Integer>} "." {varName}]!
                          parseExpressionAsPattern [{Dictionary<Integer>} "[" ({String} | {Number}) "]"] "-1..-10" {
                          } -> There do not exist any possible matches of "-1..-10" on pattern [{Dictionary<Integer>} "[" ({String} | {Number}) "]"]!
                          parseExpressionAsPattern [{Iterable<Integer>} "[" {Integer} "]"] "-1..-10" {
                          } -> There do not exist any possible matches of "-1..-10" on pattern [{Iterable<Integer>} "[" {Integer} "]"]!
                        } -> "-1..-10" did not match any pattern of type: Integer!
                      } -> All possible matches of "-1..-10" on pattern [{Integer}] failed.
                      parseExpressionAsPattern [{Number} "+" {Number}] "-1..-10" {
                      } -> There do not exist any possible matches of "-1..-10" on pattern [{Number} "+" {Number}]!
                      parseExpressionAsPattern [{Number} "-" {Number}] "-1..-10" {
                        parseExpressionAsType {Number} "-1.." {
                          parseExpressionAsPattern [{Integer}] "-1.." {
                            parseExpressionAsType {Integer} "-1.." {
                              parseExpressionAsPattern ["round" {Number}] "-1.." {
                              } -> There do not exist any possible matches of "-1.." on pattern ["round" {Number}]!
                              parseExpressionAsPattern [{Iterable} "." "length"] "-1.." {
                              } -> There do not exist any possible matches of "-1.." on pattern [{Iterable} "." "length"]!
                              parseExpressionAsPattern [{Integer} "+" {Integer}] "-1.." {
                              } -> There do not exist any possible matches of "-1.." on pattern [{Integer} "+" {Integer}]!
                              parseExpressionAsPattern [{Integer} "-" {Integer}] "-1.." {
                              } -> There do not exist any possible matches of "-1.." on pattern [{Integer} "-" {Integer}]!
                              parseExpressionAsPattern [{Integer} "*" {Integer}] "-1.." {
                              } -> There do not exist any possible matches of "-1.." on pattern [{Integer} "*" {Integer}]!
                              parseExpressionAsPattern [{Integer} "/" {Integer}] "-1.." {
                              } -> There do not exist any possible matches of "-1.." on pattern [{Integer} "/" {Integer}]!
                              parseExpressionAsPattern [{Integer} "^" {Integer}] "-1.." {
                              } -> There do not exist any possible matches of "-1.." on pattern [{Integer} "^" {Integer}]!
                              parseExpressionAsPattern ["-" {Integer}] "-1.." {
                                parseExpressionAsMetatype   "" {
                                } -> Parsed
                                parseExpressionAsType {Integer} "1.." {
                                  parseExpressionAsPattern ["round" {Number}] "1.." {
                                  } -> There do not exist any possible matches of "1.." on pattern ["round" {Number}]!
                                  parseExpressionAsPattern [{Iterable} "." "length"] "1.." {
                                  } -> There do not exist any possible matches of "1.." on pattern [{Iterable} "." "length"]!
                                  parseExpressionAsPattern [{Integer} "+" {Integer}] "1.." {
                                  } -> There do not exist any possible matches of "1.." on pattern [{Integer} "+" {Integer}]!
                                  parseExpressionAsPattern [{Integer} "-" {Integer}] "1.." {
                                  } -> There do not exist any possible matches of "1.." on pattern [{Integer} "-" {Integer}]!
                                  parseExpressionAsPattern [{Integer} "*" {Integer}] "1.." {
                                  } -> There do not exist any possible matches of "1.." on pattern [{Integer} "*" {Integer}]!
                                  parseExpressionAsPattern [{Integer} "/" {Integer}] "1.." {
                                  } -> There do not exist any possible matches of "1.." on pattern [{Integer} "/" {Integer}]!
                                  parseExpressionAsPattern [{Integer} "^" {Integer}] "1.." {
                                  } -> There do not exist any possible matches of "1.." on pattern [{Integer} "^" {Integer}]!
                                  parseExpressionAsPattern ["-" {Integer}] "1.." {
                                  } -> There do not exist any possible matches of "1.." on pattern ["-" {Integer}]!
                                  parseExpressionAsPattern [{digit}+] "1.." {
                                  } -> There do not exist any possible matches of "1.." on pattern [{digit}+]!
                                  parseExpressionAsPattern ["(" {Integer} ")"] "1.." {
                                  } -> There do not exist any possible matches of "1.." on pattern ["(" {Integer} ")"]!
                                  parseExpressionAsPattern [{Dictionary<Integer>} "." {varName}] "1.." {
                                  } -> There do not exist any possible matches of "1.." on pattern [{Dictionary<Integer>} "." {varName}]!
                                  parseExpressionAsPattern [{Dictionary<Integer>} "[" ({String} | {Number}) "]"] "1.." {
                                  } -> There do not exist any possible matches of "1.." on pattern [{Dictionary<Integer>} "[" ({String} | {Number}) "]"]!
                                  parseExpressionAsPattern [{Iterable<Integer>} "[" {Integer} "]"] "1.." {
                                  } -> There do not exist any possible matches of "1.." on pattern [{Iterable<Integer>} "[" {Integer} "]"]!
                                } -> "1.." did not match any pattern of type: Integer!
                              } -> All possible matches of "-1.." on pattern ["-" {Integer}] failed.
                              parseExpressionAsPattern [{digit}+] "-1.." {
                              } -> There do not exist any possible matches of "-1.." on pattern [{digit}+]!
                              parseExpressionAsPattern ["(" {Integer} ")"] "-1.." {
                              } -> There do not exist any possible matches of "-1.." on pattern ["(" {Integer} ")"]!
                              parseExpressionAsPattern [{Dictionary<Integer>} "." {varName}] "-1.." {
                              } -> There do not exist any possible matches of "-1.." on pattern [{Dictionary<Integer>} "." {varName}]!
                              parseExpressionAsPattern [{Dictionary<Integer>} "[" ({String} | {Number}) "]"] "-1.." {
                              } -> There do not exist any possible matches of "-1.." on pattern [{Dictionary<Integer>} "[" ({String} | {Number}) "]"]!
                              parseExpressionAsPattern [{Iterable<Integer>} "[" {Integer} "]"] "-1.." {
                              } -> There do not exist any possible matches of "-1.." on pattern [{Iterable<Integer>} "[" {Integer} "]"]!
                            } -> "-1.." did not match any pattern of type: Integer!
                          } -> All possible matches of "-1.." on pattern [{Integer}] failed.
                          parseExpressionAsPattern [{Number} "+" {Number}] "-1.." {
                          } -> There do not exist any possible matches of "-1.." on pattern [{Number} "+" {Number}]!
                          parseExpressionAsPattern [{Number} "-" {Number}] "-1.." {
                          } -> There do not exist any possible matches of "-1.." on pattern [{Number} "-" {Number}]!
                          parseExpressionAsPattern [{Number} "*" {Number}] "-1.." {
                          } -> There do not exist any possible matches of "-1.." on pattern [{Number} "*" {Number}]!
                          parseExpressionAsPattern [{Number} "/" {Number}] "-1.." {
                          } -> There do not exist any possible matches of "-1.." on pattern [{Number} "/" {Number}]!
                          parseExpressionAsPattern [{Number} "^" {Number}] "-1.." {
                          } -> There do not exist any possible matches of "-1.." on pattern [{Number} "^" {Number}]!
                          parseExpressionAsPattern ["-" {Number}] "-1.." {
                            parseExpressionAsMetatype   "" {
                            } -> Parsed
                            parseExpressionAsType {Number} "1.." {
                              parseExpressionAsPattern [{Integer}] "1.." {
                                parseExpressionAsType {Integer} "1.." {
                                  parseExpressionAsPattern ["round" {Number}] "1.." {
                                  } -> There do not exist any possible matches of "1.." on pattern ["round" {Number}]!
                                  parseExpressionAsPattern [{Iterable} "." "length"] "1.." {
                                  } -> There do not exist any possible matches of "1.." on pattern [{Iterable} "." "length"]!
                                  parseExpressionAsPattern [{Integer} "+" {Integer}] "1.." {
                                  } -> There do not exist any possible matches of "1.." on pattern [{Integer} "+" {Integer}]!
                                  parseExpressionAsPattern [{Integer} "-" {Integer}] "1.." {
                                  } -> There do not exist any possible matches of "1.." on pattern [{Integer} "-" {Integer}]!
                                  parseExpressionAsPattern [{Integer} "*" {Integer}] "1.." {
                                  } -> There do not exist any possible matches of "1.." on pattern [{Integer} "*" {Integer}]!
                                  parseExpressionAsPattern [{Integer} "/" {Integer}] "1.." {
                                  } -> There do not exist any possible matches of "1.." on pattern [{Integer} "/" {Integer}]!
                                  parseExpressionAsPattern [{Integer} "^" {Integer}] "1.." {
                                  } -> There do not exist any possible matches of "1.." on pattern [{Integer} "^" {Integer}]!
                                  parseExpressionAsPattern ["-" {Integer}] "1.." {
                                  } -> There do not exist any possible matches of "1.." on pattern ["-" {Integer}]!
                                  parseExpressionAsPattern [{digit}+] "1.." {
                                  } -> There do not exist any possible matches of "1.." on pattern [{digit}+]!
                                  parseExpressionAsPattern ["(" {Integer} ")"] "1.." {
                                  } -> There do not exist any possible matches of "1.." on pattern ["(" {Integer} ")"]!
                                  parseExpressionAsPattern [{Dictionary<Integer>} "." {varName}] "1.." {
                                  } -> There do not exist any possible matches of "1.." on pattern [{Dictionary<Integer>} "." {varName}]!
                                  parseExpressionAsPattern [{Dictionary<Integer>} "[" ({String} | {Number}) "]"] "1.." {
                                  } -> There do not exist any possible matches of "1.." on pattern [{Dictionary<Integer>} "[" ({String} | {Number}) "]"]!
                                  parseExpressionAsPattern [{Iterable<Integer>} "[" {Integer} "]"] "1.." {
                                  } -> There do not exist any possible matches of "1.." on pattern [{Iterable<Integer>} "[" {Integer} "]"]!
                                } -> "1.." did not match any pattern of type: Integer!
                              } -> All possible matches of "1.." on pattern [{Integer}] failed.
                              parseExpressionAsPattern [{Number} "+" {Number}] "1.." {
                              } -> There do not exist any possible matches of "1.." on pattern [{Number} "+" {Number}]!
                              parseExpressionAsPattern [{Number} "-" {Number}] "1.." {
                              } -> There do not exist any possible matches of "1.." on pattern [{Number} "-" {Number}]!
                              parseExpressionAsPattern [{Number} "*" {Number}] "1.." {
                              } -> There do not exist any possible matches of "1.." on pattern [{Number} "*" {Number}]!
                              parseExpressionAsPattern [{Number} "/" {Number}] "1.." {
                              } -> There do not exist any possible matches of "1.." on pattern [{Number} "/" {Number}]!
                              parseExpressionAsPattern [{Number} "^" {Number}] "1.." {
                              } -> There do not exist any possible matches of "1.." on pattern [{Number} "^" {Number}]!
                              parseExpressionAsPattern ["-" {Number}] "1.." {
                              } -> There do not exist any possible matches of "1.." on pattern ["-" {Number}]!
                              parseExpressionAsPattern [{numlit}] "1.." {
                                parseExpressionAsType {numlit} "1.." {
                                  parseExpressionAsPattern [{digit}+"."{endbit}??] "1.." {
                                    parseExpressionAsMetatype {digit}+ "1" {
                                      parseExpressionAsPattern [{digit}{digit}*] "1" {
                                        parseExpressionAsType {digit} "1" {
                                          parseExpressionAsPattern [[0123456789]] "1" {
                                            parseExpressionAsMetatype [0123456789] "1" {
                                            } -> Parsed
                                          } -> Parsed
                                        } -> Parsed
                                        parseExpressionAsMetatype {digit}* "" {
                                        } -> Parsed
                                      } -> Parsed
                                    } -> Parsed
                                    parseExpressionAsMetatype "."{endbit}?? ".." {
                                      parseExpressionAsPattern ["."{endbit}?"."{endbit}?{0, 0}] ".." {
                                      } -> There do not exist any possible matches of ".." on pattern ["."{endbit}?"."{endbit}?{0, 0}]!
                                    } -> There do not exist any possible matches of ".." on pattern ["."{endbit}?"."{endbit}?{0, 0}]!
                                  } -> All possible matches of "1.." on pattern [{digit}+"."{endbit}??] failed.
                                  parseExpressionAsPattern [{digit}*"."{digit}+{endbit}?] "1.." {
                                  } -> There do not exist any possible matches of "1.." on pattern [{digit}*"."{digit}+{endbit}?]!
                                } -> "1.." did not match any pattern of type: numlit!
                              } -> All possible matches of "1.." on pattern [{numlit}] failed.
                              parseExpressionAsPattern ["rand" {Tuple}] "1.." {
                              } -> There do not exist any possible matches of "1.." on pattern ["rand" {Tuple}]!
                              parseExpressionAsPattern ["(" {Number} ")"] "1.." {
                              } -> There do not exist any possible matches of "1.." on pattern ["(" {Number} ")"]!
                              parseExpressionAsPattern [{Dictionary<Number>} "." {varName}] "1.." {
                              } -> There do not exist any possible matches of "1.." on pattern [{Dictionary<Number>} "." {varName}]!
                              parseExpressionAsPattern [{Dictionary<Number>} "[" ({String} | {Number}) "]"] "1.." {
                              } -> There do not exist any possible matches of "1.." on pattern [{Dictionary<Number>} "[" ({String} | {Number}) "]"]!
                              parseExpressionAsPattern [{Iterable<Number>} "[" {Integer} "]"] "1.." {
                              } -> There do not exist any possible matches of "1.." on pattern [{Iterable<Number>} "[" {Integer} "]"]!
                            } -> "1.." did not match any pattern of type: Number!
                          } -> All possible matches of "-1.." on pattern ["-" {Number}] failed.
                          parseExpressionAsPattern [{numlit}] "-1.." {
                          } -> There do not exist any possible matches of "-1.." on pattern [{numlit}]!
                          parseExpressionAsPattern ["rand" {Tuple}] "-1.." {
                          } -> There do not exist any possible matches of "-1.." on pattern ["rand" {Tuple}]!
                          parseExpressionAsPattern ["(" {Number} ")"] "-1.." {
                          } -> There do not exist any possible matches of "-1.." on pattern ["(" {Number} ")"]!
                          parseExpressionAsPattern [{Dictionary<Number>} "." {varName}] "-1.." {
                          } -> There do not exist any possible matches of "-1.." on pattern [{Dictionary<Number>} "." {varName}]!
                          parseExpressionAsPattern [{Dictionary<Number>} "[" ({String} | {Number}) "]"] "-1.." {
                          } -> There do not exist any possible matches of "-1.." on pattern [{Dictionary<Number>} "[" ({String} | {Number}) "]"]!
                          parseExpressionAsPattern [{Iterable<Number>} "[" {Integer} "]"] "-1.." {
                          } -> There do not exist any possible matches of "-1.." on pattern [{Iterable<Number>} "[" {Integer} "]"]!
                        } -> "-1.." did not match any pattern of type: Number!
                      } -> All possible matches of "-1..-10" on pattern [{Number} "-" {Number}] failed.
                      parseExpressionAsPattern [{Number} "*" {Number}] "-1..-10" {
                      } -> There do not exist any possible matches of "-1..-10" on pattern [{Number} "*" {Number}]!
                      parseExpressionAsPattern [{Number} "/" {Number}] "-1..-10" {
                      } -> There do not exist any possible matches of "-1..-10" on pattern [{Number} "/" {Number}]!
                      parseExpressionAsPattern [{Number} "^" {Number}] "-1..-10" {
                      } -> There do not exist any possible matches of "-1..-10" on pattern [{Number} "^" {Number}]!
                      parseExpressionAsPattern ["-" {Number}] "-1..-10" {
                        parseExpressionAsMetatype   "" {
                        } -> Parsed
                        parseExpressionAsType {Number} "1..-10" {
                          parseExpressionAsPattern [{Integer}] "1..-10" {
                            parseExpressionAsType {Integer} "1..-10" {
                              parseExpressionAsPattern ["round" {Number}] "1..-10" {
                              } -> There do not exist any possible matches of "1..-10" on pattern ["round" {Number}]!
                              parseExpressionAsPattern [{Iterable} "." "length"] "1..-10" {
                              } -> There do not exist any possible matches of "1..-10" on pattern [{Iterable} "." "length"]!
                              parseExpressionAsPattern [{Integer} "+" {Integer}] "1..-10" {
                              } -> There do not exist any possible matches of "1..-10" on pattern [{Integer} "+" {Integer}]!
                              parseExpressionAsPattern [{Integer} "-" {Integer}] "1..-10" {
                                parseExpressionAsType {Integer} "1.." {
                                  parseExpressionAsPattern ["round" {Number}] "1.." {
                                  } -> There do not exist any possible matches of "1.." on pattern ["round" {Number}]!
                                  parseExpressionAsPattern [{Iterable} "." "length"] "1.." {
                                  } -> There do not exist any possible matches of "1.." on pattern [{Iterable} "." "length"]!
                                  parseExpressionAsPattern [{Integer} "+" {Integer}] "1.." {
                                  } -> There do not exist any possible matches of "1.." on pattern [{Integer} "+" {Integer}]!
                                  parseExpressionAsPattern [{Integer} "-" {Integer}] "1.." {
                                  } -> There do not exist any possible matches of "1.." on pattern [{Integer} "-" {Integer}]!
                                  parseExpressionAsPattern [{Integer} "*" {Integer}] "1.." {
                                  } -> There do not exist any possible matches of "1.." on pattern [{Integer} "*" {Integer}]!
                                  parseExpressionAsPattern [{Integer} "/" {Integer}] "1.." {
                                  } -> There do not exist any possible matches of "1.." on pattern [{Integer} "/" {Integer}]!
                                  parseExpressionAsPattern [{Integer} "^" {Integer}] "1.." {
                                  } -> There do not exist any possible matches of "1.." on pattern [{Integer} "^" {Integer}]!
                                  parseExpressionAsPattern ["-" {Integer}] "1.." {
                                  } -> There do not exist any possible matches of "1.." on pattern ["-" {Integer}]!
                                  parseExpressionAsPattern [{digit}+] "1.." {
                                  } -> There do not exist any possible matches of "1.." on pattern [{digit}+]!
                                  parseExpressionAsPattern ["(" {Integer} ")"] "1.." {
                                  } -> There do not exist any possible matches of "1.." on pattern ["(" {Integer} ")"]!
                                  parseExpressionAsPattern [{Dictionary<Integer>} "." {varName}] "1.." {
                                  } -> There do not exist any possible matches of "1.." on pattern [{Dictionary<Integer>} "." {varName}]!
                                  parseExpressionAsPattern [{Dictionary<Integer>} "[" ({String} | {Number}) "]"] "1.." {
                                  } -> There do not exist any possible matches of "1.." on pattern [{Dictionary<Integer>} "[" ({String} | {Number}) "]"]!
                                  parseExpressionAsPattern [{Iterable<Integer>} "[" {Integer} "]"] "1.." {
                                  } -> There do not exist any possible matches of "1.." on pattern [{Iterable<Integer>} "[" {Integer} "]"]!
                                } -> "1.." did not match any pattern of type: Integer!
                              } -> All possible matches of "1..-10" on pattern [{Integer} "-" {Integer}] failed.
                              parseExpressionAsPattern [{Integer} "*" {Integer}] "1..-10" {
                              } -> There do not exist any possible matches of "1..-10" on pattern [{Integer} "*" {Integer}]!
                              parseExpressionAsPattern [{Integer} "/" {Integer}] "1..-10" {
                              } -> There do not exist any possible matches of "1..-10" on pattern [{Integer} "/" {Integer}]!
                              parseExpressionAsPattern [{Integer} "^" {Integer}] "1..-10" {
                              } -> There do not exist any possible matches of "1..-10" on pattern [{Integer} "^" {Integer}]!
                              parseExpressionAsPattern ["-" {Integer}] "1..-10" {
                              } -> There do not exist any possible matches of "1..-10" on pattern ["-" {Integer}]!
                              parseExpressionAsPattern [{digit}+] "1..-10" {
                              } -> There do not exist any possible matches of "1..-10" on pattern [{digit}+]!
                              parseExpressionAsPattern ["(" {Integer} ")"] "1..-10" {
                              } -> There do not exist any possible matches of "1..-10" on pattern ["(" {Integer} ")"]!
                              parseExpressionAsPattern [{Dictionary<Integer>} "." {varName}] "1..-10" {
                              } -> There do not exist any possible matches of "1..-10" on pattern [{Dictionary<Integer>} "." {varName}]!
                              parseExpressionAsPattern [{Dictionary<Integer>} "[" ({String} | {Number}) "]"] "1..-10" {
                              } -> There do not exist any possible matches of "1..-10" on pattern [{Dictionary<Integer>} "[" ({String} | {Number}) "]"]!
                              parseExpressionAsPattern [{Iterable<Integer>} "[" {Integer} "]"] "1..-10" {
                              } -> There do not exist any possible matches of "1..-10" on pattern [{Iterable<Integer>} "[" {Integer} "]"]!
                            } -> "1..-10" did not match any pattern of type: Integer!
                          } -> All possible matches of "1..-10" on pattern [{Integer}] failed.
                          parseExpressionAsPattern [{Number} "+" {Number}] "1..-10" {
                          } -> There do not exist any possible matches of "1..-10" on pattern [{Number} "+" {Number}]!
                          parseExpressionAsPattern [{Number} "-" {Number}] "1..-10" {
                            parseExpressionAsType {Number} "1.." {
                              parseExpressionAsPattern [{Integer}] "1.." {
                                parseExpressionAsType {Integer} "1.." {
                                  parseExpressionAsPattern ["round" {Number}] "1.." {
                                  } -> There do not exist any possible matches of "1.." on pattern ["round" {Number}]!
                                  parseExpressionAsPattern [{Iterable} "." "length"] "1.." {
                                  } -> There do not exist any possible matches of "1.." on pattern [{Iterable} "." "length"]!
                                  parseExpressionAsPattern [{Integer} "+" {Integer}] "1.." {
                                  } -> There do not exist any possible matches of "1.." on pattern [{Integer} "+" {Integer}]!
                                  parseExpressionAsPattern [{Integer} "-" {Integer}] "1.." {
                                  } -> There do not exist any possible matches of "1.." on pattern [{Integer} "-" {Integer}]!
                                  parseExpressionAsPattern [{Integer} "*" {Integer}] "1.." {
                                  } -> There do not exist any possible matches of "1.." on pattern [{Integer} "*" {Integer}]!
                                  parseExpressionAsPattern [{Integer} "/" {Integer}] "1.." {
                                  } -> There do not exist any possible matches of "1.." on pattern [{Integer} "/" {Integer}]!
                                  parseExpressionAsPattern [{Integer} "^" {Integer}] "1.." {
                                  } -> There do not exist any possible matches of "1.." on pattern [{Integer} "^" {Integer}]!
                                  parseExpressionAsPattern ["-" {Integer}] "1.." {
                                  } -> There do not exist any possible matches of "1.." on pattern ["-" {Integer}]!
                                  parseExpressionAsPattern [{digit}+] "1.." {
                                  } -> There do not exist any possible matches of "1.." on pattern [{digit}+]!
                                  parseExpressionAsPattern ["(" {Integer} ")"] "1.." {
                                  } -> There do not exist any possible matches of "1.." on pattern ["(" {Integer} ")"]!
                                  parseExpressionAsPattern [{Dictionary<Integer>} "." {varName}] "1.." {
                                  } -> There do not exist any possible matches of "1.." on pattern [{Dictionary<Integer>} "." {varName}]!
                                  parseExpressionAsPattern [{Dictionary<Integer>} "[" ({String} | {Number}) "]"] "1.." {
                                  } -> There do not exist any possible matches of "1.." on pattern [{Dictionary<Integer>} "[" ({String} | {Number}) "]"]!
                                  parseExpressionAsPattern [{Iterable<Integer>} "[" {Integer} "]"] "1.." {
                                  } -> There do not exist any possible matches of "1.." on pattern [{Iterable<Integer>} "[" {Integer} "]"]!
                                } -> "1.." did not match any pattern of type: Integer!
                              } -> All possible matches of "1.." on pattern [{Integer}] failed.
                              parseExpressionAsPattern [{Number} "+" {Number}] "1.." {
                              } -> There do not exist any possible matches of "1.." on pattern [{Number} "+" {Number}]!
                              parseExpressionAsPattern [{Number} "-" {Number}] "1.." {
                              } -> There do not exist any possible matches of "1.." on pattern [{Number} "-" {Number}]!
                              parseExpressionAsPattern [{Number} "*" {Number}] "1.." {
                              } -> There do not exist any possible matches of "1.." on pattern [{Number} "*" {Number}]!
                              parseExpressionAsPattern [{Number} "/" {Number}] "1.." {
                              } -> There do not exist any possible matches of "1.." on pattern [{Number} "/" {Number}]!
                              parseExpressionAsPattern [{Number} "^" {Number}] "1.." {
                              } -> There do not exist any possible matches of "1.." on pattern [{Number} "^" {Number}]!
                              parseExpressionAsPattern ["-" {Number}] "1.." {
                              } -> There do not exist any possible matches of "1.." on pattern ["-" {Number}]!
                              parseExpressionAsPattern [{numlit}] "1.." {
                                parseExpressionAsType {numlit} "1.." {
                                  parseExpressionAsPattern [{digit}+"."{endbit}??] "1.." {
                                    parseExpressionAsMetatype {digit}+ "1" {
                                      parseExpressionAsPattern [{digit}{digit}*] "1" {
                                        parseExpressionAsType {digit} "1" {
                                          parseExpressionAsPattern [[0123456789]] "1" {
                                            parseExpressionAsMetatype [0123456789] "1" {
                                            } -> Parsed
                                          } -> Parsed
                                        } -> Parsed
                                        parseExpressionAsMetatype {digit}* "" {
                                        } -> Parsed
                                      } -> Parsed
                                    } -> Parsed
                                    parseExpressionAsMetatype "."{endbit}?? ".." {
                                      parseExpressionAsPattern ["."{endbit}?"."{endbit}?{0, 0}] ".." {
                                      } -> There do not exist any possible matches of ".." on pattern ["."{endbit}?"."{endbit}?{0, 0}]!
                                    } -> There do not exist any possible matches of ".." on pattern ["."{endbit}?"."{endbit}?{0, 0}]!
                                  } -> All possible matches of "1.." on pattern [{digit}+"."{endbit}??] failed.
                                  parseExpressionAsPattern [{digit}*"."{digit}+{endbit}?] "1.." {
                                  } -> There do not exist any possible matches of "1.." on pattern [{digit}*"."{digit}+{endbit}?]!
                                } -> "1.." did not match any pattern of type: numlit!
                              } -> All possible matches of "1.." on pattern [{numlit}] failed.
                              parseExpressionAsPattern ["rand" {Tuple}] "1.." {
                              } -> There do not exist any possible matches of "1.." on pattern ["rand" {Tuple}]!
                              parseExpressionAsPattern ["(" {Number} ")"] "1.." {
                              } -> There do not exist any possible matches of "1.." on pattern ["(" {Number} ")"]!
                              parseExpressionAsPattern [{Dictionary<Number>} "." {varName}] "1.." {
                              } -> There do not exist any possible matches of "1.." on pattern [{Dictionary<Number>} "." {varName}]!
                              parseExpressionAsPattern [{Dictionary<Number>} "[" ({String} | {Number}) "]"] "1.." {
                              } -> There do not exist any possible matches of "1.." on pattern [{Dictionary<Number>} "[" ({String} | {Number}) "]"]!
                              parseExpressionAsPattern [{Iterable<Number>} "[" {Integer} "]"] "1.." {
                              } -> There do not exist any possible matches of "1.." on pattern [{Iterable<Number>} "[" {Integer} "]"]!
                            } -> "1.." did not match any pattern of type: Number!
                          } -> All possible matches of "1..-10" on pattern [{Number} "-" {Number}] failed.
                          parseExpressionAsPattern [{Number} "*" {Number}] "1..-10" {
                          } -> There do not exist any possible matches of "1..-10" on pattern [{Number} "*" {Number}]!
                          parseExpressionAsPattern [{Number} "/" {Number}] "1..-10" {
                          } -> There do not exist any possible matches of "1..-10" on pattern [{Number} "/" {Number}]!
                          parseExpressionAsPattern [{Number} "^" {Number}] "1..-10" {
                          } -> There do not exist any possible matches of "1..-10" on pattern [{Number} "^" {Number}]!
                          parseExpressionAsPattern ["-" {Number}] "1..-10" {
                          } -> There do not exist any possible matches of "1..-10" on pattern ["-" {Number}]!
                          parseExpressionAsPattern [{numlit}] "1..-10" {
                          } -> There do not exist any possible matches of "1..-10" on pattern [{numlit}]!
                          parseExpressionAsPattern ["rand" {Tuple}] "1..-10" {
                          } -> There do not exist any possible matches of "1..-10" on pattern ["rand" {Tuple}]!
                          parseExpressionAsPattern ["(" {Number} ")"] "1..-10" {
                          } -> There do not exist any possible matches of "1..-10" on pattern ["(" {Number} ")"]!
                          parseExpressionAsPattern [{Dictionary<Number>} "." {varName}] "1..-10" {
                          } -> There do not exist any possible matches of "1..-10" on pattern [{Dictionary<Number>} "." {varName}]!
                          parseExpressionAsPattern [{Dictionary<Number>} "[" ({String} | {Number}) "]"] "1..-10" {
                          } -> There do not exist any possible matches of "1..-10" on pattern [{Dictionary<Number>} "[" ({String} | {Number}) "]"]!
                          parseExpressionAsPattern [{Iterable<Number>} "[" {Integer} "]"] "1..-10" {
                          } -> There do not exist any possible matches of "1..-10" on pattern [{Iterable<Number>} "[" {Integer} "]"]!
                        } -> "1..-10" did not match any pattern of type: Number!
                      } -> All possible matches of "-1..-10" on pattern ["-" {Number}] failed.
                      parseExpressionAsPattern [{numlit}] "-1..-10" {
                      } -> There do not exist any possible matches of "-1..-10" on pattern [{numlit}]!
                      parseExpressionAsPattern ["rand" {Tuple}] "-1..-10" {
                      } -> There do not exist any possible matches of "-1..-10" on pattern ["rand" {Tuple}]!
                      parseExpressionAsPattern ["(" {Number} ")"] "-1..-10" {
                      } -> There do not exist any possible matches of "-1..-10" on pattern ["(" {Number} ")"]!
                      parseExpressionAsPattern [{Dictionary<Number>} "." {varName}] "-1..-10" {
                      } -> There do not exist any possible matches of "-1..-10" on pattern [{Dictionary<Number>} "." {varName}]!
                      parseExpressionAsPattern [{Dictionary<Number>} "[" ({String} | {Number}) "]"] "-1..-10" {
                      } -> There do not exist any possible matches of "-1..-10" on pattern [{Dictionary<Number>} "[" ({String} | {Number}) "]"]!
                      parseExpressionAsPattern [{Iterable<Number>} "[" {Integer} "]"] "-1..-10" {
                      } -> There do not exist any possible matches of "-1..-10" on pattern [{Iterable<Number>} "[" {Integer} "]"]!
                    } -> "-1..-10" did not match any pattern of type: Number!
                    parseExpressionAsMetatype   "" {
                    } -> Parsed
                    parseExpressionAsType {Number} "0..-1" {
                      parseExpressionAsPattern [{Integer}] "0..-1" {
                        parseExpressionAsType {Integer} "0..-1" {
                          parseExpressionAsPattern ["round" {Number}] "0..-1" {
                          } -> There do not exist any possible matches of "0..-1" on pattern ["round" {Number}]!
                          parseExpressionAsPattern [{Iterable} "." "length"] "0..-1" {
                          } -> There do not exist any possible matches of "0..-1" on pattern [{Iterable} "." "length"]!
                          parseExpressionAsPattern [{Integer} "+" {Integer}] "0..-1" {
                          } -> There do not exist any possible matches of "0..-1" on pattern [{Integer} "+" {Integer}]!
                          parseExpressionAsPattern [{Integer} "-" {Integer}] "0..-1" {
                            parseExpressionAsType {Integer} "0.." {
                              parseExpressionAsPattern ["round" {Number}] "0.." {
                              } -> There do not exist any possible matches of "0.." on pattern ["round" {Number}]!
                              parseExpressionAsPattern [{Iterable} "." "length"] "0.." {
                              } -> There do not exist any possible matches of "0.." on pattern [{Iterable} "." "length"]!
                              parseExpressionAsPattern [{Integer} "+" {Integer}] "0.." {
                              } -> There do not exist any possible matches of "0.." on pattern [{Integer} "+" {Integer}]!
                              parseExpressionAsPattern [{Integer} "-" {Integer}] "0.." {
                              } -> There do not exist any possible matches of "0.." on pattern [{Integer} "-" {Integer}]!
                              parseExpressionAsPattern [{Integer} "*" {Integer}] "0.." {
                              } -> There do not exist any possible matches of "0.." on pattern [{Integer} "*" {Integer}]!
                              parseExpressionAsPattern [{Integer} "/" {Integer}] "0.." {
                              } -> There do not exist any possible matches of "0.." on pattern [{Integer} "/" {Integer}]!
                              parseExpressionAsPattern [{Integer} "^" {Integer}] "0.." {
                              } -> There do not exist any possible matches of "0.." on pattern [{Integer} "^" {Integer}]!
                              parseExpressionAsPattern ["-" {Integer}] "0.." {
                              } -> There do not exist any possible matches of "0.." on pattern ["-" {Integer}]!
                              parseExpressionAsPattern [{digit}+] "0.." {
                              } -> There do not exist any possible matches of "0.." on pattern [{digit}+]!
                              parseExpressionAsPattern ["(" {Integer} ")"] "0.." {
                              } -> There do not exist any possible matches of "0.." on pattern ["(" {Integer} ")"]!
                              parseExpressionAsPattern [{Dictionary<Integer>} "." {varName}] "0.." {
                              } -> There do not exist any possible matches of "0.." on pattern [{Dictionary<Integer>} "." {varName}]!
                              parseExpressionAsPattern [{Dictionary<Integer>} "[" ({String} | {Number}) "]"] "0.." {
                              } -> There do not exist any possible matches of "0.." on pattern [{Dictionary<Integer>} "[" ({String} | {Number}) "]"]!
                              parseExpressionAsPattern [{Iterable<Integer>} "[" {Integer} "]"] "0.." {
                              } -> There do not exist any possible matches of "0.." on pattern [{Iterable<Integer>} "[" {Integer} "]"]!
                            } -> "0.." did not match any pattern of type: Integer!
                          } -> All possible matches of "0..-1" on pattern [{Integer} "-" {Integer}] failed.
                          parseExpressionAsPattern [{Integer} "*" {Integer}] "0..-1" {
                          } -> There do not exist any possible matches of "0..-1" on pattern [{Integer} "*" {Integer}]!
                          parseExpressionAsPattern [{Integer} "/" {Integer}] "0..-1" {
                          } -> There do not exist any possible matches of "0..-1" on pattern [{Integer} "/" {Integer}]!
                          parseExpressionAsPattern [{Integer} "^" {Integer}] "0..-1" {
                          } -> There do not exist any possible matches of "0..-1" on pattern [{Integer} "^" {Integer}]!
                          parseExpressionAsPattern ["-" {Integer}] "0..-1" {
                          } -> There do not exist any possible matches of "0..-1" on pattern ["-" {Integer}]!
                          parseExpressionAsPattern [{digit}+] "0..-1" {
                          } -> There do not exist any possible matches of "0..-1" on pattern [{digit}+]!
                          parseExpressionAsPattern ["(" {Integer} ")"] "0..-1" {
                          } -> There do not exist any possible matches of "0..-1" on pattern ["(" {Integer} ")"]!
                          parseExpressionAsPattern [{Dictionary<Integer>} "." {varName}] "0..-1" {
                          } -> There do not exist any possible matches of "0..-1" on pattern [{Dictionary<Integer>} "." {varName}]!
                          parseExpressionAsPattern [{Dictionary<Integer>} "[" ({String} | {Number}) "]"] "0..-1" {
                          } -> There do not exist any possible matches of "0..-1" on pattern [{Dictionary<Integer>} "[" ({String} | {Number}) "]"]!
                          parseExpressionAsPattern [{Iterable<Integer>} "[" {Integer} "]"] "0..-1" {
                          } -> There do not exist any possible matches of "0..-1" on pattern [{Iterable<Integer>} "[" {Integer} "]"]!
                        } -> "0..-1" did not match any pattern of type: Integer!
                      } -> All possible matches of "0..-1" on pattern [{Integer}] failed.
                      parseExpressionAsPattern [{Number} "+" {Number}] "0..-1" {
                      } -> There do not exist any possible matches of "0..-1" on pattern [{Number} "+" {Number}]!
                      parseExpressionAsPattern [{Number} "-" {Number}] "0..-1" {
                        parseExpressionAsType {Number} "0.." {
                          parseExpressionAsPattern [{Integer}] "0.." {
                            parseExpressionAsType {Integer} "0.." {
                              parseExpressionAsPattern ["round" {Number}] "0.." {
                              } -> There do not exist any possible matches of "0.." on pattern ["round" {Number}]!
                              parseExpressionAsPattern [{Iterable} "." "length"] "0.." {
                              } -> There do not exist any possible matches of "0.." on pattern [{Iterable} "." "length"]!
                              parseExpressionAsPattern [{Integer} "+" {Integer}] "0.." {
                              } -> There do not exist any possible matches of "0.." on pattern [{Integer} "+" {Integer}]!
                              parseExpressionAsPattern [{Integer} "-" {Integer}] "0.." {
                              } -> There do not exist any possible matches of "0.." on pattern [{Integer} "-" {Integer}]!
                              parseExpressionAsPattern [{Integer} "*" {Integer}] "0.." {
                              } -> There do not exist any possible matches of "0.." on pattern [{Integer} "*" {Integer}]!
                              parseExpressionAsPattern [{Integer} "/" {Integer}] "0.." {
                              } -> There do not exist any possible matches of "0.." on pattern [{Integer} "/" {Integer}]!
                              parseExpressionAsPattern [{Integer} "^" {Integer}] "0.." {
                              } -> There do not exist any possible matches of "0.." on pattern [{Integer} "^" {Integer}]!
                              parseExpressionAsPattern ["-" {Integer}] "0.." {
                              } -> There do not exist any possible matches of "0.." on pattern ["-" {Integer}]!
                              parseExpressionAsPattern [{digit}+] "0.." {
                              } -> There do not exist any possible matches of "0.." on pattern [{digit}+]!
                              parseExpressionAsPattern ["(" {Integer} ")"] "0.." {
                              } -> There do not exist any possible matches of "0.." on pattern ["(" {Integer} ")"]!
                              parseExpressionAsPattern [{Dictionary<Integer>} "." {varName}] "0.." {
                              } -> There do not exist any possible matches of "0.." on pattern [{Dictionary<Integer>} "." {varName}]!
                              parseExpressionAsPattern [{Dictionary<Integer>} "[" ({String} | {Number}) "]"] "0.." {
                              } -> There do not exist any possible matches of "0.." on pattern [{Dictionary<Integer>} "[" ({String} | {Number}) "]"]!
                              parseExpressionAsPattern [{Iterable<Integer>} "[" {Integer} "]"] "0.." {
                              } -> There do not exist any possible matches of "0.." on pattern [{Iterable<Integer>} "[" {Integer} "]"]!
                            } -> "0.." did not match any pattern of type: Integer!
                          } -> All possible matches of "0.." on pattern [{Integer}] failed.
                          parseExpressionAsPattern [{Number} "+" {Number}] "0.." {
                          } -> There do not exist any possible matches of "0.." on pattern [{Number} "+" {Number}]!
                          parseExpressionAsPattern [{Number} "-" {Number}] "0.." {
                          } -> There do not exist any possible matches of "0.." on pattern [{Number} "-" {Number}]!
                          parseExpressionAsPattern [{Number} "*" {Number}] "0.." {
                          } -> There do not exist any possible matches of "0.." on pattern [{Number} "*" {Number}]!
                          parseExpressionAsPattern [{Number} "/" {Number}] "0.." {
                          } -> There do not exist any possible matches of "0.." on pattern [{Number} "/" {Number}]!
                          parseExpressionAsPattern [{Number} "^" {Number}] "0.." {
                          } -> There do not exist any possible matches of "0.." on pattern [{Number} "^" {Number}]!
                          parseExpressionAsPattern ["-" {Number}] "0.." {
                          } -> There do not exist any possible matches of "0.." on pattern ["-" {Number}]!
                          parseExpressionAsPattern [{numlit}] "0.." {
                            parseExpressionAsType {numlit} "0.." {
                              parseExpressionAsPattern [{digit}+"."{endbit}??] "0.." {
                                parseExpressionAsMetatype {digit}+ "0" {
                                  parseExpressionAsPattern [{digit}{digit}*] "0" {
                                    parseExpressionAsType {digit} "0" {
                                      parseExpressionAsPattern [[0123456789]] "0" {
                                        parseExpressionAsMetatype [0123456789] "0" {
                                        } -> Parsed
                                      } -> Parsed
                                    } -> Parsed
                                    parseExpressionAsMetatype {digit}* "" {
                                    } -> Parsed
                                  } -> Parsed
                                } -> Parsed
                                parseExpressionAsMetatype "."{endbit}?? ".." {
                                  parseExpressionAsPattern ["."{endbit}?"."{endbit}?{0, 0}] ".." {
                                  } -> There do not exist any possible matches of ".." on pattern ["."{endbit}?"."{endbit}?{0, 0}]!
                                } -> There do not exist any possible matches of ".." on pattern ["."{endbit}?"."{endbit}?{0, 0}]!
                              } -> All possible matches of "0.." on pattern [{digit}+"."{endbit}??] failed.
                              parseExpressionAsPattern [{digit}*"."{digit}+{endbit}?] "0.." {
                              } -> There do not exist any possible matches of "0.." on pattern [{digit}*"."{digit}+{endbit}?]!
                            } -> "0.." did not match any pattern of type: numlit!
                          } -> All possible matches of "0.." on pattern [{numlit}] failed.
                          parseExpressionAsPattern ["rand" {Tuple}] "0.." {
                          } -> There do not exist any possible matches of "0.." on pattern ["rand" {Tuple}]!
                          parseExpressionAsPattern ["(" {Number} ")"] "0.." {
                          } -> There do not exist any possible matches of "0.." on pattern ["(" {Number} ")"]!
                          parseExpressionAsPattern [{Dictionary<Number>} "." {varName}] "0.." {
                          } -> There do not exist any possible matches of "0.." on pattern [{Dictionary<Number>} "." {varName}]!
                          parseExpressionAsPattern [{Dictionary<Number>} "[" ({String} | {Number}) "]"] "0.." {
                          } -> There do not exist any possible matches of "0.." on pattern [{Dictionary<Number>} "[" ({String} | {Number}) "]"]!
                          parseExpressionAsPattern [{Iterable<Number>} "[" {Integer} "]"] "0.." {
                          } -> There do not exist any possible matches of "0.." on pattern [{Iterable<Number>} "[" {Integer} "]"]!
                        } -> "0.." did not match any pattern of type: Number!
                      } -> All possible matches of "0..-1" on pattern [{Number} "-" {Number}] failed.
                      parseExpressionAsPattern [{Number} "*" {Number}] "0..-1" {
                      } -> There do not exist any possible matches of "0..-1" on pattern [{Number} "*" {Number}]!
                      parseExpressionAsPattern [{Number} "/" {Number}] "0..-1" {
                      } -> There do not exist any possible matches of "0..-1" on pattern [{Number} "/" {Number}]!
                      parseExpressionAsPattern [{Number} "^" {Number}] "0..-1" {
                      } -> There do not exist any possible matches of "0..-1" on pattern [{Number} "^" {Number}]!
                      parseExpressionAsPattern ["-" {Number}] "0..-1" {
                      } -> There do not exist any possible matches of "0..-1" on pattern ["-" {Number}]!
                      parseExpressionAsPattern [{numlit}] "0..-1" {
                      } -> There do not exist any possible matches of "0..-1" on pattern [{numlit}]!
                      parseExpressionAsPattern ["rand" {Tuple}] "0..-1" {
                      } -> There do not exist any possible matches of "0..-1" on pattern ["rand" {Tuple}]!
                      parseExpressionAsPattern ["(" {Number} ")"] "0..-1" {
                      } -> There do not exist any possible matches of "0..-1" on pattern ["(" {Number} ")"]!
                      parseExpressionAsPattern [{Dictionary<Number>} "." {varName}] "0..-1" {
                      } -> There do not exist any possible matches of "0..-1" on pattern [{Dictionary<Number>} "." {varName}]!
                      parseExpressionAsPattern [{Dictionary<Number>} "[" ({String} | {Number}) "]"] "0..-1" {
                      } -> There do not exist any possible matches of "0..-1" on pattern [{Dictionary<Number>} "[" ({String} | {Number}) "]"]!
                      parseExpressionAsPattern [{Iterable<Number>} "[" {Integer} "]"] "0..-1" {
                      } -> There do not exist any possible matches of "0..-1" on pattern [{Iterable<Number>} "[" {Integer} "]"]!
                    } -> "0..-1" did not match any pattern of type: Number!
                  } -> All possible matches of "[0..-1..-10]" on pattern ["[" {Number} ".." {Number} "]"] failed.
                  parseExpressionAsPattern ["[" {Number} ".." {Number} ".." "]"] "[0..-1..-10]" {
                  } -> There do not exist any possible matches of "[0..-1..-10]" on pattern ["[" {Number} ".." {Number} ".." "]"]!
                  parseExpressionAsPattern ["[" {Number} ".." {Number} ".." {Number} "]"] "[0..-1..-10]" {
                    parseExpressionAsMetatype   "" {
                    } -> Parsed
                    parseExpressionAsType {Number} "0" {
                      parseExpressionAsPattern [{Integer}] "0" {
                        parseExpressionAsType {Integer} "0" {
                          parseExpressionAsPattern ["round" {Number}] "0" {
                          } -> There do not exist any possible matches of "0" on pattern ["round" {Number}]!
                          parseExpressionAsPattern [{Iterable} "." "length"] "0" {
                          } -> There do not exist any possible matches of "0" on pattern [{Iterable} "." "length"]!
                          parseExpressionAsPattern [{Integer} "+" {Integer}] "0" {
                          } -> There do not exist any possible matches of "0" on pattern [{Integer} "+" {Integer}]!
                          parseExpressionAsPattern [{Integer} "-" {Integer}] "0" {
                          } -> There do not exist any possible matches of "0" on pattern [{Integer} "-" {Integer}]!
                          parseExpressionAsPattern [{Integer} "*" {Integer}] "0" {
                          } -> There do not exist any possible matches of "0" on pattern [{Integer} "*" {Integer}]!
                          parseExpressionAsPattern [{Integer} "/" {Integer}] "0" {
                          } -> There do not exist any possible matches of "0" on pattern [{Integer} "/" {Integer}]!
                          parseExpressionAsPattern [{Integer} "^" {Integer}] "0" {
                          } -> There do not exist any possible matches of "0" on pattern [{Integer} "^" {Integer}]!
                          parseExpressionAsPattern ["-" {Integer}] "0" {
                          } -> There do not exist any possible matches of "0" on pattern ["-" {Integer}]!
                          parseExpressionAsPattern [{digit}+] "0" {
                            parseExpressionAsMetatype {digit}+ "0" {
                              parseExpressionAsPattern [{digit}{digit}*] "0" {
                                parseExpressionAsType {digit} "0" {
                                  parseExpressionAsPattern [[0123456789]] "0" {
                                    parseExpressionAsMetatype [0123456789] "0" {
                                    } -> Parsed
                                  } -> Parsed
                                } -> Parsed
                                parseExpressionAsMetatype {digit}* "" {
                                } -> Parsed
                              } -> Parsed
                            } -> Parsed
                          } -> Parsed
                        } -> Parsed
                      } -> Parsed
                    } -> Parsed
                    parseExpressionAsMetatype   "" {
                    } -> Parsed
                    parseExpressionAsMetatype   "" {
                    } -> Parsed
                    parseExpressionAsType {Number} "-1" {
                      parseExpressionAsPattern [{Integer}] "-1" {
                        parseExpressionAsType {Integer} "-1" {
                          parseExpressionAsPattern ["round" {Number}] "-1" {
                          } -> There do not exist any possible matches of "-1" on pattern ["round" {Number}]!
                          parseExpressionAsPattern [{Iterable} "." "length"] "-1" {
                          } -> There do not exist any possible matches of "-1" on pattern [{Iterable} "." "length"]!
                          parseExpressionAsPattern [{Integer} "+" {Integer}] "-1" {
                          } -> There do not exist any possible matches of "-1" on pattern [{Integer} "+" {Integer}]!
                          parseExpressionAsPattern [{Integer} "-" {Integer}] "-1" {
                          } -> There do not exist any possible matches of "-1" on pattern [{Integer} "-" {Integer}]!
                          parseExpressionAsPattern [{Integer} "*" {Integer}] "-1" {
                          } -> There do not exist any possible matches of "-1" on pattern [{Integer} "*" {Integer}]!
                          parseExpressionAsPattern [{Integer} "/" {Integer}] "-1" {
                          } -> There do not exist any possible matches of "-1" on pattern [{Integer} "/" {Integer}]!
                          parseExpressionAsPattern [{Integer} "^" {Integer}] "-1" {
                          } -> There do not exist any possible matches of "-1" on pattern [{Integer} "^" {Integer}]!
                          parseExpressionAsPattern ["-" {Integer}] "-1" {
                            parseExpressionAsMetatype   "" {
                            } -> Parsed
                            parseExpressionAsType {Integer} "1" {
                              parseExpressionAsPattern ["round" {Number}] "1" {
                              } -> There do not exist any possible matches of "1" on pattern ["round" {Number}]!
                              parseExpressionAsPattern [{Iterable} "." "length"] "1" {
                              } -> There do not exist any possible matches of "1" on pattern [{Iterable} "." "length"]!
                              parseExpressionAsPattern [{Integer} "+" {Integer}] "1" {
                              } -> There do not exist any possible matches of "1" on pattern [{Integer} "+" {Integer}]!
                              parseExpressionAsPattern [{Integer} "-" {Integer}] "1" {
                              } -> There do not exist any possible matches of "1" on pattern [{Integer} "-" {Integer}]!
                              parseExpressionAsPattern [{Integer} "*" {Integer}] "1" {
                              } -> There do not exist any possible matches of "1" on pattern [{Integer} "*" {Integer}]!
                              parseExpressionAsPattern [{Integer} "/" {Integer}] "1" {
                              } -> There do not exist any possible matches of "1" on pattern [{Integer} "/" {Integer}]!
                              parseExpressionAsPattern [{Integer} "^" {Integer}] "1" {
                              } -> There do not exist any possible matches of "1" on pattern [{Integer} "^" {Integer}]!
                              parseExpressionAsPattern ["-" {Integer}] "1" {
                              } -> There do not exist any possible matches of "1" on pattern ["-" {Integer}]!
                              parseExpressionAsPattern [{digit}+] "1" {
                                parseExpressionAsMetatype {digit}+ "1" {
                                  parseExpressionAsPattern [{digit}{digit}*] "1" {
                                    parseExpressionAsType {digit} "1" {
                                      parseExpressionAsPattern [[0123456789]] "1" {
                                        parseExpressionAsMetatype [0123456789] "1" {
                                        } -> Parsed
                                      } -> Parsed
                                    } -> Parsed
                                    parseExpressionAsMetatype {digit}* "" {
                                    } -> Parsed
                                  } -> Parsed
                                } -> Parsed
                              } -> Parsed
                            } -> Parsed
                          } -> Parsed
                        } -> Parsed
                      } -> Parsed
                    } -> Parsed
                    parseExpressionAsMetatype   "" {
                    } -> Parsed
                    parseExpressionAsMetatype   "" {
                    } -> Parsed
                    parseExpressionAsType {Number} "-10" {
                      parseExpressionAsPattern [{Integer}] "-10" {
                        parseExpressionAsType {Integer} "-10" {
                          parseExpressionAsPattern ["round" {Number}] "-10" {
                          } -> There do not exist any possible matches of "-10" on pattern ["round" {Number}]!
                          parseExpressionAsPattern [{Iterable} "." "length"] "-10" {
                          } -> There do not exist any possible matches of "-10" on pattern [{Iterable} "." "length"]!
                          parseExpressionAsPattern [{Integer} "+" {Integer}] "-10" {
                          } -> There do not exist any possible matches of "-10" on pattern [{Integer} "+" {Integer}]!
                          parseExpressionAsPattern [{Integer} "-" {Integer}] "-10" {
                          } -> There do not exist any possible matches of "-10" on pattern [{Integer} "-" {Integer}]!
                          parseExpressionAsPattern [{Integer} "*" {Integer}] "-10" {
                          } -> There do not exist any possible matches of "-10" on pattern [{Integer} "*" {Integer}]!
                          parseExpressionAsPattern [{Integer} "/" {Integer}] "-10" {
                          } -> There do not exist any possible matches of "-10" on pattern [{Integer} "/" {Integer}]!
                          parseExpressionAsPattern [{Integer} "^" {Integer}] "-10" {
                          } -> There do not exist any possible matches of "-10" on pattern [{Integer} "^" {Integer}]!
                          parseExpressionAsPattern ["-" {Integer}] "-10" {
                            parseExpressionAsMetatype   "" {
                            } -> Parsed
                            parseExpressionAsType {Integer} "10" {
                              parseExpressionAsPattern ["round" {Number}] "10" {
                              } -> There do not exist any possible matches of "10" on pattern ["round" {Number}]!
                              parseExpressionAsPattern [{Iterable} "." "length"] "10" {
                              } -> There do not exist any possible matches of "10" on pattern [{Iterable} "." "length"]!
                              parseExpressionAsPattern [{Integer} "+" {Integer}] "10" {
                              } -> There do not exist any possible matches of "10" on pattern [{Integer} "+" {Integer}]!
                              parseExpressionAsPattern [{Integer} "-" {Integer}] "10" {
                              } -> There do not exist any possible matches of "10" on pattern [{Integer} "-" {Integer}]!
                              parseExpressionAsPattern [{Integer} "*" {Integer}] "10" {
                              } -> There do not exist any possible matches of "10" on pattern [{Integer} "*" {Integer}]!
                              parseExpressionAsPattern [{Integer} "/" {Integer}] "10" {
                              } -> There do not exist any possible matches of "10" on pattern [{Integer} "/" {Integer}]!
                              parseExpressionAsPattern [{Integer} "^" {Integer}] "10" {
                              } -> There do not exist any possible matches of "10" on pattern [{Integer} "^" {Integer}]!
                              parseExpressionAsPattern ["-" {Integer}] "10" {
                              } -> There do not exist any possible matches of "10" on pattern ["-" {Integer}]!
                              parseExpressionAsPattern [{digit}+] "10" {
                                parseExpressionAsMetatype {digit}+ "10" {
                                  parseExpressionAsPattern [{digit}{digit}*] "10" {
                                    parseExpressionAsType {digit} "1" {
                                      parseExpressionAsPattern [[0123456789]] "1" {
                                        parseExpressionAsMetatype [0123456789] "1" {
                                        } -> Parsed
                                      } -> Parsed
                                    } -> Parsed
                                    parseExpressionAsMetatype {digit}* "0" {
                                      parseExpressionAsPattern [{digit}{digit}*] "0" {
                                        parseExpressionAsType {digit} "0" {
                                          parseExpressionAsPattern [[0123456789]] "0" {
                                            parseExpressionAsMetatype [0123456789] "0" {
                                            } -> Parsed
                                          } -> Parsed
                                        } -> Parsed
                                        parseExpressionAsMetatype {digit}* "" {
                                        } -> Parsed
                                      } -> Parsed
                                    } -> Parsed
                                  } -> Parsed
                                } -> Parsed
                              } -> Parsed
                            } -> Parsed
                          } -> Parsed
                        } -> Parsed
                      } -> Parsed
                    } -> Parsed
                    parseExpressionAsMetatype   "" {
                    } -> Parsed
                  } -> Parsed
                } -> Parsed
              } -> Parsed
            } -> Parsed
          } -> Parsed
        } -> Parsed
      } -> Parsed
    } -> Parsed
  } -> Parsed
} -> Parsed
Evaluating discrete range { start: 0, step: -1, end: -10 }
Creating iterator from discrete range { start: 0, step: -1, end: -10 }
[ 0, -1, -2, -3, -4, -5, -6, -7, -8, -9 ]
parseExpressionAsType {Statement} "print [0..0.7..9]" {
  parseExpressionAsPattern ["print" {printable}] "print [0..0.7..9]" {
    parseExpressionAsMetatype   " " {
      parseExpressionAsPattern [{space} ] " " {
        parseExpressionAsType {space} " " {
          parseExpressionAsPattern [" "] " " {
          } -> Parsed
        } -> Parsed
        parseExpressionAsMetatype   "" {
        } -> Parsed
      } -> Parsed
    } -> Parsed
    parseExpressionAsType {printable} "[0..0.7..9]" {
      parseExpressionAsPattern [({Iterable<printable>} | {stringlike})] "[0..0.7..9]" {
        parseExpressionAsMetatype ({Iterable<printable>} | {stringlike}) "[0..0.7..9]" {
          parseExpressionAsPattern [{Iterable<printable>}] "[0..0.7..9]" {
            parseExpressionAsType {Iterable<printable>} "[0..0.7..9]" {
              parseExpressionAsPattern [{DiscreteRange}] "[0..0.7..9]" {
                parseExpressionAsType {DiscreteRange} "[0..0.7..9]" {
                  parseExpressionAsPattern ["[" {Number} ".." "]"] "[0..0.7..9]" {
                  } -> There do not exist any possible matches of "[0..0.7..9]" on pattern ["[" {Number} ".." "]"]!
                  parseExpressionAsPattern ["[" {Number} ".." {Number} "]"] "[0..0.7..9]" {
                    parseExpressionAsMetatype   "" {
                    } -> Parsed
                    parseExpressionAsType {Number} "0" {
                      parseExpressionAsPattern [{Integer}] "0" {
                        parseExpressionAsType {Integer} "0" {
                          parseExpressionAsPattern ["round" {Number}] "0" {
                          } -> There do not exist any possible matches of "0" on pattern ["round" {Number}]!
                          parseExpressionAsPattern [{Iterable} "." "length"] "0" {
                          } -> There do not exist any possible matches of "0" on pattern [{Iterable} "." "length"]!
                          parseExpressionAsPattern [{Integer} "+" {Integer}] "0" {
                          } -> There do not exist any possible matches of "0" on pattern [{Integer} "+" {Integer}]!
                          parseExpressionAsPattern [{Integer} "-" {Integer}] "0" {
                          } -> There do not exist any possible matches of "0" on pattern [{Integer} "-" {Integer}]!
                          parseExpressionAsPattern [{Integer} "*" {Integer}] "0" {
                          } -> There do not exist any possible matches of "0" on pattern [{Integer} "*" {Integer}]!
                          parseExpressionAsPattern [{Integer} "/" {Integer}] "0" {
                          } -> There do not exist any possible matches of "0" on pattern [{Integer} "/" {Integer}]!
                          parseExpressionAsPattern [{Integer} "^" {Integer}] "0" {
                          } -> There do not exist any possible matches of "0" on pattern [{Integer} "^" {Integer}]!
                          parseExpressionAsPattern ["-" {Integer}] "0" {
                          } -> There do not exist any possible matches of "0" on pattern ["-" {Integer}]!
                          parseExpressionAsPattern [{digit}+] "0" {
                            parseExpressionAsMetatype {digit}+ "0" {
                              parseExpressionAsPattern [{digit}{digit}*] "0" {
                                parseExpressionAsType {digit} "0" {
                                  parseExpressionAsPattern [[0123456789]] "0" {
                                    parseExpressionAsMetatype [0123456789] "0" {
                                    } -> Parsed
                                  } -> Parsed
                                } -> Parsed
                                parseExpressionAsMetatype {digit}* "" {
                                } -> Parsed
                              } -> Parsed
                            } -> Parsed
                          } -> Parsed
                        } -> Parsed
                      } -> Parsed
                    } -> Parsed
                    parseExpressionAsMetatype   "" {
                    } -> Parsed
                    parseExpressionAsMetatype   "" {
                    } -> Parsed
                    parseExpressionAsType {Number} "0.7..9" {
                      parseExpressionAsPattern [{Integer}] "0.7..9" {
                        parseExpressionAsType {Integer} "0.7..9" {
                          parseExpressionAsPattern ["round" {Number}] "0.7..9" {
                          } -> There do not exist any possible matches of "0.7..9" on pattern ["round" {Number}]!
                          parseExpressionAsPattern [{Iterable} "." "length"] "0.7..9" {
                          } -> There do not exist any possible matches of "0.7..9" on pattern [{Iterable} "." "length"]!
                          parseExpressionAsPattern [{Integer} "+" {Integer}] "0.7..9" {
                          } -> There do not exist any possible matches of "0.7..9" on pattern [{Integer} "+" {Integer}]!
                          parseExpressionAsPattern [{Integer} "-" {Integer}] "0.7..9" {
                          } -> There do not exist any possible matches of "0.7..9" on pattern [{Integer} "-" {Integer}]!
                          parseExpressionAsPattern [{Integer} "*" {Integer}] "0.7..9" {
                          } -> There do not exist any possible matches of "0.7..9" on pattern [{Integer} "*" {Integer}]!
                          parseExpressionAsPattern [{Integer} "/" {Integer}] "0.7..9" {
                          } -> There do not exist any possible matches of "0.7..9" on pattern [{Integer} "/" {Integer}]!
                          parseExpressionAsPattern [{Integer} "^" {Integer}] "0.7..9" {
                          } -> There do not exist any possible matches of "0.7..9" on pattern [{Integer} "^" {Integer}]!
                          parseExpressionAsPattern ["-" {Integer}] "0.7..9" {
                          } -> There do not exist any possible matches of "0.7..9" on pattern ["-" {Integer}]!
                          parseExpressionAsPattern [{digit}+] "0.7..9" {
                          } -> There do not exist any possible matches of "0.7..9" on pattern [{digit}+]!
                          parseExpressionAsPattern ["(" {Integer} ")"] "0.7..9" {
                          } -> There do not exist any possible matches of "0.7..9" on pattern ["(" {Integer} ")"]!
                          parseExpressionAsPattern [{Dictionary<Integer>} "." {varName}] "0.7..9" {
                          } -> There do not exist any possible matches of "0.7..9" on pattern [{Dictionary<Integer>} "." {varName}]!
                          parseExpressionAsPattern [{Dictionary<Integer>} "[" ({String} | {Number}) "]"] "0.7..9" {
                          } -> There do not exist any possible matches of "0.7..9" on pattern [{Dictionary<Integer>} "[" ({String} | {Number}) "]"]!
                          parseExpressionAsPattern [{Iterable<Integer>} "[" {Integer} "]"] "0.7..9" {
                          } -> There do not exist any possible matches of "0.7..9" on pattern [{Iterable<Integer>} "[" {Integer} "]"]!
                        } -> "0.7..9" did not match any pattern of type: Integer!
                      } -> All possible matches of "0.7..9" on pattern [{Integer}] failed.
                      parseExpressionAsPattern [{Number} "+" {Number}] "0.7..9" {
                      } -> There do not exist any possible matches of "0.7..9" on pattern [{Number} "+" {Number}]!
                      parseExpressionAsPattern [{Number} "-" {Number}] "0.7..9" {
                      } -> There do not exist any possible matches of "0.7..9" on pattern [{Number} "-" {Number}]!
                      parseExpressionAsPattern [{Number} "*" {Number}] "0.7..9" {
                      } -> There do not exist any possible matches of "0.7..9" on pattern [{Number} "*" {Number}]!
                      parseExpressionAsPattern [{Number} "/" {Number}] "0.7..9" {
                      } -> There do not exist any possible matches of "0.7..9" on pattern [{Number} "/" {Number}]!
                      parseExpressionAsPattern [{Number} "^" {Number}] "0.7..9" {
                      } -> There do not exist any possible matches of "0.7..9" on pattern [{Number} "^" {Number}]!
                      parseExpressionAsPattern ["-" {Number}] "0.7..9" {
                      } -> There do not exist any possible matches of "0.7..9" on pattern ["-" {Number}]!
                      parseExpressionAsPattern [{numlit}] "0.7..9" {
                        parseExpressionAsType {numlit} "0.7..9" {
                          parseExpressionAsPattern [{digit}+"."{endbit}??] "0.7..9" {
                            parseExpressionAsMetatype {digit}+ "0" {
                              parseExpressionAsPattern [{digit}{digit}*] "0" {
                                parseExpressionAsType {digit} "0" {
                                  parseExpressionAsPattern [[0123456789]] "0" {
                                    parseExpressionAsMetatype [0123456789] "0" {
                                    } -> Parsed
                                  } -> Parsed
                                } -> Parsed
                                parseExpressionAsMetatype {digit}* "" {
                                } -> Parsed
                              } -> Parsed
                            } -> Parsed
                            parseExpressionAsMetatype "."{endbit}?? ".7..9" {
                              parseExpressionAsPattern ["."{endbit}?"."{endbit}?{0, 0}] ".7..9" {
                              } -> There do not exist any possible matches of ".7..9" on pattern ["."{endbit}?"."{endbit}?{0, 0}]!
                            } -> There do not exist any possible matches of ".7..9" on pattern ["."{endbit}?"."{endbit}?{0, 0}]!
                          } -> All possible matches of "0.7..9" on pattern [{digit}+"."{endbit}??] failed.
                          parseExpressionAsPattern [{digit}*"."{digit}+{endbit}?] "0.7..9" {
                          } -> There do not exist any possible matches of "0.7..9" on pattern [{digit}*"."{digit}+{endbit}?]!
                        } -> "0.7..9" did not match any pattern of type: numlit!
                      } -> All possible matches of "0.7..9" on pattern [{numlit}] failed.
                      parseExpressionAsPattern ["rand" {Tuple}] "0.7..9" {
                      } -> There do not exist any possible matches of "0.7..9" on pattern ["rand" {Tuple}]!
                      parseExpressionAsPattern ["(" {Number} ")"] "0.7..9" {
                      } -> There do not exist any possible matches of "0.7..9" on pattern ["(" {Number} ")"]!
                      parseExpressionAsPattern [{Dictionary<Number>} "." {varName}] "0.7..9" {
                      } -> There do not exist any possible matches of "0.7..9" on pattern [{Dictionary<Number>} "." {varName}]!
                      parseExpressionAsPattern [{Dictionary<Number>} "[" ({String} | {Number}) "]"] "0.7..9" {
                      } -> There do not exist any possible matches of "0.7..9" on pattern [{Dictionary<Number>} "[" ({String} | {Number}) "]"]!
                      parseExpressionAsPattern [{Iterable<Number>} "[" {Integer} "]"] "0.7..9" {
                      } -> There do not exist any possible matches of "0.7..9" on pattern [{Iterable<Number>} "[" {Integer} "]"]!
                    } -> "0.7..9" did not match any pattern of type: Number!
                    parseExpressionAsMetatype   "" {
                    } -> Parsed
                    parseExpressionAsType {Number} "0..0.7" {
                      parseExpressionAsPattern [{Integer}] "0..0.7" {
                        parseExpressionAsType {Integer} "0..0.7" {
                          parseExpressionAsPattern ["round" {Number}] "0..0.7" {
                          } -> There do not exist any possible matches of "0..0.7" on pattern ["round" {Number}]!
                          parseExpressionAsPattern [{Iterable} "." "length"] "0..0.7" {
                          } -> There do not exist any possible matches of "0..0.7" on pattern [{Iterable} "." "length"]!
                          parseExpressionAsPattern [{Integer} "+" {Integer}] "0..0.7" {
                          } -> There do not exist any possible matches of "0..0.7" on pattern [{Integer} "+" {Integer}]!
                          parseExpressionAsPattern [{Integer} "-" {Integer}] "0..0.7" {
                          } -> There do not exist any possible matches of "0..0.7" on pattern [{Integer} "-" {Integer}]!
                          parseExpressionAsPattern [{Integer} "*" {Integer}] "0..0.7" {
                          } -> There do not exist any possible matches of "0..0.7" on pattern [{Integer} "*" {Integer}]!
                          parseExpressionAsPattern [{Integer} "/" {Integer}] "0..0.7" {
                          } -> There do not exist any possible matches of "0..0.7" on pattern [{Integer} "/" {Integer}]!
                          parseExpressionAsPattern [{Integer} "^" {Integer}] "0..0.7" {
                          } -> There do not exist any possible matches of "0..0.7" on pattern [{Integer} "^" {Integer}]!
                          parseExpressionAsPattern ["-" {Integer}] "0..0.7" {
                          } -> There do not exist any possible matches of "0..0.7" on pattern ["-" {Integer}]!
                          parseExpressionAsPattern [{digit}+] "0..0.7" {
                          } -> There do not exist any possible matches of "0..0.7" on pattern [{digit}+]!
                          parseExpressionAsPattern ["(" {Integer} ")"] "0..0.7" {
                          } -> There do not exist any possible matches of "0..0.7" on pattern ["(" {Integer} ")"]!
                          parseExpressionAsPattern [{Dictionary<Integer>} "." {varName}] "0..0.7" {
                          } -> There do not exist any possible matches of "0..0.7" on pattern [{Dictionary<Integer>} "." {varName}]!
                          parseExpressionAsPattern [{Dictionary<Integer>} "[" ({String} | {Number}) "]"] "0..0.7" {
                          } -> There do not exist any possible matches of "0..0.7" on pattern [{Dictionary<Integer>} "[" ({String} | {Number}) "]"]!
                          parseExpressionAsPattern [{Iterable<Integer>} "[" {Integer} "]"] "0..0.7" {
                          } -> There do not exist any possible matches of "0..0.7" on pattern [{Iterable<Integer>} "[" {Integer} "]"]!
                        } -> "0..0.7" did not match any pattern of type: Integer!
                      } -> All possible matches of "0..0.7" on pattern [{Integer}] failed.
                      parseExpressionAsPattern [{Number} "+" {Number}] "0..0.7" {
                      } -> There do not exist any possible matches of "0..0.7" on pattern [{Number} "+" {Number}]!
                      parseExpressionAsPattern [{Number} "-" {Number}] "0..0.7" {
                      } -> There do not exist any possible matches of "0..0.7" on pattern [{Number} "-" {Number}]!
                      parseExpressionAsPattern [{Number} "*" {Number}] "0..0.7" {
                      } -> There do not exist any possible matches of "0..0.7" on pattern [{Number} "*" {Number}]!
                      parseExpressionAsPattern [{Number} "/" {Number}] "0..0.7" {
                      } -> There do not exist any possible matches of "0..0.7" on pattern [{Number} "/" {Number}]!
                      parseExpressionAsPattern [{Number} "^" {Number}] "0..0.7" {
                      } -> There do not exist any possible matches of "0..0.7" on pattern [{Number} "^" {Number}]!
                      parseExpressionAsPattern ["-" {Number}] "0..0.7" {
                      } -> There do not exist any possible matches of "0..0.7" on pattern ["-" {Number}]!
                      parseExpressionAsPattern [{numlit}] "0..0.7" {
                        parseExpressionAsType {numlit} "0..0.7" {
                          parseExpressionAsPattern [{digit}+"."{endbit}??] "0..0.7" {
                            parseExpressionAsMetatype {digit}+ "0" {
                              parseExpressionAsPattern [{digit}{digit}*] "0" {
                                parseExpressionAsType {digit} "0" {
                                  parseExpressionAsPattern [[0123456789]] "0" {
                                    parseExpressionAsMetatype [0123456789] "0" {
                                    } -> Parsed
                                  } -> Parsed
                                } -> Parsed
                                parseExpressionAsMetatype {digit}* "" {
                                } -> Parsed
                              } -> Parsed
                            } -> Parsed
                            parseExpressionAsMetatype "."{endbit}?? "..0.7" {
                              parseExpressionAsPattern ["."{endbit}?"."{endbit}?{0, 0}] "..0.7" {
                              } -> There do not exist any possible matches of "..0.7" on pattern ["."{endbit}?"."{endbit}?{0, 0}]!
                            } -> There do not exist any possible matches of "..0.7" on pattern ["."{endbit}?"."{endbit}?{0, 0}]!
                          } -> All possible matches of "0..0.7" on pattern [{digit}+"."{endbit}??] failed.
                          parseExpressionAsPattern [{digit}*"."{digit}+{endbit}?] "0..0.7" {
                          } -> There do not exist any possible matches of "0..0.7" on pattern [{digit}*"."{digit}+{endbit}?]!
                        } -> "0..0.7" did not match any pattern of type: numlit!
                      } -> All possible matches of "0..0.7" on pattern [{numlit}] failed.
                      parseExpressionAsPattern ["rand" {Tuple}] "0..0.7" {
                      } -> There do not exist any possible matches of "0..0.7" on pattern ["rand" {Tuple}]!
                      parseExpressionAsPattern ["(" {Number} ")"] "0..0.7" {
                      } -> There do not exist any possible matches of "0..0.7" on pattern ["(" {Number} ")"]!
                      parseExpressionAsPattern [{Dictionary<Number>} "." {varName}] "0..0.7" {
                      } -> There do not exist any possible matches of "0..0.7" on pattern [{Dictionary<Number>} "." {varName}]!
                      parseExpressionAsPattern [{Dictionary<Number>} "[" ({String} | {Number}) "]"] "0..0.7" {
                      } -> There do not exist any possible matches of "0..0.7" on pattern [{Dictionary<Number>} "[" ({String} | {Number}) "]"]!
                      parseExpressionAsPattern [{Iterable<Number>} "[" {Integer} "]"] "0..0.7" {
                      } -> There do not exist any possible matches of "0..0.7" on pattern [{Iterable<Number>} "[" {Integer} "]"]!
                    } -> "0..0.7" did not match any pattern of type: Number!
                  } -> All possible matches of "[0..0.7..9]" on pattern ["[" {Number} ".." {Number} "]"] failed.
                  parseExpressionAsPattern ["[" {Number} ".." {Number} ".." "]"] "[0..0.7..9]" {
                  } -> There do not exist any possible matches of "[0..0.7..9]" on pattern ["[" {Number} ".." {Number} ".." "]"]!
                  parseExpressionAsPattern ["[" {Number} ".." {Number} ".." {Number} "]"] "[0..0.7..9]" {
                    parseExpressionAsMetatype   "" {
                    } -> Parsed
                    parseExpressionAsType {Number} "0" {
                      parseExpressionAsPattern [{Integer}] "0" {
                        parseExpressionAsType {Integer} "0" {
                          parseExpressionAsPattern ["round" {Number}] "0" {
                          } -> There do not exist any possible matches of "0" on pattern ["round" {Number}]!
                          parseExpressionAsPattern [{Iterable} "." "length"] "0" {
                          } -> There do not exist any possible matches of "0" on pattern [{Iterable} "." "length"]!
                          parseExpressionAsPattern [{Integer} "+" {Integer}] "0" {
                          } -> There do not exist any possible matches of "0" on pattern [{Integer} "+" {Integer}]!
                          parseExpressionAsPattern [{Integer} "-" {Integer}] "0" {
                          } -> There do not exist any possible matches of "0" on pattern [{Integer} "-" {Integer}]!
                          parseExpressionAsPattern [{Integer} "*" {Integer}] "0" {
                          } -> There do not exist any possible matches of "0" on pattern [{Integer} "*" {Integer}]!
                          parseExpressionAsPattern [{Integer} "/" {Integer}] "0" {
                          } -> There do not exist any possible matches of "0" on pattern [{Integer} "/" {Integer}]!
                          parseExpressionAsPattern [{Integer} "^" {Integer}] "0" {
                          } -> There do not exist any possible matches of "0" on pattern [{Integer} "^" {Integer}]!
                          parseExpressionAsPattern ["-" {Integer}] "0" {
                          } -> There do not exist any possible matches of "0" on pattern ["-" {Integer}]!
                          parseExpressionAsPattern [{digit}+] "0" {
                            parseExpressionAsMetatype {digit}+ "0" {
                              parseExpressionAsPattern [{digit}{digit}*] "0" {
                                parseExpressionAsType {digit} "0" {
                                  parseExpressionAsPattern [[0123456789]] "0" {
                                    parseExpressionAsMetatype [0123456789] "0" {
                                    } -> Parsed
                                  } -> Parsed
                                } -> Parsed
                                parseExpressionAsMetatype {digit}* "" {
                                } -> Parsed
                              } -> Parsed
                            } -> Parsed
                          } -> Parsed
                        } -> Parsed
                      } -> Parsed
                    } -> Parsed
                    parseExpressionAsMetatype   "" {
                    } -> Parsed
                    parseExpressionAsMetatype   "" {
                    } -> Parsed
                    parseExpressionAsType {Number} "0.7" {
                      parseExpressionAsPattern [{Integer}] "0.7" {
                        parseExpressionAsType {Integer} "0.7" {
                          parseExpressionAsPattern ["round" {Number}] "0.7" {
                          } -> There do not exist any possible matches of "0.7" on pattern ["round" {Number}]!
                          parseExpressionAsPattern [{Iterable} "." "length"] "0.7" {
                          } -> There do not exist any possible matches of "0.7" on pattern [{Iterable} "." "length"]!
                          parseExpressionAsPattern [{Integer} "+" {Integer}] "0.7" {
                          } -> There do not exist any possible matches of "0.7" on pattern [{Integer} "+" {Integer}]!
                          parseExpressionAsPattern [{Integer} "-" {Integer}] "0.7" {
                          } -> There do not exist any possible matches of "0.7" on pattern [{Integer} "-" {Integer}]!
                          parseExpressionAsPattern [{Integer} "*" {Integer}] "0.7" {
                          } -> There do not exist any possible matches of "0.7" on pattern [{Integer} "*" {Integer}]!
                          parseExpressionAsPattern [{Integer} "/" {Integer}] "0.7" {
                          } -> There do not exist any possible matches of "0.7" on pattern [{Integer} "/" {Integer}]!
                          parseExpressionAsPattern [{Integer} "^" {Integer}] "0.7" {
                          } -> There do not exist any possible matches of "0.7" on pattern [{Integer} "^" {Integer}]!
                          parseExpressionAsPattern ["-" {Integer}] "0.7" {
                          } -> There do not exist any possible matches of "0.7" on pattern ["-" {Integer}]!
                          parseExpressionAsPattern [{digit}+] "0.7" {
                          } -> There do not exist any possible matches of "0.7" on pattern [{digit}+]!
                          parseExpressionAsPattern ["(" {Integer} ")"] "0.7" {
                          } -> There do not exist any possible matches of "0.7" on pattern ["(" {Integer} ")"]!
                          parseExpressionAsPattern [{Dictionary<Integer>} "." {varName}] "0.7" {
                          } -> There do not exist any possible matches of "0.7" on pattern [{Dictionary<Integer>} "." {varName}]!
                          parseExpressionAsPattern [{Dictionary<Integer>} "[" ({String} | {Number}) "]"] "0.7" {
                          } -> There do not exist any possible matches of "0.7" on pattern [{Dictionary<Integer>} "[" ({String} | {Number}) "]"]!
                          parseExpressionAsPattern [{Iterable<Integer>} "[" {Integer} "]"] "0.7" {
                          } -> There do not exist any possible matches of "0.7" on pattern [{Iterable<Integer>} "[" {Integer} "]"]!
                        } -> "0.7" did not match any pattern of type: Integer!
                      } -> All possible matches of "0.7" on pattern [{Integer}] failed.
                      parseExpressionAsPattern [{Number} "+" {Number}] "0.7" {
                      } -> There do not exist any possible matches of "0.7" on pattern [{Number} "+" {Number}]!
                      parseExpressionAsPattern [{Number} "-" {Number}] "0.7" {
                      } -> There do not exist any possible matches of "0.7" on pattern [{Number} "-" {Number}]!
                      parseExpressionAsPattern [{Number} "*" {Number}] "0.7" {
                      } -> There do not exist any possible matches of "0.7" on pattern [{Number} "*" {Number}]!
                      parseExpressionAsPattern [{Number} "/" {Number}] "0.7" {
                      } -> There do not exist any possible matches of "0.7" on pattern [{Number} "/" {Number}]!
                      parseExpressionAsPattern [{Number} "^" {Number}] "0.7" {
                      } -> There do not exist any possible matches of "0.7" on pattern [{Number} "^" {Number}]!
                      parseExpressionAsPattern ["-" {Number}] "0.7" {
                      } -> There do not exist any possible matches of "0.7" on pattern ["-" {Number}]!
                      parseExpressionAsPattern [{numlit}] "0.7" {
                        parseExpressionAsType {numlit} "0.7" {
                          parseExpressionAsPattern [{digit}+"."{endbit}??] "0.7" {
                            parseExpressionAsMetatype {digit}+ "0" {
                              parseExpressionAsPattern [{digit}{digit}*] "0" {
                                parseExpressionAsType {digit} "0" {
                                  parseExpressionAsPattern [[0123456789]] "0" {
                                    parseExpressionAsMetatype [0123456789] "0" {
                                    } -> Parsed
                                  } -> Parsed
                                } -> Parsed
                                parseExpressionAsMetatype {digit}* "" {
                                } -> Parsed
                              } -> Parsed
                            } -> Parsed
                            parseExpressionAsMetatype "."{endbit}?? ".7" {
                              parseExpressionAsPattern ["."{endbit}?"."{endbit}?{0, 0}] ".7" {
                              } -> There do not exist any possible matches of ".7" on pattern ["."{endbit}?"."{endbit}?{0, 0}]!
                            } -> There do not exist any possible matches of ".7" on pattern ["."{endbit}?"."{endbit}?{0, 0}]!
                          } -> All possible matches of "0.7" on pattern [{digit}+"."{endbit}??] failed.
                          parseExpressionAsPattern [{digit}*"."{digit}+{endbit}?] "0.7" {
                            parseExpressionAsMetatype {digit}* "0" {
                              parseExpressionAsPattern [{digit}{digit}*] "0" {
                                parseExpressionAsType {digit} "0" {
                                  parseExpressionAsPattern [[0123456789]] "0" {
                                    parseExpressionAsMetatype [0123456789] "0" {
                                    } -> Parsed
                                  } -> Parsed
                                } -> Parsed
                                parseExpressionAsMetatype {digit}* "" {
                                } -> Parsed
                              } -> Parsed
                            } -> Parsed
                            parseExpressionAsMetatype {digit}+ "7" {
                              parseExpressionAsPattern [{digit}{digit}*] "7" {
                                parseExpressionAsType {digit} "7" {
                                  parseExpressionAsPattern [[0123456789]] "7" {
                                    parseExpressionAsMetatype [0123456789] "7" {
                                    } -> Parsed
                                  } -> Parsed
                                } -> Parsed
                                parseExpressionAsMetatype {digit}* "" {
                                } -> Parsed
                              } -> Parsed
                            } -> Parsed
                            parseExpressionAsMetatype {endbit}? "" {
                            } -> Parsed
                          } -> Parsed
                        } -> Parsed
                      } -> Parsed
                    } -> Parsed
                    parseExpressionAsMetatype   "" {
                    } -> Parsed
                    parseExpressionAsMetatype   "" {
                    } -> Parsed
                    parseExpressionAsType {Number} "9" {
                      parseExpressionAsPattern [{Integer}] "9" {
                        parseExpressionAsType {Integer} "9" {
                          parseExpressionAsPattern ["round" {Number}] "9" {
                          } -> There do not exist any possible matches of "9" on pattern ["round" {Number}]!
                          parseExpressionAsPattern [{Iterable} "." "length"] "9" {
                          } -> There do not exist any possible matches of "9" on pattern [{Iterable} "." "length"]!
                          parseExpressionAsPattern [{Integer} "+" {Integer}] "9" {
                          } -> There do not exist any possible matches of "9" on pattern [{Integer} "+" {Integer}]!
                          parseExpressionAsPattern [{Integer} "-" {Integer}] "9" {
                          } -> There do not exist any possible matches of "9" on pattern [{Integer} "-" {Integer}]!
                          parseExpressionAsPattern [{Integer} "*" {Integer}] "9" {
                          } -> There do not exist any possible matches of "9" on pattern [{Integer} "*" {Integer}]!
                          parseExpressionAsPattern [{Integer} "/" {Integer}] "9" {
                          } -> There do not exist any possible matches of "9" on pattern [{Integer} "/" {Integer}]!
                          parseExpressionAsPattern [{Integer} "^" {Integer}] "9" {
                          } -> There do not exist any possible matches of "9" on pattern [{Integer} "^" {Integer}]!
                          parseExpressionAsPattern ["-" {Integer}] "9" {
                          } -> There do not exist any possible matches of "9" on pattern ["-" {Integer}]!
                          parseExpressionAsPattern [{digit}+] "9" {
                            parseExpressionAsMetatype {digit}+ "9" {
                              parseExpressionAsPattern [{digit}{digit}*] "9" {
                                parseExpressionAsType {digit} "9" {
                                  parseExpressionAsPattern [[0123456789]] "9" {
                                    parseExpressionAsMetatype [0123456789] "9" {
                                    } -> Parsed
                                  } -> Parsed
                                } -> Parsed
                                parseExpressionAsMetatype {digit}* "" {
                                } -> Parsed
                              } -> Parsed
                            } -> Parsed
                          } -> Parsed
                        } -> Parsed
                      } -> Parsed
                    } -> Parsed
                    parseExpressionAsMetatype   "" {
                    } -> Parsed
                  } -> Parsed
                } -> Parsed
              } -> Parsed
            } -> Parsed
          } -> Parsed
        } -> Parsed
      } -> Parsed
    } -> Parsed
  } -> Parsed
} -> Parsed
Evaluating discrete range { start: 0, step: 0.7, end: 9 }
Creating iterator from discrete range { start: 0, step: 0.7, end: 9 }
[ 0, 0.7, 1.4, 2.0999999999999996, 2.8, 3.5, 4.2, 4.9, 5.6000000000000005, 6.300000000000001, 7.000000000000001, 7.700000000000001, 8.4 ]
parseExpressionAsType {Statement} "print [-10 .. (10 + 10)]" {
  parseExpressionAsPattern ["print" {printable}] "print [-10 .. (10 + 10)]" {
    parseExpressionAsMetatype   " " {
      parseExpressionAsPattern [{space} ] " " {
        parseExpressionAsType {space} " " {
          parseExpressionAsPattern [" "] " " {
          } -> Parsed
        } -> Parsed
        parseExpressionAsMetatype   "" {
        } -> Parsed
      } -> Parsed
    } -> Parsed
    parseExpressionAsType {printable} "[-10 .. (10 + 10)]" {
      parseExpressionAsPattern [({Iterable<printable>} | {stringlike})] "[-10 .. (10 + 10)]" {
        parseExpressionAsMetatype ({Iterable<printable>} | {stringlike}) "[-10 .. (10 + 10)]" {
          parseExpressionAsPattern [{Iterable<printable>}] "[-10 .. (10 + 10)]" {
            parseExpressionAsType {Iterable<printable>} "[-10 .. (10 + 10)]" {
              parseExpressionAsPattern [{DiscreteRange}] "[-10 .. (10 + 10)]" {
                parseExpressionAsType {DiscreteRange} "[-10 .. (10 + 10)]" {
                  parseExpressionAsPattern ["[" {Number} ".." "]"] "[-10 .. (10 + 10)]" {
                  } -> There do not exist any possible matches of "[-10 .. (10 + 10)]" on pattern ["[" {Number} ".." "]"]!
                  parseExpressionAsPattern ["[" {Number} ".." {Number} "]"] "[-10 .. (10 + 10)]" {
                    parseExpressionAsMetatype   "" {
                    } -> Parsed
                    parseExpressionAsType {Number} "-10" {
                      parseExpressionAsPattern [{Integer}] "-10" {
                        parseExpressionAsType {Integer} "-10" {
                          parseExpressionAsPattern ["round" {Number}] "-10" {
                          } -> There do not exist any possible matches of "-10" on pattern ["round" {Number}]!
                          parseExpressionAsPattern [{Iterable} "." "length"] "-10" {
                          } -> There do not exist any possible matches of "-10" on pattern [{Iterable} "." "length"]!
                          parseExpressionAsPattern [{Integer} "+" {Integer}] "-10" {
                          } -> There do not exist any possible matches of "-10" on pattern [{Integer} "+" {Integer}]!
                          parseExpressionAsPattern [{Integer} "-" {Integer}] "-10" {
                          } -> There do not exist any possible matches of "-10" on pattern [{Integer} "-" {Integer}]!
                          parseExpressionAsPattern [{Integer} "*" {Integer}] "-10" {
                          } -> There do not exist any possible matches of "-10" on pattern [{Integer} "*" {Integer}]!
                          parseExpressionAsPattern [{Integer} "/" {Integer}] "-10" {
                          } -> There do not exist any possible matches of "-10" on pattern [{Integer} "/" {Integer}]!
                          parseExpressionAsPattern [{Integer} "^" {Integer}] "-10" {
                          } -> There do not exist any possible matches of "-10" on pattern [{Integer} "^" {Integer}]!
                          parseExpressionAsPattern ["-" {Integer}] "-10" {
                            parseExpressionAsMetatype   "" {
                            } -> Parsed
                            parseExpressionAsType {Integer} "10" {
                              parseExpressionAsPattern ["round" {Number}] "10" {
                              } -> There do not exist any possible matches of "10" on pattern ["round" {Number}]!
                              parseExpressionAsPattern [{Iterable} "." "length"] "10" {
                              } -> There do not exist any possible matches of "10" on pattern [{Iterable} "." "length"]!
                              parseExpressionAsPattern [{Integer} "+" {Integer}] "10" {
                              } -> There do not exist any possible matches of "10" on pattern [{Integer} "+" {Integer}]!
                              parseExpressionAsPattern [{Integer} "-" {Integer}] "10" {
                              } -> There do not exist any possible matches of "10" on pattern [{Integer} "-" {Integer}]!
                              parseExpressionAsPattern [{Integer} "*" {Integer}] "10" {
                              } -> There do not exist any possible matches of "10" on pattern [{Integer} "*" {Integer}]!
                              parseExpressionAsPattern [{Integer} "/" {Integer}] "10" {
                              } -> There do not exist any possible matches of "10" on pattern [{Integer} "/" {Integer}]!
                              parseExpressionAsPattern [{Integer} "^" {Integer}] "10" {
                              } -> There do not exist any possible matches of "10" on pattern [{Integer} "^" {Integer}]!
                              parseExpressionAsPattern ["-" {Integer}] "10" {
                              } -> There do not exist any possible matches of "10" on pattern ["-" {Integer}]!
                              parseExpressionAsPattern [{digit}+] "10" {
                                parseExpressionAsMetatype {digit}+ "10" {
                                  parseExpressionAsPattern [{digit}{digit}*] "10" {
                                    parseExpressionAsType {digit} "1" {
                                      parseExpressionAsPattern [[0123456789]] "1" {
                                        parseExpressionAsMetatype [0123456789] "1" {
                                        } -> Parsed
                                      } -> Parsed
                                    } -> Parsed
                                    parseExpressionAsMetatype {digit}* "0" {
                                      parseExpressionAsPattern [{digit}{digit}*] "0" {
                                        parseExpressionAsType {digit} "0" {
                                          parseExpressionAsPattern [[0123456789]] "0" {
                                            parseExpressionAsMetatype [0123456789] "0" {
                                            } -> Parsed
                                          } -> Parsed
                                        } -> Parsed
                                        parseExpressionAsMetatype {digit}* "" {
                                        } -> Parsed
                                      } -> Parsed
                                    } -> Parsed
                                  } -> Parsed
                                } -> Parsed
                              } -> Parsed
                            } -> Parsed
                          } -> Parsed
                        } -> Parsed
                      } -> Parsed
                    } -> Parsed
                    parseExpressionAsMetatype   " " {
                      parseExpressionAsPattern [{space} ] " " {
                        parseExpressionAsType {space} " " {
                          parseExpressionAsPattern [" "] " " {
                          } -> Parsed
                        } -> Parsed
                        parseExpressionAsMetatype   "" {
                        } -> Parsed
                      } -> Parsed
                    } -> Parsed
                    parseExpressionAsMetatype   " " {
                      parseExpressionAsPattern [{space} ] " " {
                        parseExpressionAsType {space} " " {
                          parseExpressionAsPattern [" "] " " {
                          } -> Parsed
                        } -> Parsed
                        parseExpressionAsMetatype   "" {
                        } -> Parsed
                      } -> Parsed
                    } -> Parsed
                    parseExpressionAsType {Number} "(10 + 10)" {
                      parseExpressionAsPattern [{Integer}] "(10 + 10)" {
                        parseExpressionAsType {Integer} "(10 + 10)" {
                          parseExpressionAsPattern ["round" {Number}] "(10 + 10)" {
                          } -> There do not exist any possible matches of "(10 + 10)" on pattern ["round" {Number}]!
                          parseExpressionAsPattern [{Iterable} "." "length"] "(10 + 10)" {
                          } -> There do not exist any possible matches of "(10 + 10)" on pattern [{Iterable} "." "length"]!
                          parseExpressionAsPattern [{Integer} "+" {Integer}] "(10 + 10)" {
                            parseExpressionAsType {Integer} "(10" {
                              parseExpressionAsPattern ["round" {Number}] "(10" {
                              } -> There do not exist any possible matches of "(10" on pattern ["round" {Number}]!
                              parseExpressionAsPattern [{Iterable} "." "length"] "(10" {
                              } -> There do not exist any possible matches of "(10" on pattern [{Iterable} "." "length"]!
                              parseExpressionAsPattern [{Integer} "+" {Integer}] "(10" {
                              } -> There do not exist any possible matches of "(10" on pattern [{Integer} "+" {Integer}]!
                              parseExpressionAsPattern [{Integer} "-" {Integer}] "(10" {
                              } -> There do not exist any possible matches of "(10" on pattern [{Integer} "-" {Integer}]!
                              parseExpressionAsPattern [{Integer} "*" {Integer}] "(10" {
                              } -> There do not exist any possible matches of "(10" on pattern [{Integer} "*" {Integer}]!
                              parseExpressionAsPattern [{Integer} "/" {Integer}] "(10" {
                              } -> There do not exist any possible matches of "(10" on pattern [{Integer} "/" {Integer}]!
                              parseExpressionAsPattern [{Integer} "^" {Integer}] "(10" {
                              } -> There do not exist any possible matches of "(10" on pattern [{Integer} "^" {Integer}]!
                              parseExpressionAsPattern ["-" {Integer}] "(10" {
                              } -> There do not exist any possible matches of "(10" on pattern ["-" {Integer}]!
                              parseExpressionAsPattern [{digit}+] "(10" {
                              } -> There do not exist any possible matches of "(10" on pattern [{digit}+]!
                              parseExpressionAsPattern ["(" {Integer} ")"] "(10" {
                              } -> There do not exist any possible matches of "(10" on pattern ["(" {Integer} ")"]!
                              parseExpressionAsPattern [{Dictionary<Integer>} "." {varName}] "(10" {
                              } -> There do not exist any possible matches of "(10" on pattern [{Dictionary<Integer>} "." {varName}]!
                              parseExpressionAsPattern [{Dictionary<Integer>} "[" ({String} | {Number}) "]"] "(10" {
                              } -> There do not exist any possible matches of "(10" on pattern [{Dictionary<Integer>} "[" ({String} | {Number}) "]"]!
                              parseExpressionAsPattern [{Iterable<Integer>} "[" {Integer} "]"] "(10" {
                              } -> There do not exist any possible matches of "(10" on pattern [{Iterable<Integer>} "[" {Integer} "]"]!
                            } -> "(10" did not match any pattern of type: Integer!
                          } -> All possible matches of "(10 + 10)" on pattern [{Integer} "+" {Integer}] failed.
                          parseExpressionAsPattern [{Integer} "-" {Integer}] "(10 + 10)" {
                          } -> There do not exist any possible matches of "(10 + 10)" on pattern [{Integer} "-" {Integer}]!
                          parseExpressionAsPattern [{Integer} "*" {Integer}] "(10 + 10)" {
                          } -> There do not exist any possible matches of "(10 + 10)" on pattern [{Integer} "*" {Integer}]!
                          parseExpressionAsPattern [{Integer} "/" {Integer}] "(10 + 10)" {
                          } -> There do not exist any possible matches of "(10 + 10)" on pattern [{Integer} "/" {Integer}]!
                          parseExpressionAsPattern [{Integer} "^" {Integer}] "(10 + 10)" {
                          } -> There do not exist any possible matches of "(10 + 10)" on pattern [{Integer} "^" {Integer}]!
                          parseExpressionAsPattern ["-" {Integer}] "(10 + 10)" {
                          } -> There do not exist any possible matches of "(10 + 10)" on pattern ["-" {Integer}]!
                          parseExpressionAsPattern [{digit}+] "(10 + 10)" {
                          } -> There do not exist any possible matches of "(10 + 10)" on pattern [{digit}+]!
                          parseExpressionAsPattern ["(" {Integer} ")"] "(10 + 10)" {
                            parseExpressionAsMetatype   "" {
                            } -> Parsed
                            parseExpressionAsType {Integer} "10 + 10" {
                              parseExpressionAsPattern ["round" {Number}] "10 + 10" {
                              } -> There do not exist any possible matches of "10 + 10" on pattern ["round" {Number}]!
                              parseExpressionAsPattern [{Iterable} "." "length"] "10 + 10" {
                              } -> There do not exist any possible matches of "10 + 10" on pattern [{Iterable} "." "length"]!
                              parseExpressionAsPattern [{Integer} "+" {Integer}] "10 + 10" {
                                parseExpressionAsType {Integer} "10" {
                                  parseExpressionAsPattern ["round" {Number}] "10" {
                                  } -> There do not exist any possible matches of "10" on pattern ["round" {Number}]!
                                  parseExpressionAsPattern [{Iterable} "." "length"] "10" {
                                  } -> There do not exist any possible matches of "10" on pattern [{Iterable} "." "length"]!
                                  parseExpressionAsPattern [{Integer} "+" {Integer}] "10" {
                                  } -> There do not exist any possible matches of "10" on pattern [{Integer} "+" {Integer}]!
                                  parseExpressionAsPattern [{Integer} "-" {Integer}] "10" {
                                  } -> There do not exist any possible matches of "10" on pattern [{Integer} "-" {Integer}]!
                                  parseExpressionAsPattern [{Integer} "*" {Integer}] "10" {
                                  } -> There do not exist any possible matches of "10" on pattern [{Integer} "*" {Integer}]!
                                  parseExpressionAsPattern [{Integer} "/" {Integer}] "10" {
                                  } -> There do not exist any possible matches of "10" on pattern [{Integer} "/" {Integer}]!
                                  parseExpressionAsPattern [{Integer} "^" {Integer}] "10" {
                                  } -> There do not exist any possible matches of "10" on pattern [{Integer} "^" {Integer}]!
                                  parseExpressionAsPattern ["-" {Integer}] "10" {
                                  } -> There do not exist any possible matches of "10" on pattern ["-" {Integer}]!
                                  parseExpressionAsPattern [{digit}+] "10" {
                                    parseExpressionAsMetatype {digit}+ "10" {
                                      parseExpressionAsPattern [{digit}{digit}*] "10" {
                                        parseExpressionAsType {digit} "1" {
                                          parseExpressionAsPattern [[0123456789]] "1" {
                                            parseExpressionAsMetatype [0123456789] "1" {
                                            } -> Parsed
                                          } -> Parsed
                                        } -> Parsed
                                        parseExpressionAsMetatype {digit}* "0" {
                                          parseExpressionAsPattern [{digit}{digit}*] "0" {
                                            parseExpressionAsType {digit} "0" {
                                              parseExpressionAsPattern [[0123456789]] "0" {
                                                parseExpressionAsMetatype [0123456789] "0" {
                                                } -> Parsed
                                              } -> Parsed
                                            } -> Parsed
                                            parseExpressionAsMetatype {digit}* "" {
                                            } -> Parsed
                                          } -> Parsed
                                        } -> Parsed
                                      } -> Parsed
                                    } -> Parsed
                                  } -> Parsed
                                } -> Parsed
                                parseExpressionAsMetatype   " " {
                                  parseExpressionAsPattern [{space} ] " " {
                                    parseExpressionAsType {space} " " {
                                      parseExpressionAsPattern [" "] " " {
                                      } -> Parsed
                                    } -> Parsed
                                    parseExpressionAsMetatype   "" {
                                    } -> Parsed
                                  } -> Parsed
                                } -> Parsed
                                parseExpressionAsMetatype   " " {
                                  parseExpressionAsPattern [{space} ] " " {
                                    parseExpressionAsType {space} " " {
                                      parseExpressionAsPattern [" "] " " {
                                      } -> Parsed
                                    } -> Parsed
                                    parseExpressionAsMetatype   "" {
                                    } -> Parsed
                                  } -> Parsed
                                } -> Parsed
                                parseExpressionAsType {Integer} "10" {
                                  parseExpressionAsPattern ["round" {Number}] "10" {
                                  } -> There do not exist any possible matches of "10" on pattern ["round" {Number}]!
                                  parseExpressionAsPattern [{Iterable} "." "length"] "10" {
                                  } -> There do not exist any possible matches of "10" on pattern [{Iterable} "." "length"]!
                                  parseExpressionAsPattern [{Integer} "+" {Integer}] "10" {
                                  } -> There do not exist any possible matches of "10" on pattern [{Integer} "+" {Integer}]!
                                  parseExpressionAsPattern [{Integer} "-" {Integer}] "10" {
                                  } -> There do not exist any possible matches of "10" on pattern [{Integer} "-" {Integer}]!
                                  parseExpressionAsPattern [{Integer} "*" {Integer}] "10" {
                                  } -> There do not exist any possible matches of "10" on pattern [{Integer} "*" {Integer}]!
                                  parseExpressionAsPattern [{Integer} "/" {Integer}] "10" {
                                  } -> There do not exist any possible matches of "10" on pattern [{Integer} "/" {Integer}]!
                                  parseExpressionAsPattern [{Integer} "^" {Integer}] "10" {
                                  } -> There do not exist any possible matches of "10" on pattern [{Integer} "^" {Integer}]!
                                  parseExpressionAsPattern ["-" {Integer}] "10" {
                                  } -> There do not exist any possible matches of "10" on pattern ["-" {Integer}]!
                                  parseExpressionAsPattern [{digit}+] "10" {
                                    parseExpressionAsMetatype {digit}+ "10" {
                                      parseExpressionAsPattern [{digit}{digit}*] "10" {
                                        parseExpressionAsType {digit} "1" {
                                          parseExpressionAsPattern [[0123456789]] "1" {
                                            parseExpressionAsMetatype [0123456789] "1" {
                                            } -> Parsed
                                          } -> Parsed
                                        } -> Parsed
                                        parseExpressionAsMetatype {digit}* "0" {
                                          parseExpressionAsPattern [{digit}{digit}*] "0" {
                                            parseExpressionAsType {digit} "0" {
                                              parseExpressionAsPattern [[0123456789]] "0" {
                                                parseExpressionAsMetatype [0123456789] "0" {
                                                } -> Parsed
                                              } -> Parsed
                                            } -> Parsed
                                            parseExpressionAsMetatype {digit}* "" {
                                            } -> Parsed
                                          } -> Parsed
                                        } -> Parsed
                                      } -> Parsed
                                    } -> Parsed
                                  } -> Parsed
                                } -> Parsed
                              } -> Parsed
                            } -> Parsed
                            parseExpressionAsMetatype   "" {
                            } -> Parsed
                          } -> Parsed
                        } -> Parsed
                      } -> Parsed
                    } -> Parsed
                    parseExpressionAsMetatype   "" {
                    } -> Parsed
                  } -> Parsed
                } -> Parsed
              } -> Parsed
            } -> Parsed
          } -> Parsed
        } -> Parsed
      } -> Parsed
    } -> Parsed
  } -> Parsed
} -> Parsed
Evaluating discrete range { start: -10, step: 1, end: 20 }
Creating iterator from discrete range { start: -10, step: 1, end: 20 }
[ -10, -9, -8, -7, -6, -5, -4, -3, -2, -1, 0, 1, 2, 3, 4, 5, 6, 7, 8, 9, 10, 11, 12, 13, 14, 15, 16, 17, 18, 19 ]
parseExpressionAsType {Statement} "print [0 .. -1]" {
  parseExpressionAsPattern ["print" {printable}] "print [0 .. -1]" {
    parseExpressionAsMetatype   " " {
      parseExpressionAsPattern [{space} ] " " {
        parseExpressionAsType {space} " " {
          parseExpressionAsPattern [" "] " " {
          } -> Parsed
        } -> Parsed
        parseExpressionAsMetatype   "" {
        } -> Parsed
      } -> Parsed
    } -> Parsed
    parseExpressionAsType {printable} "[0 .. -1]" {
      parseExpressionAsPattern [({Iterable<printable>} | {stringlike})] "[0 .. -1]" {
        parseExpressionAsMetatype ({Iterable<printable>} | {stringlike}) "[0 .. -1]" {
          parseExpressionAsPattern [{Iterable<printable>}] "[0 .. -1]" {
            parseExpressionAsType {Iterable<printable>} "[0 .. -1]" {
              parseExpressionAsPattern [{DiscreteRange}] "[0 .. -1]" {
                parseExpressionAsType {DiscreteRange} "[0 .. -1]" {
                  parseExpressionAsPattern ["[" {Number} ".." "]"] "[0 .. -1]" {
                  } -> There do not exist any possible matches of "[0 .. -1]" on pattern ["[" {Number} ".." "]"]!
                  parseExpressionAsPattern ["[" {Number} ".." {Number} "]"] "[0 .. -1]" {
                    parseExpressionAsMetatype   "" {
                    } -> Parsed
                    parseExpressionAsType {Number} "0" {
                      parseExpressionAsPattern [{Integer}] "0" {
                        parseExpressionAsType {Integer} "0" {
                          parseExpressionAsPattern ["round" {Number}] "0" {
                          } -> There do not exist any possible matches of "0" on pattern ["round" {Number}]!
                          parseExpressionAsPattern [{Iterable} "." "length"] "0" {
                          } -> There do not exist any possible matches of "0" on pattern [{Iterable} "." "length"]!
                          parseExpressionAsPattern [{Integer} "+" {Integer}] "0" {
                          } -> There do not exist any possible matches of "0" on pattern [{Integer} "+" {Integer}]!
                          parseExpressionAsPattern [{Integer} "-" {Integer}] "0" {
                          } -> There do not exist any possible matches of "0" on pattern [{Integer} "-" {Integer}]!
                          parseExpressionAsPattern [{Integer} "*" {Integer}] "0" {
                          } -> There do not exist any possible matches of "0" on pattern [{Integer} "*" {Integer}]!
                          parseExpressionAsPattern [{Integer} "/" {Integer}] "0" {
                          } -> There do not exist any possible matches of "0" on pattern [{Integer} "/" {Integer}]!
                          parseExpressionAsPattern [{Integer} "^" {Integer}] "0" {
                          } -> There do not exist any possible matches of "0" on pattern [{Integer} "^" {Integer}]!
                          parseExpressionAsPattern ["-" {Integer}] "0" {
                          } -> There do not exist any possible matches of "0" on pattern ["-" {Integer}]!
                          parseExpressionAsPattern [{digit}+] "0" {
                            parseExpressionAsMetatype {digit}+ "0" {
                              parseExpressionAsPattern [{digit}{digit}*] "0" {
                                parseExpressionAsType {digit} "0" {
                                  parseExpressionAsPattern [[0123456789]] "0" {
                                    parseExpressionAsMetatype [0123456789] "0" {
                                    } -> Parsed
                                  } -> Parsed
                                } -> Parsed
                                parseExpressionAsMetatype {digit}* "" {
                                } -> Parsed
                              } -> Parsed
                            } -> Parsed
                          } -> Parsed
                        } -> Parsed
                      } -> Parsed
                    } -> Parsed
                    parseExpressionAsMetatype   " " {
                      parseExpressionAsPattern [{space} ] " " {
                        parseExpressionAsType {space} " " {
                          parseExpressionAsPattern [" "] " " {
                          } -> Parsed
                        } -> Parsed
                        parseExpressionAsMetatype   "" {
                        } -> Parsed
                      } -> Parsed
                    } -> Parsed
                    parseExpressionAsMetatype   " " {
                      parseExpressionAsPattern [{space} ] " " {
                        parseExpressionAsType {space} " " {
                          parseExpressionAsPattern [" "] " " {
                          } -> Parsed
                        } -> Parsed
                        parseExpressionAsMetatype   "" {
                        } -> Parsed
                      } -> Parsed
                    } -> Parsed
                    parseExpressionAsType {Number} "-1" {
                      parseExpressionAsPattern [{Integer}] "-1" {
                        parseExpressionAsType {Integer} "-1" {
                          parseExpressionAsPattern ["round" {Number}] "-1" {
                          } -> There do not exist any possible matches of "-1" on pattern ["round" {Number}]!
                          parseExpressionAsPattern [{Iterable} "." "length"] "-1" {
                          } -> There do not exist any possible matches of "-1" on pattern [{Iterable} "." "length"]!
                          parseExpressionAsPattern [{Integer} "+" {Integer}] "-1" {
                          } -> There do not exist any possible matches of "-1" on pattern [{Integer} "+" {Integer}]!
                          parseExpressionAsPattern [{Integer} "-" {Integer}] "-1" {
                          } -> There do not exist any possible matches of "-1" on pattern [{Integer} "-" {Integer}]!
                          parseExpressionAsPattern [{Integer} "*" {Integer}] "-1" {
                          } -> There do not exist any possible matches of "-1" on pattern [{Integer} "*" {Integer}]!
                          parseExpressionAsPattern [{Integer} "/" {Integer}] "-1" {
                          } -> There do not exist any possible matches of "-1" on pattern [{Integer} "/" {Integer}]!
                          parseExpressionAsPattern [{Integer} "^" {Integer}] "-1" {
                          } -> There do not exist any possible matches of "-1" on pattern [{Integer} "^" {Integer}]!
                          parseExpressionAsPattern ["-" {Integer}] "-1" {
                            parseExpressionAsMetatype   "" {
                            } -> Parsed
                            parseExpressionAsType {Integer} "1" {
                              parseExpressionAsPattern ["round" {Number}] "1" {
                              } -> There do not exist any possible matches of "1" on pattern ["round" {Number}]!
                              parseExpressionAsPattern [{Iterable} "." "length"] "1" {
                              } -> There do not exist any possible matches of "1" on pattern [{Iterable} "." "length"]!
                              parseExpressionAsPattern [{Integer} "+" {Integer}] "1" {
                              } -> There do not exist any possible matches of "1" on pattern [{Integer} "+" {Integer}]!
                              parseExpressionAsPattern [{Integer} "-" {Integer}] "1" {
                              } -> There do not exist any possible matches of "1" on pattern [{Integer} "-" {Integer}]!
                              parseExpressionAsPattern [{Integer} "*" {Integer}] "1" {
                              } -> There do not exist any possible matches of "1" on pattern [{Integer} "*" {Integer}]!
                              parseExpressionAsPattern [{Integer} "/" {Integer}] "1" {
                              } -> There do not exist any possible matches of "1" on pattern [{Integer} "/" {Integer}]!
                              parseExpressionAsPattern [{Integer} "^" {Integer}] "1" {
                              } -> There do not exist any possible matches of "1" on pattern [{Integer} "^" {Integer}]!
                              parseExpressionAsPattern ["-" {Integer}] "1" {
                              } -> There do not exist any possible matches of "1" on pattern ["-" {Integer}]!
                              parseExpressionAsPattern [{digit}+] "1" {
                                parseExpressionAsMetatype {digit}+ "1" {
                                  parseExpressionAsPattern [{digit}{digit}*] "1" {
                                    parseExpressionAsType {digit} "1" {
                                      parseExpressionAsPattern [[0123456789]] "1" {
                                        parseExpressionAsMetatype [0123456789] "1" {
                                        } -> Parsed
                                      } -> Parsed
                                    } -> Parsed
                                    parseExpressionAsMetatype {digit}* "" {
                                    } -> Parsed
                                  } -> Parsed
                                } -> Parsed
                              } -> Parsed
                            } -> Parsed
                          } -> Parsed
                        } -> Parsed
                      } -> Parsed
                    } -> Parsed
                    parseExpressionAsMetatype   "" {
                    } -> Parsed
                  } -> Parsed
                } -> Parsed
              } -> Parsed
            } -> Parsed
          } -> Parsed
        } -> Parsed
      } -> Parsed
    } -> Parsed
  } -> Parsed
} -> Parsed
Evaluating discrete range { start: 0, step: 1, end: -1 }
Creating iterator from discrete range { start: 0, step: 1, end: -1 }
[]
parseExpressionAsType {Statement} "print [7..0..10]" {
  parseExpressionAsPattern ["print" {printable}] "print [7..0..10]" {
    parseExpressionAsMetatype   " " {
      parseExpressionAsPattern [{space} ] " " {
        parseExpressionAsType {space} " " {
          parseExpressionAsPattern [" "] " " {
          } -> Parsed
        } -> Parsed
        parseExpressionAsMetatype   "" {
        } -> Parsed
      } -> Parsed
    } -> Parsed
    parseExpressionAsType {printable} "[7..0..10]" {
      parseExpressionAsPattern [({Iterable<printable>} | {stringlike})] "[7..0..10]" {
        parseExpressionAsMetatype ({Iterable<printable>} | {stringlike}) "[7..0..10]" {
          parseExpressionAsPattern [{Iterable<printable>}] "[7..0..10]" {
            parseExpressionAsType {Iterable<printable>} "[7..0..10]" {
              parseExpressionAsPattern [{DiscreteRange}] "[7..0..10]" {
                parseExpressionAsType {DiscreteRange} "[7..0..10]" {
                  parseExpressionAsPattern ["[" {Number} ".." "]"] "[7..0..10]" {
                  } -> There do not exist any possible matches of "[7..0..10]" on pattern ["[" {Number} ".." "]"]!
                  parseExpressionAsPattern ["[" {Number} ".." {Number} "]"] "[7..0..10]" {
                    parseExpressionAsMetatype   "" {
                    } -> Parsed
                    parseExpressionAsType {Number} "7" {
                      parseExpressionAsPattern [{Integer}] "7" {
                        parseExpressionAsType {Integer} "7" {
                          parseExpressionAsPattern ["round" {Number}] "7" {
                          } -> There do not exist any possible matches of "7" on pattern ["round" {Number}]!
                          parseExpressionAsPattern [{Iterable} "." "length"] "7" {
                          } -> There do not exist any possible matches of "7" on pattern [{Iterable} "." "length"]!
                          parseExpressionAsPattern [{Integer} "+" {Integer}] "7" {
                          } -> There do not exist any possible matches of "7" on pattern [{Integer} "+" {Integer}]!
                          parseExpressionAsPattern [{Integer} "-" {Integer}] "7" {
                          } -> There do not exist any possible matches of "7" on pattern [{Integer} "-" {Integer}]!
                          parseExpressionAsPattern [{Integer} "*" {Integer}] "7" {
                          } -> There do not exist any possible matches of "7" on pattern [{Integer} "*" {Integer}]!
                          parseExpressionAsPattern [{Integer} "/" {Integer}] "7" {
                          } -> There do not exist any possible matches of "7" on pattern [{Integer} "/" {Integer}]!
                          parseExpressionAsPattern [{Integer} "^" {Integer}] "7" {
                          } -> There do not exist any possible matches of "7" on pattern [{Integer} "^" {Integer}]!
                          parseExpressionAsPattern ["-" {Integer}] "7" {
                          } -> There do not exist any possible matches of "7" on pattern ["-" {Integer}]!
                          parseExpressionAsPattern [{digit}+] "7" {
                            parseExpressionAsMetatype {digit}+ "7" {
                              parseExpressionAsPattern [{digit}{digit}*] "7" {
                                parseExpressionAsType {digit} "7" {
                                  parseExpressionAsPattern [[0123456789]] "7" {
                                    parseExpressionAsMetatype [0123456789] "7" {
                                    } -> Parsed
                                  } -> Parsed
                                } -> Parsed
                                parseExpressionAsMetatype {digit}* "" {
                                } -> Parsed
                              } -> Parsed
                            } -> Parsed
                          } -> Parsed
                        } -> Parsed
                      } -> Parsed
                    } -> Parsed
                    parseExpressionAsMetatype   "" {
                    } -> Parsed
                    parseExpressionAsMetatype   "" {
                    } -> Parsed
                    parseExpressionAsType {Number} "0..10" {
                      parseExpressionAsPattern [{Integer}] "0..10" {
                        parseExpressionAsType {Integer} "0..10" {
                          parseExpressionAsPattern ["round" {Number}] "0..10" {
                          } -> There do not exist any possible matches of "0..10" on pattern ["round" {Number}]!
                          parseExpressionAsPattern [{Iterable} "." "length"] "0..10" {
                          } -> There do not exist any possible matches of "0..10" on pattern [{Iterable} "." "length"]!
                          parseExpressionAsPattern [{Integer} "+" {Integer}] "0..10" {
                          } -> There do not exist any possible matches of "0..10" on pattern [{Integer} "+" {Integer}]!
                          parseExpressionAsPattern [{Integer} "-" {Integer}] "0..10" {
                          } -> There do not exist any possible matches of "0..10" on pattern [{Integer} "-" {Integer}]!
                          parseExpressionAsPattern [{Integer} "*" {Integer}] "0..10" {
                          } -> There do not exist any possible matches of "0..10" on pattern [{Integer} "*" {Integer}]!
                          parseExpressionAsPattern [{Integer} "/" {Integer}] "0..10" {
                          } -> There do not exist any possible matches of "0..10" on pattern [{Integer} "/" {Integer}]!
                          parseExpressionAsPattern [{Integer} "^" {Integer}] "0..10" {
                          } -> There do not exist any possible matches of "0..10" on pattern [{Integer} "^" {Integer}]!
                          parseExpressionAsPattern ["-" {Integer}] "0..10" {
                          } -> There do not exist any possible matches of "0..10" on pattern ["-" {Integer}]!
                          parseExpressionAsPattern [{digit}+] "0..10" {
                          } -> There do not exist any possible matches of "0..10" on pattern [{digit}+]!
                          parseExpressionAsPattern ["(" {Integer} ")"] "0..10" {
                          } -> There do not exist any possible matches of "0..10" on pattern ["(" {Integer} ")"]!
                          parseExpressionAsPattern [{Dictionary<Integer>} "." {varName}] "0..10" {
                          } -> There do not exist any possible matches of "0..10" on pattern [{Dictionary<Integer>} "." {varName}]!
                          parseExpressionAsPattern [{Dictionary<Integer>} "[" ({String} | {Number}) "]"] "0..10" {
                          } -> There do not exist any possible matches of "0..10" on pattern [{Dictionary<Integer>} "[" ({String} | {Number}) "]"]!
                          parseExpressionAsPattern [{Iterable<Integer>} "[" {Integer} "]"] "0..10" {
                          } -> There do not exist any possible matches of "0..10" on pattern [{Iterable<Integer>} "[" {Integer} "]"]!
                        } -> "0..10" did not match any pattern of type: Integer!
                      } -> All possible matches of "0..10" on pattern [{Integer}] failed.
                      parseExpressionAsPattern [{Number} "+" {Number}] "0..10" {
                      } -> There do not exist any possible matches of "0..10" on pattern [{Number} "+" {Number}]!
                      parseExpressionAsPattern [{Number} "-" {Number}] "0..10" {
                      } -> There do not exist any possible matches of "0..10" on pattern [{Number} "-" {Number}]!
                      parseExpressionAsPattern [{Number} "*" {Number}] "0..10" {
                      } -> There do not exist any possible matches of "0..10" on pattern [{Number} "*" {Number}]!
                      parseExpressionAsPattern [{Number} "/" {Number}] "0..10" {
                      } -> There do not exist any possible matches of "0..10" on pattern [{Number} "/" {Number}]!
                      parseExpressionAsPattern [{Number} "^" {Number}] "0..10" {
                      } -> There do not exist any possible matches of "0..10" on pattern [{Number} "^" {Number}]!
                      parseExpressionAsPattern ["-" {Number}] "0..10" {
                      } -> There do not exist any possible matches of "0..10" on pattern ["-" {Number}]!
                      parseExpressionAsPattern [{numlit}] "0..10" {
                        parseExpressionAsType {numlit} "0..10" {
                          parseExpressionAsPattern [{digit}+"."{endbit}??] "0..10" {
                            parseExpressionAsMetatype {digit}+ "0" {
                              parseExpressionAsPattern [{digit}{digit}*] "0" {
                                parseExpressionAsType {digit} "0" {
                                  parseExpressionAsPattern [[0123456789]] "0" {
                                    parseExpressionAsMetatype [0123456789] "0" {
                                    } -> Parsed
                                  } -> Parsed
                                } -> Parsed
                                parseExpressionAsMetatype {digit}* "" {
                                } -> Parsed
                              } -> Parsed
                            } -> Parsed
                            parseExpressionAsMetatype "."{endbit}?? "..10" {
                              parseExpressionAsPattern ["."{endbit}?"."{endbit}?{0, 0}] "..10" {
                              } -> There do not exist any possible matches of "..10" on pattern ["."{endbit}?"."{endbit}?{0, 0}]!
                            } -> There do not exist any possible matches of "..10" on pattern ["."{endbit}?"."{endbit}?{0, 0}]!
                          } -> All possible matches of "0..10" on pattern [{digit}+"."{endbit}??] failed.
                          parseExpressionAsPattern [{digit}*"."{digit}+{endbit}?] "0..10" {
                          } -> There do not exist any possible matches of "0..10" on pattern [{digit}*"."{digit}+{endbit}?]!
                        } -> "0..10" did not match any pattern of type: numlit!
                      } -> All possible matches of "0..10" on pattern [{numlit}] failed.
                      parseExpressionAsPattern ["rand" {Tuple}] "0..10" {
                      } -> There do not exist any possible matches of "0..10" on pattern ["rand" {Tuple}]!
                      parseExpressionAsPattern ["(" {Number} ")"] "0..10" {
                      } -> There do not exist any possible matches of "0..10" on pattern ["(" {Number} ")"]!
                      parseExpressionAsPattern [{Dictionary<Number>} "." {varName}] "0..10" {
                      } -> There do not exist any possible matches of "0..10" on pattern [{Dictionary<Number>} "." {varName}]!
                      parseExpressionAsPattern [{Dictionary<Number>} "[" ({String} | {Number}) "]"] "0..10" {
                      } -> There do not exist any possible matches of "0..10" on pattern [{Dictionary<Number>} "[" ({String} | {Number}) "]"]!
                      parseExpressionAsPattern [{Iterable<Number>} "[" {Integer} "]"] "0..10" {
                      } -> There do not exist any possible matches of "0..10" on pattern [{Iterable<Number>} "[" {Integer} "]"]!
                    } -> "0..10" did not match any pattern of type: Number!
                    parseExpressionAsMetatype   "" {
                    } -> Parsed
                    parseExpressionAsType {Number} "7..0" {
                      parseExpressionAsPattern [{Integer}] "7..0" {
                        parseExpressionAsType {Integer} "7..0" {
                          parseExpressionAsPattern ["round" {Number}] "7..0" {
                          } -> There do not exist any possible matches of "7..0" on pattern ["round" {Number}]!
                          parseExpressionAsPattern [{Iterable} "." "length"] "7..0" {
                          } -> There do not exist any possible matches of "7..0" on pattern [{Iterable} "." "length"]!
                          parseExpressionAsPattern [{Integer} "+" {Integer}] "7..0" {
                          } -> There do not exist any possible matches of "7..0" on pattern [{Integer} "+" {Integer}]!
                          parseExpressionAsPattern [{Integer} "-" {Integer}] "7..0" {
                          } -> There do not exist any possible matches of "7..0" on pattern [{Integer} "-" {Integer}]!
                          parseExpressionAsPattern [{Integer} "*" {Integer}] "7..0" {
                          } -> There do not exist any possible matches of "7..0" on pattern [{Integer} "*" {Integer}]!
                          parseExpressionAsPattern [{Integer} "/" {Integer}] "7..0" {
                          } -> There do not exist any possible matches of "7..0" on pattern [{Integer} "/" {Integer}]!
                          parseExpressionAsPattern [{Integer} "^" {Integer}] "7..0" {
                          } -> There do not exist any possible matches of "7..0" on pattern [{Integer} "^" {Integer}]!
                          parseExpressionAsPattern ["-" {Integer}] "7..0" {
                          } -> There do not exist any possible matches of "7..0" on pattern ["-" {Integer}]!
                          parseExpressionAsPattern [{digit}+] "7..0" {
                          } -> There do not exist any possible matches of "7..0" on pattern [{digit}+]!
                          parseExpressionAsPattern ["(" {Integer} ")"] "7..0" {
                          } -> There do not exist any possible matches of "7..0" on pattern ["(" {Integer} ")"]!
                          parseExpressionAsPattern [{Dictionary<Integer>} "." {varName}] "7..0" {
                          } -> There do not exist any possible matches of "7..0" on pattern [{Dictionary<Integer>} "." {varName}]!
                          parseExpressionAsPattern [{Dictionary<Integer>} "[" ({String} | {Number}) "]"] "7..0" {
                          } -> There do not exist any possible matches of "7..0" on pattern [{Dictionary<Integer>} "[" ({String} | {Number}) "]"]!
                          parseExpressionAsPattern [{Iterable<Integer>} "[" {Integer} "]"] "7..0" {
                          } -> There do not exist any possible matches of "7..0" on pattern [{Iterable<Integer>} "[" {Integer} "]"]!
                        } -> "7..0" did not match any pattern of type: Integer!
                      } -> All possible matches of "7..0" on pattern [{Integer}] failed.
                      parseExpressionAsPattern [{Number} "+" {Number}] "7..0" {
                      } -> There do not exist any possible matches of "7..0" on pattern [{Number} "+" {Number}]!
                      parseExpressionAsPattern [{Number} "-" {Number}] "7..0" {
                      } -> There do not exist any possible matches of "7..0" on pattern [{Number} "-" {Number}]!
                      parseExpressionAsPattern [{Number} "*" {Number}] "7..0" {
                      } -> There do not exist any possible matches of "7..0" on pattern [{Number} "*" {Number}]!
                      parseExpressionAsPattern [{Number} "/" {Number}] "7..0" {
                      } -> There do not exist any possible matches of "7..0" on pattern [{Number} "/" {Number}]!
                      parseExpressionAsPattern [{Number} "^" {Number}] "7..0" {
                      } -> There do not exist any possible matches of "7..0" on pattern [{Number} "^" {Number}]!
                      parseExpressionAsPattern ["-" {Number}] "7..0" {
                      } -> There do not exist any possible matches of "7..0" on pattern ["-" {Number}]!
                      parseExpressionAsPattern [{numlit}] "7..0" {
                        parseExpressionAsType {numlit} "7..0" {
                          parseExpressionAsPattern [{digit}+"."{endbit}??] "7..0" {
                            parseExpressionAsMetatype {digit}+ "7" {
                              parseExpressionAsPattern [{digit}{digit}*] "7" {
                                parseExpressionAsType {digit} "7" {
                                  parseExpressionAsPattern [[0123456789]] "7" {
                                    parseExpressionAsMetatype [0123456789] "7" {
                                    } -> Parsed
                                  } -> Parsed
                                } -> Parsed
                                parseExpressionAsMetatype {digit}* "" {
                                } -> Parsed
                              } -> Parsed
                            } -> Parsed
                            parseExpressionAsMetatype "."{endbit}?? "..0" {
                              parseExpressionAsPattern ["."{endbit}?"."{endbit}?{0, 0}] "..0" {
                              } -> There do not exist any possible matches of "..0" on pattern ["."{endbit}?"."{endbit}?{0, 0}]!
                            } -> There do not exist any possible matches of "..0" on pattern ["."{endbit}?"."{endbit}?{0, 0}]!
                          } -> All possible matches of "7..0" on pattern [{digit}+"."{endbit}??] failed.
                          parseExpressionAsPattern [{digit}*"."{digit}+{endbit}?] "7..0" {
                          } -> There do not exist any possible matches of "7..0" on pattern [{digit}*"."{digit}+{endbit}?]!
                        } -> "7..0" did not match any pattern of type: numlit!
                      } -> All possible matches of "7..0" on pattern [{numlit}] failed.
                      parseExpressionAsPattern ["rand" {Tuple}] "7..0" {
                      } -> There do not exist any possible matches of "7..0" on pattern ["rand" {Tuple}]!
                      parseExpressionAsPattern ["(" {Number} ")"] "7..0" {
                      } -> There do not exist any possible matches of "7..0" on pattern ["(" {Number} ")"]!
                      parseExpressionAsPattern [{Dictionary<Number>} "." {varName}] "7..0" {
                      } -> There do not exist any possible matches of "7..0" on pattern [{Dictionary<Number>} "." {varName}]!
                      parseExpressionAsPattern [{Dictionary<Number>} "[" ({String} | {Number}) "]"] "7..0" {
                      } -> There do not exist any possible matches of "7..0" on pattern [{Dictionary<Number>} "[" ({String} | {Number}) "]"]!
                      parseExpressionAsPattern [{Iterable<Number>} "[" {Integer} "]"] "7..0" {
                      } -> There do not exist any possible matches of "7..0" on pattern [{Iterable<Number>} "[" {Integer} "]"]!
                    } -> "7..0" did not match any pattern of type: Number!
                  } -> All possible matches of "[7..0..10]" on pattern ["[" {Number} ".." {Number} "]"] failed.
                  parseExpressionAsPattern ["[" {Number} ".." {Number} ".." "]"] "[7..0..10]" {
                  } -> There do not exist any possible matches of "[7..0..10]" on pattern ["[" {Number} ".." {Number} ".." "]"]!
                  parseExpressionAsPattern ["[" {Number} ".." {Number} ".." {Number} "]"] "[7..0..10]" {
                    parseExpressionAsMetatype   "" {
                    } -> Parsed
                    parseExpressionAsType {Number} "7" {
                      parseExpressionAsPattern [{Integer}] "7" {
                        parseExpressionAsType {Integer} "7" {
                          parseExpressionAsPattern ["round" {Number}] "7" {
                          } -> There do not exist any possible matches of "7" on pattern ["round" {Number}]!
                          parseExpressionAsPattern [{Iterable} "." "length"] "7" {
                          } -> There do not exist any possible matches of "7" on pattern [{Iterable} "." "length"]!
                          parseExpressionAsPattern [{Integer} "+" {Integer}] "7" {
                          } -> There do not exist any possible matches of "7" on pattern [{Integer} "+" {Integer}]!
                          parseExpressionAsPattern [{Integer} "-" {Integer}] "7" {
                          } -> There do not exist any possible matches of "7" on pattern [{Integer} "-" {Integer}]!
                          parseExpressionAsPattern [{Integer} "*" {Integer}] "7" {
                          } -> There do not exist any possible matches of "7" on pattern [{Integer} "*" {Integer}]!
                          parseExpressionAsPattern [{Integer} "/" {Integer}] "7" {
                          } -> There do not exist any possible matches of "7" on pattern [{Integer} "/" {Integer}]!
                          parseExpressionAsPattern [{Integer} "^" {Integer}] "7" {
                          } -> There do not exist any possible matches of "7" on pattern [{Integer} "^" {Integer}]!
                          parseExpressionAsPattern ["-" {Integer}] "7" {
                          } -> There do not exist any possible matches of "7" on pattern ["-" {Integer}]!
                          parseExpressionAsPattern [{digit}+] "7" {
                            parseExpressionAsMetatype {digit}+ "7" {
                              parseExpressionAsPattern [{digit}{digit}*] "7" {
                                parseExpressionAsType {digit} "7" {
                                  parseExpressionAsPattern [[0123456789]] "7" {
                                    parseExpressionAsMetatype [0123456789] "7" {
                                    } -> Parsed
                                  } -> Parsed
                                } -> Parsed
                                parseExpressionAsMetatype {digit}* "" {
                                } -> Parsed
                              } -> Parsed
                            } -> Parsed
                          } -> Parsed
                        } -> Parsed
                      } -> Parsed
                    } -> Parsed
                    parseExpressionAsMetatype   "" {
                    } -> Parsed
                    parseExpressionAsMetatype   "" {
                    } -> Parsed
                    parseExpressionAsType {Number} "0" {
                      parseExpressionAsPattern [{Integer}] "0" {
                        parseExpressionAsType {Integer} "0" {
                          parseExpressionAsPattern ["round" {Number}] "0" {
                          } -> There do not exist any possible matches of "0" on pattern ["round" {Number}]!
                          parseExpressionAsPattern [{Iterable} "." "length"] "0" {
                          } -> There do not exist any possible matches of "0" on pattern [{Iterable} "." "length"]!
                          parseExpressionAsPattern [{Integer} "+" {Integer}] "0" {
                          } -> There do not exist any possible matches of "0" on pattern [{Integer} "+" {Integer}]!
                          parseExpressionAsPattern [{Integer} "-" {Integer}] "0" {
                          } -> There do not exist any possible matches of "0" on pattern [{Integer} "-" {Integer}]!
                          parseExpressionAsPattern [{Integer} "*" {Integer}] "0" {
                          } -> There do not exist any possible matches of "0" on pattern [{Integer} "*" {Integer}]!
                          parseExpressionAsPattern [{Integer} "/" {Integer}] "0" {
                          } -> There do not exist any possible matches of "0" on pattern [{Integer} "/" {Integer}]!
                          parseExpressionAsPattern [{Integer} "^" {Integer}] "0" {
                          } -> There do not exist any possible matches of "0" on pattern [{Integer} "^" {Integer}]!
                          parseExpressionAsPattern ["-" {Integer}] "0" {
                          } -> There do not exist any possible matches of "0" on pattern ["-" {Integer}]!
                          parseExpressionAsPattern [{digit}+] "0" {
                            parseExpressionAsMetatype {digit}+ "0" {
                              parseExpressionAsPattern [{digit}{digit}*] "0" {
                                parseExpressionAsType {digit} "0" {
                                  parseExpressionAsPattern [[0123456789]] "0" {
                                    parseExpressionAsMetatype [0123456789] "0" {
                                    } -> Parsed
                                  } -> Parsed
                                } -> Parsed
                                parseExpressionAsMetatype {digit}* "" {
                                } -> Parsed
                              } -> Parsed
                            } -> Parsed
                          } -> Parsed
                        } -> Parsed
                      } -> Parsed
                    } -> Parsed
                    parseExpressionAsMetatype   "" {
                    } -> Parsed
                    parseExpressionAsMetatype   "" {
                    } -> Parsed
                    parseExpressionAsType {Number} "10" {
                      parseExpressionAsPattern [{Integer}] "10" {
                        parseExpressionAsType {Integer} "10" {
                          parseExpressionAsPattern ["round" {Number}] "10" {
                          } -> There do not exist any possible matches of "10" on pattern ["round" {Number}]!
                          parseExpressionAsPattern [{Iterable} "." "length"] "10" {
                          } -> There do not exist any possible matches of "10" on pattern [{Iterable} "." "length"]!
                          parseExpressionAsPattern [{Integer} "+" {Integer}] "10" {
                          } -> There do not exist any possible matches of "10" on pattern [{Integer} "+" {Integer}]!
                          parseExpressionAsPattern [{Integer} "-" {Integer}] "10" {
                          } -> There do not exist any possible matches of "10" on pattern [{Integer} "-" {Integer}]!
                          parseExpressionAsPattern [{Integer} "*" {Integer}] "10" {
                          } -> There do not exist any possible matches of "10" on pattern [{Integer} "*" {Integer}]!
                          parseExpressionAsPattern [{Integer} "/" {Integer}] "10" {
                          } -> There do not exist any possible matches of "10" on pattern [{Integer} "/" {Integer}]!
                          parseExpressionAsPattern [{Integer} "^" {Integer}] "10" {
                          } -> There do not exist any possible matches of "10" on pattern [{Integer} "^" {Integer}]!
                          parseExpressionAsPattern ["-" {Integer}] "10" {
                          } -> There do not exist any possible matches of "10" on pattern ["-" {Integer}]!
                          parseExpressionAsPattern [{digit}+] "10" {
                            parseExpressionAsMetatype {digit}+ "10" {
                              parseExpressionAsPattern [{digit}{digit}*] "10" {
                                parseExpressionAsType {digit} "1" {
                                  parseExpressionAsPattern [[0123456789]] "1" {
                                    parseExpressionAsMetatype [0123456789] "1" {
                                    } -> Parsed
                                  } -> Parsed
                                } -> Parsed
                                parseExpressionAsMetatype {digit}* "0" {
                                  parseExpressionAsPattern [{digit}{digit}*] "0" {
                                    parseExpressionAsType {digit} "0" {
                                      parseExpressionAsPattern [[0123456789]] "0" {
                                        parseExpressionAsMetatype [0123456789] "0" {
                                        } -> Parsed
                                      } -> Parsed
                                    } -> Parsed
                                    parseExpressionAsMetatype {digit}* "" {
                                    } -> Parsed
                                  } -> Parsed
                                } -> Parsed
                              } -> Parsed
                            } -> Parsed
                          } -> Parsed
                        } -> Parsed
                      } -> Parsed
                    } -> Parsed
                    parseExpressionAsMetatype   "" {
                    } -> Parsed
                  } -> Parsed
                } -> Parsed
              } -> Parsed
            } -> Parsed
          } -> Parsed
        } -> Parsed
      } -> Parsed
    } -> Parsed
  } -> Parsed
} -> Parsed
Evaluating discrete range { start: 7, step: 0, end: 10 }
Creating iterator from discrete range { start: 7, step: 0, end: 10 }
[]
parseExpressionAsType {Instantiator} "for [1..20]:" {
  parseExpressionAsPattern ["if" {Boolean} ":"] "for [1..20]:" {
  } -> There do not exist any possible matches of "for [1..20]:" on pattern ["if" {Boolean} ":"]!
  parseExpressionAsPattern ["else" ":"] "for [1..20]:" {
  } -> There do not exist any possible matches of "for [1..20]:" on pattern ["else" ":"]!
  parseExpressionAsPattern ["while" {Boolean} ":"] "for [1..20]:" {
  } -> There do not exist any possible matches of "for [1..20]:" on pattern ["while" {Boolean} ":"]!
  parseExpressionAsPattern ["repeat" {Integer}? ":"] "for [1..20]:" {
  } -> There do not exist any possible matches of "for [1..20]:" on pattern ["repeat" {Integer}? ":"]!
  parseExpressionAsPattern ["for" {Iterable} ":"?] "for [1..20]:" {
    parseExpressionAsMetatype   " " {
      parseExpressionAsPattern [{space} ] " " {
        parseExpressionAsType {space} " " {
          parseExpressionAsPattern [" "] " " {
          } -> Parsed
        } -> Parsed
        parseExpressionAsMetatype   "" {
        } -> Parsed
      } -> Parsed
    } -> Parsed
    parseExpressionAsType {Iterable} "[1..20]" {
      parseExpressionAsPattern [{DiscreteRange}] "[1..20]" {
        parseExpressionAsType {DiscreteRange} "[1..20]" {
          parseExpressionAsPattern ["[" {Number} ".." "]"] "[1..20]" {
          } -> There do not exist any possible matches of "[1..20]" on pattern ["[" {Number} ".." "]"]!
          parseExpressionAsPattern ["[" {Number} ".." {Number} "]"] "[1..20]" {
            parseExpressionAsMetatype   "" {
            } -> Parsed
            parseExpressionAsType {Number} "1" {
              parseExpressionAsPattern [{Integer}] "1" {
                parseExpressionAsType {Integer} "1" {
                  parseExpressionAsPattern ["round" {Number}] "1" {
                  } -> There do not exist any possible matches of "1" on pattern ["round" {Number}]!
                  parseExpressionAsPattern [{Iterable} "." "length"] "1" {
                  } -> There do not exist any possible matches of "1" on pattern [{Iterable} "." "length"]!
                  parseExpressionAsPattern [{Integer} "+" {Integer}] "1" {
                  } -> There do not exist any possible matches of "1" on pattern [{Integer} "+" {Integer}]!
                  parseExpressionAsPattern [{Integer} "-" {Integer}] "1" {
                  } -> There do not exist any possible matches of "1" on pattern [{Integer} "-" {Integer}]!
                  parseExpressionAsPattern [{Integer} "*" {Integer}] "1" {
                  } -> There do not exist any possible matches of "1" on pattern [{Integer} "*" {Integer}]!
                  parseExpressionAsPattern [{Integer} "/" {Integer}] "1" {
                  } -> There do not exist any possible matches of "1" on pattern [{Integer} "/" {Integer}]!
                  parseExpressionAsPattern [{Integer} "^" {Integer}] "1" {
                  } -> There do not exist any possible matches of "1" on pattern [{Integer} "^" {Integer}]!
                  parseExpressionAsPattern ["-" {Integer}] "1" {
                  } -> There do not exist any possible matches of "1" on pattern ["-" {Integer}]!
                  parseExpressionAsPattern [{digit}+] "1" {
                    parseExpressionAsMetatype {digit}+ "1" {
                      parseExpressionAsPattern [{digit}{digit}*] "1" {
                        parseExpressionAsType {digit} "1" {
                          parseExpressionAsPattern [[0123456789]] "1" {
                            parseExpressionAsMetatype [0123456789] "1" {
                            } -> Parsed
                          } -> Parsed
                        } -> Parsed
                        parseExpressionAsMetatype {digit}* "" {
                        } -> Parsed
                      } -> Parsed
                    } -> Parsed
                  } -> Parsed
                } -> Parsed
              } -> Parsed
            } -> Parsed
            parseExpressionAsMetatype   "" {
            } -> Parsed
            parseExpressionAsMetatype   "" {
            } -> Parsed
            parseExpressionAsType {Number} "20" {
              parseExpressionAsPattern [{Integer}] "20" {
                parseExpressionAsType {Integer} "20" {
                  parseExpressionAsPattern ["round" {Number}] "20" {
                  } -> There do not exist any possible matches of "20" on pattern ["round" {Number}]!
                  parseExpressionAsPattern [{Iterable} "." "length"] "20" {
                  } -> There do not exist any possible matches of "20" on pattern [{Iterable} "." "length"]!
                  parseExpressionAsPattern [{Integer} "+" {Integer}] "20" {
                  } -> There do not exist any possible matches of "20" on pattern [{Integer} "+" {Integer}]!
                  parseExpressionAsPattern [{Integer} "-" {Integer}] "20" {
                  } -> There do not exist any possible matches of "20" on pattern [{Integer} "-" {Integer}]!
                  parseExpressionAsPattern [{Integer} "*" {Integer}] "20" {
                  } -> There do not exist any possible matches of "20" on pattern [{Integer} "*" {Integer}]!
                  parseExpressionAsPattern [{Integer} "/" {Integer}] "20" {
                  } -> There do not exist any possible matches of "20" on pattern [{Integer} "/" {Integer}]!
                  parseExpressionAsPattern [{Integer} "^" {Integer}] "20" {
                  } -> There do not exist any possible matches of "20" on pattern [{Integer} "^" {Integer}]!
                  parseExpressionAsPattern ["-" {Integer}] "20" {
                  } -> There do not exist any possible matches of "20" on pattern ["-" {Integer}]!
                  parseExpressionAsPattern [{digit}+] "20" {
                    parseExpressionAsMetatype {digit}+ "20" {
                      parseExpressionAsPattern [{digit}{digit}*] "20" {
                        parseExpressionAsType {digit} "2" {
                          parseExpressionAsPattern [[0123456789]] "2" {
                            parseExpressionAsMetatype [0123456789] "2" {
                            } -> Parsed
                          } -> Parsed
                        } -> Parsed
                        parseExpressionAsMetatype {digit}* "0" {
                          parseExpressionAsPattern [{digit}{digit}*] "0" {
                            parseExpressionAsType {digit} "0" {
                              parseExpressionAsPattern [[0123456789]] "0" {
                                parseExpressionAsMetatype [0123456789] "0" {
                                } -> Parsed
                              } -> Parsed
                            } -> Parsed
                            parseExpressionAsMetatype {digit}* "" {
                            } -> Parsed
                          } -> Parsed
                        } -> Parsed
                      } -> Parsed
                    } -> Parsed
                  } -> Parsed
                } -> Parsed
              } -> Parsed
            } -> Parsed
            parseExpressionAsMetatype   "" {
            } -> Parsed
          } -> Parsed
        } -> Parsed
      } -> Parsed
    } -> Parsed
    parseExpressionAsMetatype   "" {
    } -> Parsed
    parseExpressionAsMetatype ":"? ":" {
      parseExpressionAsPattern [":"":"{0, 0}] ":" {
        parseExpressionAsMetatype ":"{0, 0} "" {
        } -> Parsed
      } -> Parsed
    } -> Parsed
  } -> Parsed
} -> Parsed
Evaluating discrete range { start: 1, step: 1, end: 20 }
Creating iterator from discrete range { start: 1, step: 1, end: 20 }
Creating iterator from discrete range { start: 1, step: 1, end: 20, includeEnd: false, includeStart: true }
parseExpressionAsType {Statement} "print $" {
  parseExpressionAsPattern ["print" {printable}] "print $" {
    parseExpressionAsMetatype   " " {
      parseExpressionAsPattern [{space} ] " " {
        parseExpressionAsType {space} " " {
          parseExpressionAsPattern [" "] " " {
          } -> Parsed
        } -> Parsed
        parseExpressionAsMetatype   "" {
        } -> Parsed
      } -> Parsed
    } -> Parsed
    parseExpressionAsType {printable} "$" {
      parseExpressionAsPattern [({Iterable<printable>} | {stringlike})] "$" {
        parseExpressionAsMetatype ({Iterable<printable>} | {stringlike}) "$" {
          parseExpressionAsPattern [{Iterable<printable>}] "$" {
          } -> There do not exist any possible matches of "$" on pattern [{Iterable<printable>}]!
          parseExpressionAsPattern [{stringlike}] "$" {
            parseExpressionAsType {stringlike} "$" {
              parseExpressionAsPattern [({Number} | {String} | {Boolean})] "$" {
                parseExpressionAsMetatype ({Number} | {String} | {Boolean}) "$" {
                  parseExpressionAsPattern [{Number}] "$" {
                    parseExpressionAsType {Number} "$" {
                      parseExpressionAsPattern [{Integer}] "$" {
                      } -> There do not exist any possible matches of "$" on pattern [{Integer}]!
                      parseExpressionAsPattern [{Number} "+" {Number}] "$" {
                      } -> There do not exist any possible matches of "$" on pattern [{Number} "+" {Number}]!
                      parseExpressionAsPattern [{Number} "-" {Number}] "$" {
                      } -> There do not exist any possible matches of "$" on pattern [{Number} "-" {Number}]!
                      parseExpressionAsPattern [{Number} "*" {Number}] "$" {
                      } -> There do not exist any possible matches of "$" on pattern [{Number} "*" {Number}]!
                      parseExpressionAsPattern [{Number} "/" {Number}] "$" {
                      } -> There do not exist any possible matches of "$" on pattern [{Number} "/" {Number}]!
                      parseExpressionAsPattern [{Number} "^" {Number}] "$" {
                      } -> There do not exist any possible matches of "$" on pattern [{Number} "^" {Number}]!
                      parseExpressionAsPattern ["-" {Number}] "$" {
                      } -> There do not exist any possible matches of "$" on pattern ["-" {Number}]!
                      parseExpressionAsPattern [{numlit}] "$" {
                      } -> There do not exist any possible matches of "$" on pattern [{numlit}]!
                      parseExpressionAsPattern ["rand" {Tuple}] "$" {
                      } -> There do not exist any possible matches of "$" on pattern ["rand" {Tuple}]!
                      parseExpressionAsPattern ["$"] "$" {
                      } -> Parsed
                    } -> Parsed
                  } -> Parsed
                } -> Parsed
              } -> Parsed
            } -> Parsed
          } -> Parsed
        } -> Parsed
      } -> Parsed
    } -> Parsed
  } -> Parsed
} -> Parsed
1
2
3
4
5
6
7
8
9
10
11
12
13
14
15
16
17
18
19
parseExpressionAsType {Statement} "print [69..7..][200]" {
  parseExpressionAsPattern ["print" {printable}] "print [69..7..][200]" {
    parseExpressionAsMetatype   " " {
      parseExpressionAsPattern [{space} ] " " {
        parseExpressionAsType {space} " " {
          parseExpressionAsPattern [" "] " " {
          } -> Parsed
        } -> Parsed
        parseExpressionAsMetatype   "" {
        } -> Parsed
      } -> Parsed
    } -> Parsed
    parseExpressionAsType {printable} "[69..7..][200]" {
      parseExpressionAsPattern [({Iterable<printable>} | {stringlike})] "[69..7..][200]" {
        parseExpressionAsMetatype ({Iterable<printable>} | {stringlike}) "[69..7..][200]" {
          parseExpressionAsPattern [{Iterable<printable>}] "[69..7..][200]" {
            parseExpressionAsType {Iterable<printable>} "[69..7..][200]" {
              parseExpressionAsPattern [{DiscreteRange}] "[69..7..][200]" {
                parseExpressionAsType {DiscreteRange} "[69..7..][200]" {
                  parseExpressionAsPattern ["[" {Number} ".." "]"] "[69..7..][200]" {
                  } -> There do not exist any possible matches of "[69..7..][200]" on pattern ["[" {Number} ".." "]"]!
                  parseExpressionAsPattern ["[" {Number} ".." {Number} "]"] "[69..7..][200]" {
                    parseExpressionAsMetatype   "" {
                    } -> Parsed
                    parseExpressionAsType {Number} "69" {
                      parseExpressionAsPattern [{Integer}] "69" {
                        parseExpressionAsType {Integer} "69" {
                          parseExpressionAsPattern ["round" {Number}] "69" {
                          } -> There do not exist any possible matches of "69" on pattern ["round" {Number}]!
                          parseExpressionAsPattern [{Iterable} "." "length"] "69" {
                          } -> There do not exist any possible matches of "69" on pattern [{Iterable} "." "length"]!
                          parseExpressionAsPattern [{Integer} "+" {Integer}] "69" {
                          } -> There do not exist any possible matches of "69" on pattern [{Integer} "+" {Integer}]!
                          parseExpressionAsPattern [{Integer} "-" {Integer}] "69" {
                          } -> There do not exist any possible matches of "69" on pattern [{Integer} "-" {Integer}]!
                          parseExpressionAsPattern [{Integer} "*" {Integer}] "69" {
                          } -> There do not exist any possible matches of "69" on pattern [{Integer} "*" {Integer}]!
                          parseExpressionAsPattern [{Integer} "/" {Integer}] "69" {
                          } -> There do not exist any possible matches of "69" on pattern [{Integer} "/" {Integer}]!
                          parseExpressionAsPattern [{Integer} "^" {Integer}] "69" {
                          } -> There do not exist any possible matches of "69" on pattern [{Integer} "^" {Integer}]!
                          parseExpressionAsPattern ["-" {Integer}] "69" {
                          } -> There do not exist any possible matches of "69" on pattern ["-" {Integer}]!
                          parseExpressionAsPattern [{digit}+] "69" {
                            parseExpressionAsMetatype {digit}+ "69" {
                              parseExpressionAsPattern [{digit}{digit}*] "69" {
                                parseExpressionAsType {digit} "6" {
                                  parseExpressionAsPattern [[0123456789]] "6" {
                                    parseExpressionAsMetatype [0123456789] "6" {
                                    } -> Parsed
                                  } -> Parsed
                                } -> Parsed
                                parseExpressionAsMetatype {digit}* "9" {
                                  parseExpressionAsPattern [{digit}{digit}*] "9" {
                                    parseExpressionAsType {digit} "9" {
                                      parseExpressionAsPattern [[0123456789]] "9" {
                                        parseExpressionAsMetatype [0123456789] "9" {
                                        } -> Parsed
                                      } -> Parsed
                                    } -> Parsed
                                    parseExpressionAsMetatype {digit}* "" {
                                    } -> Parsed
                                  } -> Parsed
                                } -> Parsed
                              } -> Parsed
                            } -> Parsed
                          } -> Parsed
                        } -> Parsed
                      } -> Parsed
                    } -> Parsed
                    parseExpressionAsMetatype   "" {
                    } -> Parsed
                    parseExpressionAsMetatype   "" {
                    } -> Parsed
                    parseExpressionAsType {Number} "7..][200" {
                      parseExpressionAsPattern [{Integer}] "7..][200" {
                        parseExpressionAsType {Integer} "7..][200" {
                          parseExpressionAsPattern ["round" {Number}] "7..][200" {
                          } -> There do not exist any possible matches of "7..][200" on pattern ["round" {Number}]!
                          parseExpressionAsPattern [{Iterable} "." "length"] "7..][200" {
                          } -> There do not exist any possible matches of "7..][200" on pattern [{Iterable} "." "length"]!
                          parseExpressionAsPattern [{Integer} "+" {Integer}] "7..][200" {
                          } -> There do not exist any possible matches of "7..][200" on pattern [{Integer} "+" {Integer}]!
                          parseExpressionAsPattern [{Integer} "-" {Integer}] "7..][200" {
                          } -> There do not exist any possible matches of "7..][200" on pattern [{Integer} "-" {Integer}]!
                          parseExpressionAsPattern [{Integer} "*" {Integer}] "7..][200" {
                          } -> There do not exist any possible matches of "7..][200" on pattern [{Integer} "*" {Integer}]!
                          parseExpressionAsPattern [{Integer} "/" {Integer}] "7..][200" {
                          } -> There do not exist any possible matches of "7..][200" on pattern [{Integer} "/" {Integer}]!
                          parseExpressionAsPattern [{Integer} "^" {Integer}] "7..][200" {
                          } -> There do not exist any possible matches of "7..][200" on pattern [{Integer} "^" {Integer}]!
                          parseExpressionAsPattern ["-" {Integer}] "7..][200" {
                          } -> There do not exist any possible matches of "7..][200" on pattern ["-" {Integer}]!
                          parseExpressionAsPattern [{digit}+] "7..][200" {
                          } -> There do not exist any possible matches of "7..][200" on pattern [{digit}+]!
                          parseExpressionAsPattern ["(" {Integer} ")"] "7..][200" {
                          } -> There do not exist any possible matches of "7..][200" on pattern ["(" {Integer} ")"]!
                          parseExpressionAsPattern [{Dictionary<Integer>} "." {varName}] "7..][200" {
                          } -> There do not exist any possible matches of "7..][200" on pattern [{Dictionary<Integer>} "." {varName}]!
                          parseExpressionAsPattern [{Dictionary<Integer>} "[" ({String} | {Number}) "]"] "7..][200" {
                          } -> There do not exist any possible matches of "7..][200" on pattern [{Dictionary<Integer>} "[" ({String} | {Number}) "]"]!
                          parseExpressionAsPattern [{Iterable<Integer>} "[" {Integer} "]"] "7..][200" {
                          } -> There do not exist any possible matches of "7..][200" on pattern [{Iterable<Integer>} "[" {Integer} "]"]!
                        } -> "7..][200" did not match any pattern of type: Integer!
                      } -> All possible matches of "7..][200" on pattern [{Integer}] failed.
                      parseExpressionAsPattern [{Number} "+" {Number}] "7..][200" {
                      } -> There do not exist any possible matches of "7..][200" on pattern [{Number} "+" {Number}]!
                      parseExpressionAsPattern [{Number} "-" {Number}] "7..][200" {
                      } -> There do not exist any possible matches of "7..][200" on pattern [{Number} "-" {Number}]!
                      parseExpressionAsPattern [{Number} "*" {Number}] "7..][200" {
                      } -> There do not exist any possible matches of "7..][200" on pattern [{Number} "*" {Number}]!
                      parseExpressionAsPattern [{Number} "/" {Number}] "7..][200" {
                      } -> There do not exist any possible matches of "7..][200" on pattern [{Number} "/" {Number}]!
                      parseExpressionAsPattern [{Number} "^" {Number}] "7..][200" {
                      } -> There do not exist any possible matches of "7..][200" on pattern [{Number} "^" {Number}]!
                      parseExpressionAsPattern ["-" {Number}] "7..][200" {
                      } -> There do not exist any possible matches of "7..][200" on pattern ["-" {Number}]!
                      parseExpressionAsPattern [{numlit}] "7..][200" {
                      } -> There do not exist any possible matches of "7..][200" on pattern [{numlit}]!
                      parseExpressionAsPattern ["rand" {Tuple}] "7..][200" {
                      } -> There do not exist any possible matches of "7..][200" on pattern ["rand" {Tuple}]!
                      parseExpressionAsPattern ["$"] "7..][200" {
                      } -> There do not exist any possible matches of "7..][200" on pattern ["$"]!
                      parseExpressionAsPattern ["(" {Number} ")"] "7..][200" {
                      } -> There do not exist any possible matches of "7..][200" on pattern ["(" {Number} ")"]!
                      parseExpressionAsPattern [{Dictionary<Number>} "." {varName}] "7..][200" {
                      } -> There do not exist any possible matches of "7..][200" on pattern [{Dictionary<Number>} "." {varName}]!
                      parseExpressionAsPattern [{Dictionary<Number>} "[" ({String} | {Number}) "]"] "7..][200" {
                      } -> There do not exist any possible matches of "7..][200" on pattern [{Dictionary<Number>} "[" ({String} | {Number}) "]"]!
                      parseExpressionAsPattern [{Iterable<Number>} "[" {Integer} "]"] "7..][200" {
                      } -> There do not exist any possible matches of "7..][200" on pattern [{Iterable<Number>} "[" {Integer} "]"]!
                    } -> "7..][200" did not match any pattern of type: Number!
                  } -> All possible matches of "[69..7..][200]" on pattern ["[" {Number} ".." {Number} "]"] failed.
                  parseExpressionAsPattern ["[" {Number} ".." {Number} ".." "]"] "[69..7..][200]" {
                  } -> There do not exist any possible matches of "[69..7..][200]" on pattern ["[" {Number} ".." {Number} ".." "]"]!
                  parseExpressionAsPattern ["[" {Number} ".." {Number} ".." {Number} "]"] "[69..7..][200]" {
                  } -> There do not exist any possible matches of "[69..7..][200]" on pattern ["[" {Number} ".." {Number} ".." {Number} "]"]!
                  parseExpressionAsPattern ["(" {DiscreteRange} ")"] "[69..7..][200]" {
                  } -> There do not exist any possible matches of "[69..7..][200]" on pattern ["(" {DiscreteRange} ")"]!
                  parseExpressionAsPattern [{Dictionary<DiscreteRange>} "." {varName}] "[69..7..][200]" {
                  } -> There do not exist any possible matches of "[69..7..][200]" on pattern [{Dictionary<DiscreteRange>} "." {varName}]!
                  parseExpressionAsPattern [{Dictionary<DiscreteRange>} "[" ({String} | {Number}) "]"] "[69..7..][200]" {
                    parseExpressionAsType {Dictionary<DiscreteRange>} "[69..7..]" {
                      parseExpressionAsPattern [{dictlit<DiscreteRange>}] "[69..7..]" {
                      } -> There do not exist any possible matches of "[69..7..]" on pattern [{dictlit<DiscreteRange>}]!
                      parseExpressionAsPattern ["(" {Dictionary<DiscreteRange>} ")"] "[69..7..]" {
                      } -> There do not exist any possible matches of "[69..7..]" on pattern ["(" {Dictionary<DiscreteRange>} ")"]!
                      parseExpressionAsPattern [{Dictionary<Dictionary<DiscreteRange>>} "." {varName}] "[69..7..]" {
                      } -> There do not exist any possible matches of "[69..7..]" on pattern [{Dictionary<Dictionary<DiscreteRange>>} "." {varName}]!
                      parseExpressionAsPattern [{Dictionary<Dictionary<DiscreteRange>>} "[" ({String} | {Number}) "]"] "[69..7..]" {
                      } -> There do not exist any possible matches of "[69..7..]" on pattern [{Dictionary<Dictionary<DiscreteRange>>} "[" ({String} | {Number}) "]"]!
                      parseExpressionAsPattern [{Iterable<Dictionary<DiscreteRange>>} "[" {Integer} "]"] "[69..7..]" {
                      } -> There do not exist any possible matches of "[69..7..]" on pattern [{Iterable<Dictionary<DiscreteRange>>} "[" {Integer} "]"]!
                    } -> "[69..7..]" did not match any pattern of type: Dictionary<DiscreteRange>!
                  } -> All possible matches of "[69..7..][200]" on pattern [{Dictionary<DiscreteRange>} "[" ({String} | {Number}) "]"] failed.
                  parseExpressionAsPattern [{Iterable<DiscreteRange>} "[" {Integer} "]"] "[69..7..][200]" {
                    parseExpressionAsType {Iterable<DiscreteRange>} "[69..7..]" {

                    THIS IS WHERE IT IS DOING SOMETHING WEIRD !!!!!!!!!!!!
                      parseExpressionAsPattern [{DiscreteRange}] "[69..7..]" {
                        parseExpressionAsType {DiscreteRange} "[69..7..]" {
                          parseExpressionAsPattern ["[" {Number} ".." "]"] "[69..7..]" {
                            parseExpressionAsMetatype   "" {
                            } -> Parsed
                            parseExpressionAsType {Number} "69..7" {
                              parseExpressionAsPattern [{Integer}] "69..7" {
                                parseExpressionAsType {Integer} "69..7" {
                                  parseExpressionAsPattern ["round" {Number}] "69..7" {
                                  } -> There do not exist any possible matches of "69..7" on pattern ["round" {Number}]!
                                  parseExpressionAsPattern [{Iterable} "." "length"] "69..7" {
                                  } -> There do not exist any possible matches of "69..7" on pattern [{Iterable} "." "length"]!
                                  parseExpressionAsPattern [{Integer} "+" {Integer}] "69..7" {
                                  } -> There do not exist any possible matches of "69..7" on pattern [{Integer} "+" {Integer}]!
                                  parseExpressionAsPattern [{Integer} "-" {Integer}] "69..7" {
                                  } -> There do not exist any possible matches of "69..7" on pattern [{Integer} "-" {Integer}]!
                                  parseExpressionAsPattern [{Integer} "*" {Integer}] "69..7" {
                                  } -> There do not exist any possible matches of "69..7" on pattern [{Integer} "*" {Integer}]!
                                  parseExpressionAsPattern [{Integer} "/" {Integer}] "69..7" {
                                  } -> There do not exist any possible matches of "69..7" on pattern [{Integer} "/" {Integer}]!
                                  parseExpressionAsPattern [{Integer} "^" {Integer}] "69..7" {
                                  } -> There do not exist any possible matches of "69..7" on pattern [{Integer} "^" {Integer}]!
                                  parseExpressionAsPattern ["-" {Integer}] "69..7" {
                                  } -> There do not exist any possible matches of "69..7" on pattern ["-" {Integer}]!
                                  parseExpressionAsPattern [{digit}+] "69..7" {
                                  } -> There do not exist any possible matches of "69..7" on pattern [{digit}+]!
                                  parseExpressionAsPattern ["(" {Integer} ")"] "69..7" {
                                  } -> There do not exist any possible matches of "69..7" on pattern ["(" {Integer} ")"]!
                                  parseExpressionAsPattern [{Dictionary<Integer>} "." {varName}] "69..7" {
                                  } -> There do not exist any possible matches of "69..7" on pattern [{Dictionary<Integer>} "." {varName}]!
                                  parseExpressionAsPattern [{Dictionary<Integer>} "[" ({String} | {Number}) "]"] "69..7" {
                                  } -> There do not exist any possible matches of "69..7" on pattern [{Dictionary<Integer>} "[" ({String} | {Number}) "]"]!
                                  parseExpressionAsPattern [{Iterable<Integer>} "[" {Integer} "]"] "69..7" {
                                  } -> There do not exist any possible matches of "69..7" on pattern [{Iterable<Integer>} "[" {Integer} "]"]!
                                } -> "69..7" did not match any pattern of type: Integer!
                              } -> All possible matches of "69..7" on pattern [{Integer}] failed.
                              parseExpressionAsPattern [{Number} "+" {Number}] "69..7" {
                              } -> There do not exist any possible matches of "69..7" on pattern [{Number} "+" {Number}]!
                              parseExpressionAsPattern [{Number} "-" {Number}] "69..7" {
                              } -> There do not exist any possible matches of "69..7" on pattern [{Number} "-" {Number}]!
                              parseExpressionAsPattern [{Number} "*" {Number}] "69..7" {
                              } -> There do not exist any possible matches of "69..7" on pattern [{Number} "*" {Number}]!
                              parseExpressionAsPattern [{Number} "/" {Number}] "69..7" {
                              } -> There do not exist any possible matches of "69..7" on pattern [{Number} "/" {Number}]!
                              parseExpressionAsPattern [{Number} "^" {Number}] "69..7" {
                              } -> There do not exist any possible matches of "69..7" on pattern [{Number} "^" {Number}]!
                              parseExpressionAsPattern ["-" {Number}] "69..7" {
                              } -> There do not exist any possible matches of "69..7" on pattern ["-" {Number}]!
                              parseExpressionAsPattern [{numlit}] "69..7" {
                                parseExpressionAsType {numlit} "69..7" {
                                  parseExpressionAsPattern [{digit}+"."{endbit}??] "69..7" {
                                    parseExpressionAsMetatype {digit}+ "69" {
                                      parseExpressionAsPattern [{digit}{digit}*] "69" {
                                        parseExpressionAsType {digit} "6" {
                                          parseExpressionAsPattern [[0123456789]] "6" {
                                            parseExpressionAsMetatype [0123456789] "6" {
                                            } -> Parsed
                                          } -> Parsed
                                        } -> Parsed
                                        parseExpressionAsMetatype {digit}* "9" {
                                          parseExpressionAsPattern [{digit}{digit}*] "9" {
                                            parseExpressionAsType {digit} "9" {
                                              parseExpressionAsPattern [[0123456789]] "9" {
                                                parseExpressionAsMetatype [0123456789] "9" {
                                                } -> Parsed
                                              } -> Parsed
                                            } -> Parsed
                                            parseExpressionAsMetatype {digit}* "" {
                                            } -> Parsed
                                          } -> Parsed
                                        } -> Parsed
                                      } -> Parsed
                                    } -> Parsed
                                    parseExpressionAsMetatype "."{endbit}?? "..7" {
                                      parseExpressionAsPattern ["."{endbit}?"."{endbit}?{0, 0}] "..7" {
                                      } -> There do not exist any possible matches of "..7" on pattern ["."{endbit}?"."{endbit}?{0, 0}]!
                                    } -> There do not exist any possible matches of "..7" on pattern ["."{endbit}?"."{endbit}?{0, 0}]!
                                  } -> All possible matches of "69..7" on pattern [{digit}+"."{endbit}??] failed.
                                  parseExpressionAsPattern [{digit}*"."{digit}+{endbit}?] "69..7" {
                                  } -> There do not exist any possible matches of "69..7" on pattern [{digit}*"."{digit}+{endbit}?]!
                                } -> "69..7" did not match any pattern of type: numlit!
                              } -> All possible matches of "69..7" on pattern [{numlit}] failed.
                              parseExpressionAsPattern ["rand" {Tuple}] "69..7" {
                              } -> There do not exist any possible matches of "69..7" on pattern ["rand" {Tuple}]!
                              parseExpressionAsPattern ["$"] "69..7" {
                              } -> There do not exist any possible matches of "69..7" on pattern ["$"]!
                              parseExpressionAsPattern ["(" {Number} ")"] "69..7" {
                              } -> There do not exist any possible matches of "69..7" on pattern ["(" {Number} ")"]!
                              parseExpressionAsPattern [{Dictionary<Number>} "." {varName}] "69..7" {
                              } -> There do not exist any possible matches of "69..7" on pattern [{Dictionary<Number>} "." {varName}]!
                              parseExpressionAsPattern [{Dictionary<Number>} "[" ({String} | {Number}) "]"] "69..7" {
                              } -> There do not exist any possible matches of "69..7" on pattern [{Dictionary<Number>} "[" ({String} | {Number}) "]"]!
                              parseExpressionAsPattern [{Iterable<Number>} "[" {Integer} "]"] "69..7" {
                              } -> There do not exist any possible matches of "69..7" on pattern [{Iterable<Number>} "[" {Integer} "]"]!
                            } -> "69..7" did not match any pattern of type: Number!
                          } -> All possible matches of "[69..7..]" on pattern ["[" {Number} ".." "]"] failed.
                          parseExpressionAsPattern ["[" {Number} ".." {Number} "]"] "[69..7..]" {
                            parseExpressionAsMetatype   "" {
                            } -> Parsed
                            parseExpressionAsType {Number} "69" {
                              parseExpressionAsPattern [{Integer}] "69" {
                                parseExpressionAsType {Integer} "69" {
                                  parseExpressionAsPattern ["round" {Number}] "69" {
                                  } -> There do not exist any possible matches of "69" on pattern ["round" {Number}]!
                                  parseExpressionAsPattern [{Iterable} "." "length"] "69" {
                                  } -> There do not exist any possible matches of "69" on pattern [{Iterable} "." "length"]!
                                  parseExpressionAsPattern [{Integer} "+" {Integer}] "69" {
                                  } -> There do not exist any possible matches of "69" on pattern [{Integer} "+" {Integer}]!
                                  parseExpressionAsPattern [{Integer} "-" {Integer}] "69" {
                                  } -> There do not exist any possible matches of "69" on pattern [{Integer} "-" {Integer}]!
                                  parseExpressionAsPattern [{Integer} "*" {Integer}] "69" {
                                  } -> There do not exist any possible matches of "69" on pattern [{Integer} "*" {Integer}]!
                                  parseExpressionAsPattern [{Integer} "/" {Integer}] "69" {
                                  } -> There do not exist any possible matches of "69" on pattern [{Integer} "/" {Integer}]!
                                  parseExpressionAsPattern [{Integer} "^" {Integer}] "69" {
                                  } -> There do not exist any possible matches of "69" on pattern [{Integer} "^" {Integer}]!
                                  parseExpressionAsPattern ["-" {Integer}] "69" {
                                  } -> There do not exist any possible matches of "69" on pattern ["-" {Integer}]!
                                  parseExpressionAsPattern [{digit}+] "69" {
                                    parseExpressionAsMetatype {digit}+ "69" {
                                      parseExpressionAsPattern [{digit}{digit}*] "69" {
                                        parseExpressionAsType {digit} "6" {
                                          parseExpressionAsPattern [[0123456789]] "6" {
                                            parseExpressionAsMetatype [0123456789] "6" {
                                            } -> Parsed
                                          } -> Parsed
                                        } -> Parsed
                                        parseExpressionAsMetatype {digit}* "9" {
                                          parseExpressionAsPattern [{digit}{digit}*] "9" {
                                            parseExpressionAsType {digit} "9" {
                                              parseExpressionAsPattern [[0123456789]] "9" {
                                                parseExpressionAsMetatype [0123456789] "9" {
                                                } -> Parsed
                                              } -> Parsed
                                            } -> Parsed
                                            parseExpressionAsMetatype {digit}* "" {
                                            } -> Parsed
                                          } -> Parsed
                                        } -> Parsed
                                      } -> Parsed
                                    } -> Parsed
                                  } -> Parsed
                                } -> Parsed
                              } -> Parsed
                            } -> Parsed
                            parseExpressionAsMetatype   "" {
                            } -> Parsed
                            parseExpressionAsMetatype   "" {
                            } -> Parsed
                            parseExpressionAsType {Number} "7.." {
                              parseExpressionAsPattern [{Integer}] "7.." {
                                parseExpressionAsType {Integer} "7.." {
                                  parseExpressionAsPattern ["round" {Number}] "7.." {
                                  } -> There do not exist any possible matches of "7.." on pattern ["round" {Number}]!
                                  parseExpressionAsPattern [{Iterable} "." "length"] "7.." {
                                  } -> There do not exist any possible matches of "7.." on pattern [{Iterable} "." "length"]!
                                  parseExpressionAsPattern [{Integer} "+" {Integer}] "7.." {
                                  } -> There do not exist any possible matches of "7.." on pattern [{Integer} "+" {Integer}]!
                                  parseExpressionAsPattern [{Integer} "-" {Integer}] "7.." {
                                  } -> There do not exist any possible matches of "7.." on pattern [{Integer} "-" {Integer}]!
                                  parseExpressionAsPattern [{Integer} "*" {Integer}] "7.." {
                                  } -> There do not exist any possible matches of "7.." on pattern [{Integer} "*" {Integer}]!
                                  parseExpressionAsPattern [{Integer} "/" {Integer}] "7.." {
                                  } -> There do not exist any possible matches of "7.." on pattern [{Integer} "/" {Integer}]!
                                  parseExpressionAsPattern [{Integer} "^" {Integer}] "7.." {
                                  } -> There do not exist any possible matches of "7.." on pattern [{Integer} "^" {Integer}]!
                                  parseExpressionAsPattern ["-" {Integer}] "7.." {
                                  } -> There do not exist any possible matches of "7.." on pattern ["-" {Integer}]!
                                  parseExpressionAsPattern [{digit}+] "7.." {
                                  } -> There do not exist any possible matches of "7.." on pattern [{digit}+]!
                                  parseExpressionAsPattern ["(" {Integer} ")"] "7.." {
                                  } -> There do not exist any possible matches of "7.." on pattern ["(" {Integer} ")"]!
                                  parseExpressionAsPattern [{Dictionary<Integer>} "." {varName}] "7.." {
                                  } -> There do not exist any possible matches of "7.." on pattern [{Dictionary<Integer>} "." {varName}]!
                                  parseExpressionAsPattern [{Dictionary<Integer>} "[" ({String} | {Number}) "]"] "7.." {
                                  } -> There do not exist any possible matches of "7.." on pattern [{Dictionary<Integer>} "[" ({String} | {Number}) "]"]!
                                  parseExpressionAsPattern [{Iterable<Integer>} "[" {Integer} "]"] "7.." {
                                  } -> There do not exist any possible matches of "7.." on pattern [{Iterable<Integer>} "[" {Integer} "]"]!
                                } -> "7.." did not match any pattern of type: Integer!
                              } -> All possible matches of "7.." on pattern [{Integer}] failed.
                              parseExpressionAsPattern [{Number} "+" {Number}] "7.." {
                              } -> There do not exist any possible matches of "7.." on pattern [{Number} "+" {Number}]!
                              parseExpressionAsPattern [{Number} "-" {Number}] "7.." {
                              } -> There do not exist any possible matches of "7.." on pattern [{Number} "-" {Number}]!
                              parseExpressionAsPattern [{Number} "*" {Number}] "7.." {
                              } -> There do not exist any possible matches of "7.." on pattern [{Number} "*" {Number}]!
                              parseExpressionAsPattern [{Number} "/" {Number}] "7.." {
                              } -> There do not exist any possible matches of "7.." on pattern [{Number} "/" {Number}]!
                              parseExpressionAsPattern [{Number} "^" {Number}] "7.." {
                              } -> There do not exist any possible matches of "7.." on pattern [{Number} "^" {Number}]!
                              parseExpressionAsPattern ["-" {Number}] "7.." {
                              } -> There do not exist any possible matches of "7.." on pattern ["-" {Number}]!
                              parseExpressionAsPattern [{numlit}] "7.." {
                                parseExpressionAsType {numlit} "7.." {
                                  parseExpressionAsPattern [{digit}+"."{endbit}??] "7.." {
                                    parseExpressionAsMetatype {digit}+ "7" {
                                      parseExpressionAsPattern [{digit}{digit}*] "7" {
                                        parseExpressionAsType {digit} "7" {
                                          parseExpressionAsPattern [[0123456789]] "7" {
                                            parseExpressionAsMetatype [0123456789] "7" {
                                            } -> Parsed
                                          } -> Parsed
                                        } -> Parsed
                                        parseExpressionAsMetatype {digit}* "" {
                                        } -> Parsed
                                      } -> Parsed
                                    } -> Parsed
                                    parseExpressionAsMetatype "."{endbit}?? ".." {
                                      parseExpressionAsPattern ["."{endbit}?"."{endbit}?{0, 0}] ".." {
                                      } -> There do not exist any possible matches of ".." on pattern ["."{endbit}?"."{endbit}?{0, 0}]!
                                    } -> There do not exist any possible matches of ".." on pattern ["."{endbit}?"."{endbit}?{0, 0}]!
                                  } -> All possible matches of "7.." on pattern [{digit}+"."{endbit}??] failed.
                                  parseExpressionAsPattern [{digit}*"."{digit}+{endbit}?] "7.." {
                                  } -> There do not exist any possible matches of "7.." on pattern [{digit}*"."{digit}+{endbit}?]!
                                } -> "7.." did not match any pattern of type: numlit!
                              } -> All possible matches of "7.." on pattern [{numlit}] failed.
                              parseExpressionAsPattern ["rand" {Tuple}] "7.." {
                              } -> There do not exist any possible matches of "7.." on pattern ["rand" {Tuple}]!
                              parseExpressionAsPattern ["$"] "7.." {
                              } -> There do not exist any possible matches of "7.." on pattern ["$"]!
                              parseExpressionAsPattern ["(" {Number} ")"] "7.." {
                              } -> There do not exist any possible matches of "7.." on pattern ["(" {Number} ")"]!
                              parseExpressionAsPattern [{Dictionary<Number>} "." {varName}] "7.." {
                              } -> There do not exist any possible matches of "7.." on pattern [{Dictionary<Number>} "." {varName}]!
                              parseExpressionAsPattern [{Dictionary<Number>} "[" ({String} | {Number}) "]"] "7.." {
                              } -> There do not exist any possible matches of "7.." on pattern [{Dictionary<Number>} "[" ({String} | {Number}) "]"]!
                              parseExpressionAsPattern [{Iterable<Number>} "[" {Integer} "]"] "7.." {
                              } -> There do not exist any possible matches of "7.." on pattern [{Iterable<Number>} "[" {Integer} "]"]!
                            } -> "7.." did not match any pattern of type: Number!
                          } -> All possible matches of "[69..7..]" on pattern ["[" {Number} ".." {Number} "]"] failed.
                          parseExpressionAsPattern ["[" {Number} ".." {Number} ".." "]"] "[69..7..]" {
                            parseExpressionAsMetatype   "" {
                            } -> Parsed
                            parseExpressionAsType {Number} "69" {
                              parseExpressionAsPattern [{Integer}] "69" {
                                parseExpressionAsType {Integer} "69" {
                                  parseExpressionAsPattern ["round" {Number}] "69" {
                                  } -> There do not exist any possible matches of "69" on pattern ["round" {Number}]!
                                  parseExpressionAsPattern [{Iterable} "." "length"] "69" {
                                  } -> There do not exist any possible matches of "69" on pattern [{Iterable} "." "length"]!
                                  parseExpressionAsPattern [{Integer} "+" {Integer}] "69" {
                                  } -> There do not exist any possible matches of "69" on pattern [{Integer} "+" {Integer}]!
                                  parseExpressionAsPattern [{Integer} "-" {Integer}] "69" {
                                  } -> There do not exist any possible matches of "69" on pattern [{Integer} "-" {Integer}]!
                                  parseExpressionAsPattern [{Integer} "*" {Integer}] "69" {
                                  } -> There do not exist any possible matches of "69" on pattern [{Integer} "*" {Integer}]!
                                  parseExpressionAsPattern [{Integer} "/" {Integer}] "69" {
                                  } -> There do not exist any possible matches of "69" on pattern [{Integer} "/" {Integer}]!
                                  parseExpressionAsPattern [{Integer} "^" {Integer}] "69" {
                                  } -> There do not exist any possible matches of "69" on pattern [{Integer} "^" {Integer}]!
                                  parseExpressionAsPattern ["-" {Integer}] "69" {
                                  } -> There do not exist any possible matches of "69" on pattern ["-" {Integer}]!
                                  parseExpressionAsPattern [{digit}+] "69" {
                                    parseExpressionAsMetatype {digit}+ "69" {
                                      parseExpressionAsPattern [{digit}{digit}*] "69" {
                                        parseExpressionAsType {digit} "6" {
                                          parseExpressionAsPattern [[0123456789]] "6" {
                                            parseExpressionAsMetatype [0123456789] "6" {
                                            } -> Parsed
                                          } -> Parsed
                                        } -> Parsed
                                        parseExpressionAsMetatype {digit}* "9" {
                                          parseExpressionAsPattern [{digit}{digit}*] "9" {
                                            parseExpressionAsType {digit} "9" {
                                              parseExpressionAsPattern [[0123456789]] "9" {
                                                parseExpressionAsMetatype [0123456789] "9" {
                                                } -> Parsed
                                              } -> Parsed
                                            } -> Parsed
                                            parseExpressionAsMetatype {digit}* "" {
                                            } -> Parsed
                                          } -> Parsed
                                        } -> Parsed
                                      } -> Parsed
                                    } -> Parsed
                                  } -> Parsed
                                } -> Parsed
                              } -> Parsed
                            } -> Parsed
                            parseExpressionAsMetatype   "" {
                            } -> Parsed
                            parseExpressionAsMetatype   "" {
                            } -> Parsed
                            parseExpressionAsType {Number} "7" {
                              parseExpressionAsPattern [{Integer}] "7" {
                                parseExpressionAsType {Integer} "7" {
                                  parseExpressionAsPattern ["round" {Number}] "7" {
                                  } -> There do not exist any possible matches of "7" on pattern ["round" {Number}]!
                                  parseExpressionAsPattern [{Iterable} "." "length"] "7" {
                                  } -> There do not exist any possible matches of "7" on pattern [{Iterable} "." "length"]!
                                  parseExpressionAsPattern [{Integer} "+" {Integer}] "7" {
                                  } -> There do not exist any possible matches of "7" on pattern [{Integer} "+" {Integer}]!
                                  parseExpressionAsPattern [{Integer} "-" {Integer}] "7" {
                                  } -> There do not exist any possible matches of "7" on pattern [{Integer} "-" {Integer}]!
                                  parseExpressionAsPattern [{Integer} "*" {Integer}] "7" {
                                  } -> There do not exist any possible matches of "7" on pattern [{Integer} "*" {Integer}]!
                                  parseExpressionAsPattern [{Integer} "/" {Integer}] "7" {
                                  } -> There do not exist any possible matches of "7" on pattern [{Integer} "/" {Integer}]!
                                  parseExpressionAsPattern [{Integer} "^" {Integer}] "7" {
                                  } -> There do not exist any possible matches of "7" on pattern [{Integer} "^" {Integer}]!
                                  parseExpressionAsPattern ["-" {Integer}] "7" {
                                  } -> There do not exist any possible matches of "7" on pattern ["-" {Integer}]!
                                  parseExpressionAsPattern [{digit}+] "7" {
                                    parseExpressionAsMetatype {digit}+ "7" {
                                      parseExpressionAsPattern [{digit}{digit}*] "7" {
                                        parseExpressionAsType {digit} "7" {
                                          parseExpressionAsPattern [[0123456789]] "7" {
                                            parseExpressionAsMetatype [0123456789] "7" {
                                            } -> Parsed
                                          } -> Parsed
                                        } -> Parsed
                                        parseExpressionAsMetatype {digit}* "" {
                                        } -> Parsed
                                      } -> Parsed
                                    } -> Parsed
                                  } -> Parsed
                                } -> Parsed
                              } -> Parsed
                            } -> Parsed
                            parseExpressionAsMetatype   "" {
                            } -> Parsed
                            parseExpressionAsMetatype   "" {
                            } -> Parsed
                          } -> Parsed
                        } -> Parsed
                      } -> Parsed
                    } -> Parsed
                    parseExpressionAsMetatype   "" {
                    } -> Parsed
                    parseExpressionAsMetatype   "" {
                    } -> Parsed
                    parseExpressionAsType {Integer} "200" {
                      parseExpressionAsPattern ["round" {Number}] "200" {
                      } -> There do not exist any possible matches of "200" on pattern ["round" {Number}]!
                      parseExpressionAsPattern [{Iterable} "." "length"] "200" {
                      } -> There do not exist any possible matches of "200" on pattern [{Iterable} "." "length"]!
                      parseExpressionAsPattern [{Integer} "+" {Integer}] "200" {
                      } -> There do not exist any possible matches of "200" on pattern [{Integer} "+" {Integer}]!
                      parseExpressionAsPattern [{Integer} "-" {Integer}] "200" {
                      } -> There do not exist any possible matches of "200" on pattern [{Integer} "-" {Integer}]!
                      parseExpressionAsPattern [{Integer} "*" {Integer}] "200" {
                      } -> There do not exist any possible matches of "200" on pattern [{Integer} "*" {Integer}]!
                      parseExpressionAsPattern [{Integer} "/" {Integer}] "200" {
                      } -> There do not exist any possible matches of "200" on pattern [{Integer} "/" {Integer}]!
                      parseExpressionAsPattern [{Integer} "^" {Integer}] "200" {
                      } -> There do not exist any possible matches of "200" on pattern [{Integer} "^" {Integer}]!
                      parseExpressionAsPattern ["-" {Integer}] "200" {
                      } -> There do not exist any possible matches of "200" on pattern ["-" {Integer}]!
                      parseExpressionAsPattern [{digit}+] "200" {
                        parseExpressionAsMetatype {digit}+ "200" {
                          parseExpressionAsPattern [{digit}{digit}*] "200" {
                            parseExpressionAsType {digit} "2" {
                              parseExpressionAsPattern [[0123456789]] "2" {
                                parseExpressionAsMetatype [0123456789] "2" {
                                } -> Parsed
                              } -> Parsed
                            } -> Parsed
                            parseExpressionAsMetatype {digit}* "00" {
                              parseExpressionAsPattern [{digit}{digit}*] "00" {
                                parseExpressionAsType {digit} "0" {
                                  parseExpressionAsPattern [[0123456789]] "0" {
                                    parseExpressionAsMetatype [0123456789] "0" {
                                    } -> Parsed
                                  } -> Parsed
                                } -> Parsed
                                parseExpressionAsMetatype {digit}* "0" {
                                  parseExpressionAsPattern [{digit}{digit}*] "0" {
                                    parseExpressionAsType {digit} "0" {
                                      parseExpressionAsPattern [[0123456789]] "0" {
                                        parseExpressionAsMetatype [0123456789] "0" {
                                        } -> Parsed
                                      } -> Parsed
                                    } -> Parsed
                                    parseExpressionAsMetatype {digit}* "" {
                                    } -> Parsed
                                  } -> Parsed
                                } -> Parsed
                              } -> Parsed
                            } -> Parsed
                          } -> Parsed
                        } -> Parsed
                      } -> Parsed
                    } -> Parsed
                    parseExpressionAsMetatype   "" {
                    } -> Parsed
                  } -> Parsed
                } -> Parsed
              } -> Parsed
            } -> Parsed
          } -> Parsed
        } -> Parsed
      } -> Parsed
    } -> Parsed
  } -> Parsed
} -> Parsed
Evaluating discrete range { start: 69, step: 7 }
Creating iterator from discrete range { start: 69, step: 7 }
GET INDEX 200
Evaluating discrete range 1469
Creating iterator from discrete range 1469
